DOGE|C|feas trades/day 3.99 occ 0.48
DOGE|B|feas trades/day 3.99 occ 0.48
DOGE|A|feas trades/day 3.99 occ 0.43
N01_ST_EMA|A|feas trades/day 5.43 occ 0.58
N01_ST_EMA|B|feas trades/day 5.24 occ 0.64
N01_ST_EMA|C|feas trades/day 5.24 occ 0.64
N02_ST_KST|A|feas trades/day 5.99 occ 0.62
N02_ST_KST|B|feas trades/day 5.80 occ 0.69
N03_ADX_GC|A|feas trades/day 0.72 occ 0.08
N02_ST_KST|C|feas trades/day 5.80 occ 0.69
N03_ADX_GC|B|feas trades/day 0.81 occ 0.10
N03_ADX_GC|C|feas trades/day 0.81 occ 0.10
N04_ST_KLINGER|C|feas trades/day 8.38 occ 0.91
N04_ST_KLINGER|B|feas trades/day 8.38 occ 0.91
N04_ST_KLINGER|A|feas trades/day 8.81 occ 0.89
N05_PSAR_POC|A|feas trades/day 3.00 occ 0.36
N05_PSAR_POC|B|feas trades/day 3.05 occ 0.40
N05_PSAR_POC|C|feas trades/day 3.05 occ 0.40
N06_MACD_ORB|A|feas trades/day 2.69 occ 0.28
N06_MACD_ORB|B|feas trades/day 2.92 occ 0.38
N06_MACD_ORB|C|feas trades/day 2.92 occ 0.38
N07_ICHI_CMO|A|feas trades/day 3.96 occ 0.44
N07_ICHI_CMO|B|feas trades/day 4.01 occ 0.50
N07_ICHI_CMO|C|feas trades/day 4.01 occ 0.50
N08_ICHI_WR|A|feas trades/day 1.14 occ 0.13
N08_ICHI_WR|B|feas trades/day 1.25 occ 0.16
N08_ICHI_WR|C|feas trades/day 1.25 occ 0.16
N09_ALLIG_AROON|A|feas trades/day 4.57 occ 0.47
N09_ALLIG_AROON|B|feas trades/day 4.59 occ 0.55
N09_ALLIG_AROON|C|feas trades/day 4.59 occ 0.55
N10_HA_PSAR|A|feas trades/day 6.93 occ 0.75
N10_HA_PSAR|B|feas trades/day 6.52 occ 0.80
N10_HA_PSAR|C|feas trades/day 6.52 occ 0.80
N11_BREAKAWAY|A|feas trades/day 0.39 occ 0.04
N11_BREAKAWAY|B|feas trades/day 0.44 occ 0.05
N11_BREAKAWAY|C|feas trades/day 0.44 occ 0.05
N12_ICHI_AO|A|feas trades/day 4.44 occ 0.47
N12_ICHI_AO|B|feas trades/day 4.46 occ 0.55
N12_ICHI_AO|C|feas trades/day 4.46 occ 0.55
N13_3OUTSIDE|A|feas trades/day 3.95 occ 0.45
N13_3OUTSIDE|B|feas trades/day 4.00 occ 0.51
N13_3OUTSIDE|C|feas trades/day 4.00 occ 0.51
N14_ICHI_RSI|A|feas trades/day 0.00 occ 0.00
N14_ICHI_RSI|B|feas trades/day 0.00 occ 0.00
N14_ICHI_RSI|C|feas trades/day 0.00 occ 0.00
N15_KC_AO|A|feas trades/day 0.06 occ 0.01
N15_KC_AO|B|feas trades/day 0.07 occ 0.01
N15_KC_AO|C|feas trades/day 0.07 occ 0.01
N16_BBRSI|A|feas trades/day 4.17 occ 0.47
N16_BBRSI|B|feas trades/day 4.17 occ 0.53
N16_BBRSI|C|feas trades/day 4.17 occ 0.53
N17_KC_RSI|C|feas trades/day 7.41 occ 0.69
N17_KC_RSI|A|feas trades/day 7.54 occ 0.62
N17_KC_RSI|B|feas trades/day 7.41 occ 0.69
N18_VWMA_MACD|C|feas trades/day 7.03 occ 0.81
N18_VWMA_MACD|B|feas trades/day 7.03 occ 0.81
N18_VWMA_MACD|A|feas trades/day 7.43 occ 0.74
N19_FIB_CHOP|A|feas trades/day 2.86 occ 0.29
N19_FIB_CHOP|B|feas trades/day 2.99 occ 0.34
N19_FIB_CHOP|C|feas trades/day 2.99 occ 0.34
N20_EMA9_CHOP|A|feas trades/day 5.09 occ 0.54
N20_EMA9_CHOP|B|feas trades/day 4.91 occ 0.59
N20_EMA9_CHOP|C|feas trades/day 4.91 occ 0.59
N21_ST_RSI_ADX|A|feas trades/day 0.00 occ 0.00
N21_ST_RSI_ADX|B|feas trades/day 0.00 occ 0.00
N21_ST_RSI_ADX|C|feas trades/day 0.00 occ 0.00
N22_VORTEX_PSAR|C|feas trades/day 7.00 occ 0.85
N22_VORTEX_PSAR|B|feas trades/day 7.00 occ 0.85
N22_VORTEX_PSAR|A|feas trades/day 7.39 occ 0.80
N23_HA_ST|B|feas trades/day 7.95 occ 0.91
N23_HA_ST|A|feas trades/day 8.37 occ 0.89
N23_HA_ST|C|feas trades/day 7.95 occ 0.91
N24_DMI|A|feas trades/day 5.99 occ 0.64
N24_DMI|B|feas trades/day 5.70 occ 0.70
N24_DMI|C|feas trades/day 5.70 occ 0.70
N25_DST_CCI|B|feas trades/day 5.84 occ 0.72
N25_DST_CCI|A|feas trades/day 6.07 occ 0.68
N25_DST_CCI|C|feas trades/day 5.84 occ 0.72
OBV_B|B|feas trades/day 6.00 occ 0.76
OBV_B|C|feas trades/day 6.00 occ 0.76
OBV_B|A|feas trades/day 6.29 occ 0.70
OBV_S|A|feas trades/day 3.70 occ 0.40
S1_EMA_RSI_CHOP|A|feas trades/day 0.09 occ 0.01
OBV_S|C|feas trades/day 3.77 occ 0.46
OBV_S|B|feas trades/day 3.77 occ 0.46
S1_EMA_RSI_CHOP|C|feas trades/day 0.11 occ 0.01
S1_EMA_RSI_CHOP|B|feas trades/day 0.11 occ 0.01
S2_ST_ROC|A|feas trades/day 7.78 occ 0.83
S2_ST_ROC|C|feas trades/day 7.35 occ 0.86
S2_ST_ROC|B|feas trades/day 7.35 occ 0.86
S3_CMO_SANDWICH|A|feas trades/day 2.93 occ 0.34
S3_CMO_SANDWICH|C|feas trades/day 3.02 occ 0.39
S3_CMO_SANDWICH|B|feas trades/day 3.02 occ 0.39
S4_BB_BBP|A|feas trades/day 5.85 occ 0.55
S4_BB_BBP|B|feas trades/day 5.79 occ 0.63
S4_BB_BBP|C|feas trades/day 5.79 occ 0.63
S5_DONCHIAN_MFI|A|feas trades/day 0.95 occ 0.09
S5_DONCHIAN_MFI|B|feas trades/day 1.06 occ 0.12
S5_DONCHIAN_MFI|C|feas trades/day 1.06 occ 0.12
S6_EMA_DMI_ADX|A|feas trades/day 3.03 occ 0.32
S6_EMA_DMI_ADX|B|feas trades/day 3.15 occ 0.39
S6_EMA_DMI_ADX|C|feas trades/day 3.15 occ 0.39
V39_ALL|A|feas trades/day 5.49 occ 0.64
V39_ALL|B|feas trades/day 5.28 occ 0.69
V39_ALL|C|feas trades/day 5.28 occ 0.69
V45_AMB|A|feas trades/day 3.02 occ 0.36
V45_AMB|B|feas trades/day 3.14 occ 0.43
V45_AMB|C|feas trades/day 3.14 occ 0.43
DOGE|B|all trades/day 4.23 occ 0.51
N03_ADX_GC|B|all trades/day 0.86 occ 0.11
N01_ST_EMA|B|all trades/day 5.23 occ 0.68
N02_ST_KST|B|all trades/day 5.86 occ 0.73
N05_PSAR_POC|B|all trades/day 3.15 occ 0.44
N06_MACD_ORB|B|all trades/day 3.09 occ 0.44
N08_ICHI_WR|B|all trades/day 1.33 occ 0.17
N07_ICHI_CMO|B|all trades/day 4.11 occ 0.54
N09_ALLIG_AROON|B|all trades/day 4.74 occ 0.59
N11_BREAKAWAY|B|all trades/day 0.50 occ 0.06
N10_HA_PSAR|B|all trades/day 6.62 occ 0.83
N12_ICHI_AO|B|all trades/day 4.61 occ 0.58
N14_ICHI_RSI|B|all trades/day 0.00 occ 0.00
N15_KC_AO|B|all trades/day 0.08 occ 0.01
N04_ST_KLINGER|B|all trades/day 8.49 occ 0.93
N13_3OUTSIDE|B|all trades/day 4.18 occ 0.55
N16_BBRSI|B|all trades/day 4.39 occ 0.58
N19_FIB_CHOP|B|all trades/day 3.20 occ 0.40
N20_EMA9_CHOP|B|all trades/day 4.86 occ 0.63
N21_ST_RSI_ADX|B|all trades/day 0.00 occ 0.00
N18_VWMA_MACD|B|all trades/day 7.05 occ 0.86
N17_KC_RSI|B|all trades/day 7.69 occ 0.76
N22_VORTEX_PSAR|B|all trades/day 6.93 occ 0.87
N24_DMI|B|all trades/day 5.70 occ 0.75
OBV_B|B|all trades/day 6.04 occ 0.80
N25_DST_CCI|B|all trades/day 5.91 occ 0.75
N23_HA_ST|B|all trades/day 8.13 occ 0.92
S1_EMA_RSI_CHOP|B|all trades/day 0.13 occ 0.01
OBV_S|B|all trades/day 3.90 occ 0.50
S3_CMO_SANDWICH|B|all trades/day 3.13 occ 0.43
S5_DONCHIAN_MFI|B|all trades/day 1.14 occ 0.13
S6_EMA_DMI_ADX|B|all trades/day 3.40 occ 0.44
S4_BB_BBP|B|all trades/day 5.74 occ 0.69
V45_AMB|B|all trades/day 3.33 occ 0.46
S2_ST_ROC|B|all trades/day 7.37 occ 0.89
V39_ALL|B|all trades/day 5.33 occ 0.73
