 tf  edge_pct      combo  p_dd20_30d  p_dd20_90d  p_dd20_1y  median_days_to_dd20  median_equity_when_fired
 5m         0    P0|B|10       0.839           1          1                   21                     0.796
 5m         0    P3|A|10       0.999           1          1                    6                     0.783
 5m         0    P3|C|10       0.999           1          1                    6                     0.784
 5m         0    P4|A|10           1           1          1                    1                     0.617
 5m         0    P5|A|10           1           1          1                    2                     0.677
 5m         0  P6|B|none       0.989           1          1                   12                     0.793
 5m         0 P6h|B|none       0.708           1          1                   26                     0.796
 5m       0.1    P0|B|10       0.415       0.975          1                   34                       0.8
 5m       0.1    P3|A|10       0.975           1          1                    8                     0.801
 5m       0.1    P3|C|10       0.976           1          1                    8                     0.804
 5m       0.1    P4|A|10           1           1          1                    2                      0.65
 5m       0.1    P5|A|10           1           1          1                    2                     0.711
 5m       0.1  P6|B|none       0.852           1          1                   18                     0.798
 5m       0.1 P6h|B|none       0.244       0.974          1                 40.5                     0.799
 5m       0.2    P0|B|10      0.0887       0.588      0.993                   76                     0.872
 5m       0.2    P3|A|10       0.838       0.997          1                   13                      0.92
 5m       0.2    P3|C|10         0.8       0.996          1                   15                     0.939
 5m       0.2    P4|A|10           1           1          1                    2                     0.706
 5m       0.2    P5|A|10           1           1          1                    2                     0.755
 5m       0.2  P6|B|none       0.468       0.937          1                   32                     0.833
 5m       0.2 P6h|B|none      0.0283       0.539      0.995                   85                     0.824
15m         0    P0|B|10       0.462       0.979          1                   32                     0.805
15m         0    P3|A|10       0.977           1          1                    8                     0.799
15m         0    P3|C|10       0.974           1          1                    8                     0.802
15m         0    P4|A|10           1           1          1                    2                     0.645
15m         0    P5|A|10           1           1          1                    3                     0.754
15m         0  P6|B|none       0.461       0.983          1                   32                     0.802
15m         0 P6h|B|none     0.00425       0.722          1                   71                     0.802
15m       0.1    P0|B|10       0.295       0.884          1                   42                     0.824
15m       0.1    P3|A|10       0.949           1          1                    9                     0.821
15m       0.1    P3|C|10       0.938           1          1                   10                     0.825
15m       0.1    P4|A|10           1           1          1                    2                     0.646
15m       0.1    P5|A|10           1           1          1                    3                     0.766
15m       0.1  P6|B|none       0.274       0.894          1                   43                     0.815
15m       0.1 P6h|B|none           0       0.381      0.995                  104                     0.809
15m       0.2    P0|B|10       0.152       0.675      0.996                   63                     0.876
15m       0.2    P3|A|10       0.904       0.999          1                   11                     0.859
15m       0.2    P3|C|10       0.879       0.999          1                   12                     0.866
15m       0.2    P4|A|10           1           1          1                    2                     0.677
15m       0.2    P5|A|10           1           1          1                    3                     0.781
15m       0.2  P6|B|none        0.13        0.68      0.998                   64                     0.849
15m       0.2 P6h|B|none           0       0.122      0.865                  185                      0.83
 1h         0    P0|B|10        0.22       0.779          1                   53                     0.843
 1h         0    P3|A|10        0.91       0.999          1                   10                     0.847
 1h         0    P3|C|10       0.791       0.993          1                   16                     0.834
 1h         0    P4|A|10           1           1          1                    3                     0.673
 1h         0    P5|A|10       0.977           1          1                    6                     0.831
 1h         0  P6|B|none     0.00075       0.229      0.949                  139                     0.827
 1h         0 P6h|B|none           0      0.0005      0.531                  351                      0.81
 1h       0.1    P0|B|10        0.19       0.717      0.998                   60                      0.86
 1h       0.1    P3|A|10       0.901       0.999          1                   10                      0.85
 1h       0.1    P3|C|10       0.762        0.99          1                   17                     0.842
 1h       0.1    P4|A|10       0.999           1          1                    3                     0.675
 1h       0.1    P5|A|10       0.972           1          1                    6                     0.835
 1h       0.1  P6|B|none     0.00025       0.159      0.873                  171                     0.838
 1h       0.1 P6h|B|none           0           0      0.329                  NaN                     0.814
 1h       0.2    P0|B|10       0.153       0.642      0.994                   68                     0.888
 1h       0.2    P3|A|10       0.883       0.999          1                   11                     0.863
 1h       0.2    P3|C|10       0.738       0.987          1                   18                     0.851
 1h       0.2    P4|A|10       0.999           1          1                    4                     0.676
 1h       0.2    P5|A|10       0.965           1          1                    7                     0.843
 1h       0.2  P6|B|none           0       0.104      0.758                  218                      0.85
 1h       0.2 P6h|B|none           0           0      0.175                  NaN                     0.815
 4h         0    P0|B|10       0.048       0.417       0.96                  108                     0.848
 4h         0    P3|A|10       0.575       0.925          1                   25                     0.858
 4h         0    P3|C|10       0.317         0.8          1                   45                     0.844
 4h         0    P4|A|10       0.901       0.998          1                   10                     0.674
 4h         0    P5|A|10       0.586       0.931          1                 24.5                     0.855
 4h         0  P6|B|none           0           0     0.0877                  NaN                     0.804
 4h         0 P6h|B|none           0           0          0                  NaN                       NaN
 4h       0.1    P0|B|10      0.0408       0.357      0.934                  125                     0.863
 4h       0.1    P3|A|10       0.561       0.916          1                   26                     0.868
 4h       0.1    P3|C|10       0.296       0.771      0.999                   48                      0.85
 4h       0.1    P4|A|10       0.896       0.998          1                   10                     0.675
 4h       0.1    P5|A|10       0.572       0.922          1                   25                     0.868
 4h       0.1  P6|B|none           0           0       0.04                  NaN                     0.805
 4h       0.1 P6h|B|none           0           0          0                  NaN                       NaN
 4h       0.2    P0|B|10      0.0333       0.288      0.889                  147                     0.884
 4h       0.2    P3|A|10       0.548       0.906          1                   27                     0.871
 4h       0.2    P3|C|10       0.281       0.746      0.998                   52                      0.86
 4h       0.2    P4|A|10       0.892       0.997          1                   10                     0.675
 4h       0.2    P5|A|10       0.558       0.912          1                   26                      0.87
 4h       0.2  P6|B|none           0           0     0.0158                  NaN                     0.806
 4h       0.2 P6h|B|none           0           0          0                  NaN                       NaN
 1d         0    P0|B|10        0.11       0.506      0.976                   90                     0.868
 1d         0    P3|A|10       0.511       0.885          1                   30                     0.881
 1d         0    P3|C|10       0.158       0.628      0.993                   71                     0.817
 1d         0    P4|A|10       0.791       0.993          1                   14                     0.632
 1d         0    P5|A|10       0.511       0.885          1                   30                     0.881
 1d         0  P6|B|none           0           0          0                  NaN                       NaN
 1d         0 P6h|B|none           0           0          0                  NaN                       NaN
 1d       0.1    P0|B|10       0.105       0.482       0.97                   94                     0.873
 1d       0.1    P3|A|10       0.507       0.882          1                   30                     0.881
 1d       0.1    P3|C|10       0.157       0.623      0.992                   71                     0.817
 1d       0.1    P4|A|10        0.79       0.993          1                   14                     0.632
 1d       0.1    P5|A|10       0.507       0.882          1                   30                     0.881
 1d       0.1  P6|B|none           0           0          0                  NaN                       NaN
 1d       0.1 P6h|B|none           0           0          0                  NaN                       NaN
 1d       0.2    P0|B|10      0.0988       0.468      0.963                   96                      0.88
 1d       0.2    P3|A|10       0.502       0.879          1                   30                     0.882
 1d       0.2    P3|C|10       0.157       0.619      0.993                   71                     0.818
 1d       0.2    P4|A|10        0.79       0.992          1                   14                     0.632
 1d       0.2    P5|A|10       0.502       0.879          1                   30                     0.882
 1d       0.2  P6|B|none           0           0          0                  NaN                       NaN
 1d       0.2 P6h|B|none           0           0          0                  NaN                       NaN
