Min planted drift at H (% per trade, gross) for median 1y multiple > 1 AND P(ruin<10% within 1y) < 10%
cell = min_edge [edge for median>1 / edge for P(ruin)<10%]; 'none' = not reached at the largest feasible edge
combo                           5m                   15m                    1h                    4h                    1d
P0|A|10        0.146 [0.146/0.070]   0.155 [0.155/0.000]   0.211 [0.211/0.000]   0.209 [0.209/0.000]   0.434 [0.434/0.000]
P0|B|10        0.215 [0.215/0.116]   0.236 [0.236/0.023]   0.304 [0.304/0.000]   0.241 [0.241/0.000]   0.406 [0.406/0.000]
P1|B|10        0.214 [0.214/0.141]   0.232 [0.232/0.060]   0.290 [0.290/0.000]   0.215 [0.215/0.000]   0.390 [0.390/0.000]
P2|B|10        0.226 [0.226/0.199]   0.274 [0.274/0.221]   0.425 [0.425/0.049]   0.337 [0.337/0.000]   1.054 [1.054/0.000]
P2|C|10        0.154 [0.154/0.145]   0.179 [0.179/0.148]   0.310 [0.310/0.112]   0.338 [0.338/0.000]   1.329 [1.329/0.000]
P3|A|10        0.190 [0.176/0.190]   0.281 [0.253/0.281]   0.597 [0.597/0.577]   0.550 [0.550/0.000]none<=max [none<=max/0.000]
P3|B|10        0.287 [0.262/0.287]   0.370 [0.370/0.363]   0.698 [0.698/0.438]   0.502 [0.502/0.000]none<=max [none<=max/0.000]
P3|C|10        0.189 [0.175/0.189]   0.267 [0.250/0.267]   0.588 [0.588/0.368]   0.562 [0.562/0.000]none<=max [none<=max/0.000]
P3|B|30        0.277 [0.226/0.277]   0.288 [0.268/0.288]   0.441 [0.431/0.441]   0.410 [0.410/0.164]   1.938 [1.938/0.527]
P3|B|100       0.281 [0.229/0.281]   0.312 [0.274/0.312]   0.549 [0.434/0.549]   0.421 [0.421/0.369]   1.725 [1.705/1.725]
P4|A|10        0.397 [0.326/0.397]none<=max [none<=max/none<=max]none<=max [none<=max/none<=max]none<=max [none<=max/none<=max]none<=max [none<=max/none<=max]
P4|B|10     none<=max [none<=max/none<=max]none<=max [none<=max/none<=max]none<=max [none<=max/none<=max]none<=max [none<=max/none<=max]none<=max [none<=max/none<=max]
P4|C|10        0.390 [0.318/0.390]none<=max [none<=max/none<=max]none<=max [none<=max/none<=max]none<=max [none<=max/none<=max]none<=max [none<=max/none<=max]
P4|B|100       0.396 [0.302/0.396]none<=max [0.500/none<=max]none<=max [none<=max/none<=max]none<=max [none<=max/none<=max]none<=max [none<=max/none<=max]
P5|A|10        0.379 [0.291/0.379]   0.586 [0.482/0.586]   0.973 [0.899/0.973]   0.558 [0.558/0.000]none<=max [none<=max/0.000]
P5|B|10     none<=max [0.386/none<=max]none<=max [0.582/none<=max]   0.961 [0.961/0.856]   0.507 [0.507/0.000]none<=max [none<=max/0.000]
P5|C|10        0.368 [0.288/0.368]   0.584 [0.504/0.584]   0.969 [0.969/0.846]   0.571 [0.571/0.000]none<=max [none<=max/0.000]
P5|B|100       0.383 [0.288/0.383]   0.530 [0.353/0.530]   0.664 [0.479/0.664]   0.422 [0.422/0.379]   1.725 [1.705/1.725]
P5c|A|10       0.229 [0.178/0.229]   0.384 [0.300/0.384]   0.702 [0.565/0.702]   0.330 [0.330/0.000]   2.542 [2.542/0.000]
P5c|B|10       0.334 [0.271/0.334]   0.536 [0.394/0.536]   0.661 [0.634/0.661]   0.297 [0.297/0.000]   2.515 [2.515/0.000]
P5c|C|10       0.232 [0.184/0.232]   0.395 [0.334/0.395]   0.650 [0.646/0.650]   0.341 [0.341/0.000]none<=max [none<=max/0.000]
P6|B|none      0.254 [0.254/0.195]   0.274 [0.274/0.033]   0.295 [0.295/0.000]   0.233 [0.233/0.000]   0.308 [0.308/0.000]
P6h|B|none     0.252 [0.252/0.091]   0.268 [0.268/0.000]   0.282 [0.282/0.000]   0.226 [0.226/0.000]   0.289 [0.289/0.000]
P6|B|10        0.254 [0.254/0.193]   0.289 [0.289/0.000]   0.396 [0.396/0.000]   0.267 [0.267/0.000]   0.284 [0.284/0.000]

tables -> out/net/tables.txt
