{
 "pre": {
  "window": [
   "2020-01-01",
   "2021-08-01"
  ],
  "buy_hold_return_from_first_signal_bar": {
   "BTCUSD": 3.3291867338060666,
   "ETHUSD": 8.693506990997891,
   "SOLUSD": 24.37733241188666,
   "DOGEUSD": 62.50045857535922,
   "LTCUSD": 1.3908578999668766,
   "BCHUSD": 0.4224272755708478
  },
  "median_atr14_pct_15m": {
   "BTCUSD": 0.0048764518357341784,
   "ETHUSD": 0.006422260255109469,
   "SOLUSD": 0.010915401936707635,
   "DOGEUSD": 0.008080533182488473,
   "LTCUSD": 0.007335941311715476,
   "BCHUSD": 0.007028324527142749
  }
 },
 "y5": {
  "window": [
   "2021-08-01",
   "2026-09-30"
  ],
  "buy_hold_return_from_first_signal_bar": {
   "BTCUSD": 0.9713172509029806,
   "ETHUSD": 0.02340855828818955,
   "SOLUSD": 2.2968827861137258,
   "DOGEUSD": -0.5669927101596383,
   "LTCUSD": -0.5533863742729157,
   "BCHUSD": -0.4521070067324475
  },
  "median_atr14_pct_15m": {
   "BTCUSD": 0.0032472930644967734,
   "ETHUSD": 0.004341442369640227,
   "SOLUSD": 0.006321191524802366,
   "DOGEUSD": 0.005704558487791068,
   "LTCUSD": 0.004987474939399736,
   "BCHUSD": 0.005085736842306637
  }
 }
}
{
 "all": {
  "cells": 247,
  "spearman_t": 0.29609762468265927,
  "perm_p_two": 0.0,
  "pearson_gross": 0.29650696160885104,
  "sign_agree_all": 0.5870445344129555,
  "strong5y_cells": 48,
  "strong5y_sign_agree": 0.75,
  "pre_pos_t2": 32,
  "pre_neg_t2": 16
 },
 "core": {
  "cells": 119,
  "spearman_t": 0.20813274462327305,
  "perm_p_two": 0.022,
  "pearson_gross": 0.2215369365542617,
  "sign_agree_all": 0.5714285714285714,
  "strong5y_cells": 17,
  "strong5y_sign_agree": 0.8235294117647058,
  "pre_pos_t2": 18,
  "pre_neg_t2": 6
 },
 "ds": {
  "cells": 128,
  "spearman_t": 0.3282251419154001,
  "perm_p_two": 0.0,
  "pearson_gross": 0.32903572688317717,
  "sign_agree_all": 0.6015625,
  "strong5y_cells": 31,
  "strong5y_sign_agree": 0.7096774193548387,
  "pre_pos_t2": 14,
  "pre_neg_t2": 10
 },
 "ai_tfs_15m_30m_1h": {
  "cells": 213,
  "spearman_t": 0.24759152694335645,
  "perm_p_two": 0.0004,
  "pearson_gross": 0.2894157360648393,
  "sign_agree_all": 0.5539906103286385,
  "strong5y_cells": 37,
  "strong5y_sign_agree": 0.7027027027027027,
  "pre_pos_t2": 23,
  "pre_neg_t2": 14
 },
 "slope_pre_on_5y_gross": 0.5505944069468074,
 "per_tf": {
  "15m": {
   "cells": 75,
   "spearman_t": 0.21453769559032715,
   "spearman_vs_pre_dir_t": 0.31695590327169276,
   "sign_agree": 0.5333333333333333
  },
  "1h": {
   "cells": 68,
   "spearman_t": 0.4852464022598007,
   "spearman_vs_pre_dir_t": 0.48746039622857573,
   "sign_agree": 0.7058823529411765
  },
  "30m": {
   "cells": 70,
   "spearman_t": 0.07518152392616569,
   "spearman_vs_pre_dir_t": 0.10100603621730382,
   "sign_agree": 0.42857142857142855
  },
  "4h": {
   "cells": 2,
   "spearman_t": 0.9999999999999999,
   "spearman_vs_pre_dir_t": 0.9999999999999999,
   "sign_agree": 1.0
  },
  "5m": {
   "cells": 32,
   "spearman_t": 0.40285923753665687,
   "spearman_vs_pre_dir_t": 0.1220674486803519,
   "sign_agree": 0.78125
  }
 },
 "all_spearman_5y_gross_t_vs_pre_dir_t": 0.25732949604538485,
 "note": "cells share strategies across timeframes and DS definitions overlap, so the permutation p treats dependent cells as exchangeable and is optimistic"
}
         strategy   tf        n  grossR  gross_t    netR  dir_content   dir_t  y5_grossR  y5_gross_t  y5_dir   exp_t   pow15  diff_z   q_one                      verdict  q_one_dir                  verdict_dir  spot_gross  spot_gross_t
0      F16_FIB382  15m   4658.0  0.0101   0.6920 -0.1165      -0.0038 -0.3214     0.0262      3.8860  0.0205  1.8037  0.6193 -1.0084  0.4016     inconclusive (same sign)     0.8000  inconclusive (sign flipped)         NaN           NaN
1      F16_FIB500  15m   5080.0  0.0148   1.2089 -0.1134       0.0016  0.1610     0.0221      3.3133  0.0184  1.8083  0.6211 -0.5262  0.3259     inconclusive (same sign)     0.7163     inconclusive (same sign)         NaN           NaN
2       N23_HA_ST   4h    133.0 -0.1132  -1.5972 -0.1846      -0.1131 -1.5332     0.0992      3.9491  0.0838  1.4003  0.4603 -2.8252  0.9878                 contradicted     0.9969                 contradicted      0.0828        3.3383
3   N20_EMA9_CHOP   5m  36868.0  0.0189   1.2534 -0.2244      -0.0006 -0.0410     0.0287      3.2436  0.0181  1.9037  0.6568 -0.5609  0.3259     inconclusive (same sign)     0.7917  inconclusive (sign flipped)     -0.0061       -0.7360
4          F9_FVG  15m   7932.0  0.0095   0.8529 -0.1120       0.0076  0.7964     0.0167      2.5624  0.0167  1.5040  0.5016 -0.5615  0.4016     inconclusive (same sign)     0.4897     inconclusive (same sign)         NaN           NaN
5         F9_IFVG  15m   5193.0  0.0233   1.8949 -0.1007       0.0099  0.9878     0.0158      2.6132  0.0153  1.2840  0.4145  0.5483  0.1336    replicates (nominal only)     0.4647     inconclusive (same sign)         NaN           NaN
6     N10_HA_PSAR  30m   3841.0  0.0094   0.6179 -0.0896       0.0042  0.3140     0.0124      1.7865  0.0101  0.8129  0.2460 -0.1775  0.4114     inconclusive (same sign)     0.6666     inconclusive (same sign)      0.0017        0.2543
7   N18_VWMA_MACD  15m  22783.0  0.0050   0.4797 -0.1256      -0.0024 -0.2255     0.0121      1.7931  0.0129  1.1575  0.3660 -0.5694  0.4498     inconclusive (same sign)     0.8000  inconclusive (sign flipped)      0.0019        0.3031
8       S4_BB_BBP   1h   1287.0  0.0121   0.4332 -0.0699       0.0136  0.5607     0.0193      1.5548  0.0205  0.6922  0.2096 -0.2366  0.4498     inconclusive (same sign)     0.6002     inconclusive (same sign)      0.0077        0.6477
9     N25_DST_CCI  15m  11261.0 -0.0106  -0.7204 -0.1465      -0.0267 -1.9171     0.0023      0.3383  0.0051  0.1579  0.0898 -0.7959  0.8371  inconclusive (sign flipped)     0.9969                 contradicted     -0.0027       -0.4121
10    N25_DST_CCI   1h   1500.0  0.0170   0.7165 -0.0656       0.0117  0.4870     0.0076      0.6355  0.0046  0.3224  0.1195  0.3515  0.4016     inconclusive (same sign)     0.6002     inconclusive (same sign)     -0.0066       -0.5791
11  F6_VWAP_CROSS  15m  24183.0  0.0178   2.7166 -0.1178       0.0111  2.5836     0.0054      1.8243  0.0071  0.8282  0.2508  1.7196  0.0190              replicates (BH)     0.0281              replicates (BH)         NaN           NaN
12         F4_FAN  15m   9264.0  0.0083   0.7230 -0.1268      -0.0029 -0.2697     0.0146      2.1130  0.0146  1.2686  0.4085 -0.4678  0.4016     inconclusive (same sign)     0.8000  inconclusive (sign flipped)         NaN           NaN
13        V39_ALL  15m   8015.0 -0.0033  -0.2009 -0.1345      -0.0263 -1.7002     0.0106      1.2020  0.0152  0.6430  0.1957 -0.7441  0.7016  inconclusive (sign flipped)     0.9969                 contradicted     -0.0059       -0.7844
14     N02_ST_KST  15m   6459.0  0.0008   0.0700 -0.1305      -0.0094 -0.7975     0.0190      2.3617  0.0173  1.6629  0.5647 -1.3024  0.6032     inconclusive (same sign)     0.9532  inconclusive (sign flipped)      0.0068        0.8956
15     F16_FIB382   1h    765.0  0.0284   0.7092 -0.0548       0.0257  0.8711     0.0146      1.2000  0.0162  0.3654  0.1283  0.3290  0.4016     inconclusive (same sign)     0.4897     inconclusive (same sign)         NaN           NaN
16     N17_KC_RSI  15m  28167.0 -0.0386  -3.5782 -0.1469      -0.0473 -4.4331    -0.0214     -3.3523 -0.0185 -1.9821  0.6851 -1.3739  0.0040              replicates (BH)     0.0001              replicates (BH)     -0.0206       -3.3721
17     N17_KC_RSI  30m  12428.0 -0.0411  -2.7452 -0.1287      -0.0527 -3.8379    -0.0254     -2.9692 -0.0250 -1.6976  0.5783 -0.9095  0.0190              replicates (BH)     0.0007              replicates (BH)     -0.0202       -2.4749
18     N17_KC_RSI   1h   4617.0 -0.0399  -1.5598 -0.1146      -0.0569 -2.6037    -0.0436     -3.8991 -0.0430 -1.7044  0.5810  0.1326  0.2277    replicates (nominal only)     0.0281              replicates (BH)     -0.0431       -3.8079
19        F15_ORB  15m   2474.0  0.0548   2.4313 -0.0732       0.0574  2.7394    -0.0518     -4.1098 -0.0571 -2.3011  0.7885  4.1293  0.9925                 contradicted     0.9969                 contradicted         NaN           NaN
20       F11_RAID  15m  10245.0  0.0036   0.3609 -0.1274      -0.0153 -1.8291    -0.0190     -4.0074 -0.0173 -1.9020  0.6562  2.0443  0.7370  inconclusive (sign flipped)     0.1292    replicates (nominal only)         NaN           NaN
21          F17_Z   1h   2179.0 -0.0188  -0.8639 -0.0990      -0.0217 -1.2160    -0.0274     -3.2676 -0.0227 -1.2607  0.4054  0.3702  0.4016     inconclusive (same sign)     0.3680     inconclusive (same sign)         NaN           NaN
22          F17_Z   4h     83.0 -0.2119  -2.9396 -0.2797      -0.1569 -2.4239    -0.0972     -3.4875 -0.0744 -1.3486  0.4398 -1.4839  0.0189              replicates (BH)     0.0353              replicates (BH)         NaN           NaN
          strategy   tf        n  grossR  gross_t    netR  dir_content   dir_t  y5_grossR  y5_gross_t  y5_dir   exp_t   pow15  diff_z   q_one                      verdict  q_one_dir                  verdict_dir  spot_gross  spot_gross_t
0    N20_EMA9_CHOP   5m  36868.0  0.0189   1.2534 -0.2244      -0.0006 -0.0410     0.0287      3.2436  0.0181  1.9037  0.6568 -0.5609  0.2267     inconclusive (same sign)     0.6311  inconclusive (sign flipped)     -0.0061       -0.7360
1        S4_BB_BBP   5m  25284.0 -0.0185  -1.9344 -0.2528      -0.0358 -3.8436    -0.0202     -3.1289     NaN -2.1065  0.7279  0.1428  0.0730    replicates (nominal only)     0.0005              replicates (BH)         NaN           NaN
2   S6_EMA_DMI_ADX   5m   5559.0 -0.0145  -1.1467 -0.2037      -0.0229 -2.0124    -0.0250     -3.3762     NaN -1.9824  0.6853  0.7207  0.2305     inconclusive (same sign)     0.0442              replicates (BH)         NaN           NaN
3       N17_KC_RSI  15m  28167.0 -0.0386  -3.5782 -0.1469      -0.0473 -4.4331    -0.0214     -3.3523 -0.0185 -1.9821  0.6851 -1.3739  0.0019              replicates (BH)     0.0001              replicates (BH)     -0.0206       -3.3721
4       N17_KC_RSI  30m  12428.0 -0.0411  -2.7452 -0.1287      -0.0527 -3.8379    -0.0254     -2.9692 -0.0250 -1.6976  0.5783 -0.9095  0.0162              replicates (BH)     0.0005              replicates (BH)     -0.0202       -2.4749
5       N17_KC_RSI   1h   4617.0 -0.0399  -1.5598 -0.1146      -0.0569 -2.6037    -0.0436     -3.8991 -0.0430 -1.7044  0.5810  0.1326  0.1452    replicates (nominal only)     0.0127              replicates (BH)     -0.0431       -3.8079
6        N23_HA_ST   4h    133.0 -0.1132  -1.5972 -0.1846      -0.1131 -1.5332     0.0992      3.9491  0.0838  1.4003  0.4603 -2.8252  0.9899                 contradicted     0.9820                 contradicted      0.0828        3.3383
7         F11_RAID  15m  10245.0  0.0036   0.3609 -0.1274      -0.0153 -1.8291    -0.0190     -4.0074 -0.0173 -1.9020  0.6562  2.0443  0.7421  inconclusive (sign flipped)     0.0529    replicates (nominal only)         NaN           NaN
8        F11_TSOUP  15m   7603.0 -0.0057  -0.4930 -0.1369      -0.0246 -2.1150    -0.0172     -3.2976     NaN -1.4954  0.4982  0.9129  0.4025     inconclusive (same sign)     0.0379              replicates (BH)         NaN           NaN
9      F13_RAID_PD  15m   9726.0  0.0028   0.2741 -0.1280      -0.0165 -1.9444    -0.0157     -3.4024     NaN -1.5521  0.5208  1.6615  0.7421  inconclusive (sign flipped)     0.0475              replicates (BH)         NaN           NaN
10  F15_ASIA_SWEEP  15m   2033.0 -0.0509  -2.4794 -0.1825      -0.0655 -3.1963    -0.0370     -2.9605     NaN -1.8005  0.6181 -0.5801  0.0241              replicates (BH)     0.0031              replicates (BH)         NaN           NaN
11         F15_ORB  15m   2474.0  0.0548   2.4313 -0.0732       0.0574  2.7394    -0.0518     -4.1098 -0.0571 -2.3011  0.7885  4.1293  0.9925                 contradicted     0.9969                 contradicted         NaN           NaN
12      F16_FIB382  15m   4658.0  0.0101   0.6920 -0.1165      -0.0038 -0.3214     0.0262      3.8860  0.0205  1.8037  0.6193 -1.0084  0.3361     inconclusive (same sign)     0.6887  inconclusive (sign flipped)         NaN           NaN
13      F16_FIB500  15m   5080.0  0.0148   1.2089 -0.1134       0.0016  0.1610     0.0221      3.3133  0.0184  1.8083  0.6211 -0.5262  0.2267     inconclusive (same sign)     0.5643     inconclusive (same sign)         NaN           NaN
14        F17_Z_HL  15m  10472.0  0.0104   0.9335 -0.1249       0.0027  0.2507    -0.0190     -3.4841     NaN -1.7052  0.5813  2.3701  0.9072  inconclusive (sign flipped)     0.6887  inconclusive (sign flipped)         NaN           NaN
15      F1_PVT_DIV  15m   3689.0 -0.0173  -1.0719 -0.1528      -0.0258 -1.8437    -0.0268     -3.5381     NaN -1.6591  0.5632  0.5317  0.2401     inconclusive (same sign)     0.0529    replicates (nominal only)         NaN           NaN
16         F11_PO3  30m   1651.0 -0.0541  -2.3270 -0.1515      -0.0626 -3.0675    -0.0369     -3.3045     NaN -1.5870  0.5347 -0.6670  0.0314              replicates (BH)     0.0040              replicates (BH)         NaN           NaN
17         F11_PO3   1h   1096.0 -0.0673  -2.6805 -0.1488      -0.0537 -2.6610    -0.0359     -3.2151     NaN -1.4317  0.4728 -1.1407  0.0162              replicates (BH)     0.0122              replicates (BH)         NaN           NaN
18  F15_ASIA_SWEEP   1h   1055.0 -0.1056  -3.7786 -0.1874      -0.0885 -3.4564    -0.0417     -3.5135     NaN -1.4941  0.4977 -2.1023  0.0017              replicates (BH)     0.0015              replicates (BH)         NaN           NaN
19           F17_Z   1h   2179.0 -0.0188  -0.8639 -0.0990      -0.0217 -1.2160    -0.0274     -3.2676 -0.0227 -1.2607  0.4054  0.3702  0.3046     inconclusive (same sign)     0.1643     inconclusive (same sign)         NaN           NaN
20        F17_Z_HL   1h   1586.0 -0.0186  -0.7515 -0.1013      -0.0218 -1.0700    -0.0316     -3.1575     NaN -1.2756  0.4112  0.4860  0.3317     inconclusive (same sign)     0.1957     inconclusive (same sign)         NaN           NaN
21           F17_Z   4h     83.0 -0.2119  -2.9396 -0.2797      -0.1569 -2.4239    -0.0972     -3.4875 -0.0744 -1.3486  0.4398 -1.4839  0.0120              replicates (BH)     0.0188              replicates (BH)         NaN           NaN
{'primary_gross': {'inconclusive (same sign)': 12, 'replicates (BH)': 4, 'inconclusive (sign flipped)': 3, 'replicates (nominal only)': 2, 'contradicted': 2}, 'primary_dir': {'inconclusive (same sign)': 8, 'inconclusive (sign flipped)': 5, 'replicates (BH)': 5, 'contradicted': 4, 'replicates (nominal only)': 1}, 'bh22_gross': {'inconclusive (same sign)': 8, 'replicates (BH)': 7, 'inconclusive (sign flipped)': 3, 'replicates (nominal only)': 2, 'contradicted': 2}, 'bh22_dir': {'replicates (BH)': 12, 'inconclusive (sign flipped)': 3, 'inconclusive (same sign)': 3, 'contradicted': 2, 'replicates (nominal only)': 2}}
