    kind       strategy   tf  y5_n_chk  y5_gross_chk  y5_gt_chk  y5_g_flip  y5_g_flip_t  y5_dir  y5_dir_t  y5_n_pair
0   core  N20_EMA9_CHOP   5m    149228        0.0287     3.2436    -0.0075      -0.8387  0.0181    2.1727     149221
1   core     N02_ST_KST  15m     27790        0.0190     2.3617    -0.0156      -2.2598  0.0173    2.5114      27783
2   core     N17_KC_RSI  15m    127931       -0.0214    -3.3523     0.0156       2.4793 -0.0185   -3.0707     127813
3   core  N18_VWMA_MACD  15m    100477        0.0121     1.7931    -0.0136      -2.3462  0.0129    2.2235     100443
4   core    N25_DST_CCI  15m     46513        0.0023     0.3383    -0.0079      -1.2035  0.0051    0.8269      46495
5   core        V39_ALL  15m     35683        0.0106     1.2020    -0.0197      -2.4697  0.0152    1.9105      35664
6   core    N10_HA_PSAR  30m     19750        0.0124     1.7865    -0.0078      -1.1598  0.0101    1.6651      19724
7   core     N17_KC_RSI  30m     65077       -0.0254    -2.9692     0.0246       2.7696 -0.0250   -3.0135      64953
8   core     N17_KC_RSI   1h     28407       -0.0436    -3.8991     0.0424       3.6388 -0.0430   -3.9705      28236
9   core    N25_DST_CCI   1h      9544        0.0076     0.6355    -0.0014      -0.1408  0.0046    0.4506       9514
10  core      S4_BB_BBP   1h      7193        0.0193     1.5548    -0.0217      -1.8307  0.0205    1.8429       7175
11  core      N23_HA_ST   4h      1416        0.0992     3.9491    -0.0633      -2.1840  0.0838    3.4429       1389
12    ds       F11_RAID  15m     47856       -0.0190    -4.0074     0.0156       3.3997 -0.0173   -4.3376      47836
13    ds        F15_ORB  15m     11045       -0.0518    -4.1098     0.0625       5.1710 -0.0571   -4.9923      11041
14    ds     F16_FIB382  15m     21075        0.0262     3.8860    -0.0149      -2.3973  0.0205    3.5084      21066
15    ds     F16_FIB500  15m     22285        0.0221     3.3133    -0.0148      -2.2300  0.0184    3.1305      22275
16    ds          F17_Z  15m     65620       -0.0083    -1.7941     0.0022       0.3938 -0.0053   -1.1239      65586
17    ds         F4_FAN  15m     39865        0.0146     2.1130    -0.0147      -2.4176  0.0146    2.4629      39855
18    ds  F6_VWAP_CROSS  15m    111738        0.0054     1.8243    -0.0089      -2.9319  0.0071    3.5985     111700
19    ds         F9_FVG  15m     34178        0.0167     2.5624    -0.0168      -3.0145  0.0167    3.0297      34159
20    ds        F9_IFVG  15m     22362        0.0158     2.6132    -0.0147      -2.3052  0.0153    2.8012      22350
21    ds       F11_RAID  30m     24354       -0.0114    -1.7540     0.0088       1.5661 -0.0101   -1.9033      24321
22    ds        F15_ORB  30m     10452       -0.0223    -1.9710     0.0154       1.4367 -0.0189   -1.8551      10439
23    ds     F16_FIB382  30m     10073       -0.0061    -0.6808    -0.0059      -0.7097 -0.0001   -0.0107      10062
24    ds     F16_FIB500  30m     10680        0.0043     0.4757     0.0080       0.9314 -0.0019   -0.2377      10667
25    ds          F17_Z  30m     31329       -0.0057    -0.8816     0.0088       1.2867 -0.0072   -1.1674      31295
26    ds         F4_FAN  30m     18536        0.0109     1.3275    -0.0186      -2.3605  0.0147    1.9755      18523
27    ds  F6_VWAP_CROSS  30m     70454        0.0024     0.6800    -0.0161      -4.5008  0.0092    3.9197      70370
28    ds         F9_FVG  30m     15883        0.0044     0.5804    -0.0090      -1.1345  0.0066    0.9286      15847
29    ds        F9_IFVG  30m     10152       -0.0004    -0.0431    -0.0037      -0.3992  0.0019    0.2258      10136
30    ds       F11_RAID   1h     10813       -0.0204    -2.4844     0.0150       1.9379 -0.0180   -2.6395      10765
31    ds        F15_ORB   1h      8811       -0.0045    -0.4488    -0.0143      -1.4663  0.0051    0.5671       8786
32    ds     F16_FIB382   1h      4542        0.0146     1.2000    -0.0185      -1.5488  0.0162    1.5018       4527
33    ds     F16_FIB500   1h      4469        0.0001     0.0062     0.0024       0.2229 -0.0013   -0.1248       4451
34    ds          F17_Z   1h     13262       -0.0274    -3.2676     0.0184       2.0424 -0.0227   -2.8811      13212
35    ds         F4_FAN   1h      7921        0.0111     0.9722    -0.0163      -1.5434  0.0136    1.3564       7900
36    ds  F6_VWAP_CROSS   1h     39117        0.0037     0.8750    -0.0242      -5.3559  0.0139    4.5357      38953
37    ds         F9_FVG   1h      6751       -0.0092    -0.8674    -0.0053      -0.5097 -0.0023   -0.2488       6717
38    ds        F9_IFVG   1h      4307        0.0105     0.8388     0.0043       0.3536  0.0030    0.2735       4293
39    ds       F11_RAID   4h       723       -0.0301    -1.0807     0.0358       0.9727 -0.0329   -1.1397        711
40    ds        F15_ORB   4h      1769        0.0414     1.7836    -0.0260      -1.1918  0.0327    1.6340       1729
41    ds     F16_FIB382   4h       272       -0.0372    -0.9227    -0.0488      -1.0017  0.0064    0.1609        265
42    ds     F16_FIB500   4h       272       -0.0187    -0.4026     0.0517       1.1806 -0.0386   -0.9779        264
43    ds          F17_Z   4h       840       -0.0972    -3.4875     0.0467       1.5230 -0.0744   -2.8417        829
44    ds         F4_FAN   4h       541        0.0485     1.3777    -0.0250      -0.6494  0.0371    1.1317        529
45    ds  F6_VWAP_CROSS   4h      3656        0.0271     2.0161    -0.0100      -0.8265  0.0184    1.8824       3592
46    ds         F9_FVG   4h       408        0.0427     1.3071     0.0226       0.6902  0.0113    0.3964        404
47    ds        F9_IFVG   4h       278        0.0687     1.6939    -0.0458      -0.9562  0.0624    1.5758        268
