[1h] loaded 4s; aggregation mismatches in spot check: 0
  seed 0 n=1572 t=4s
  seed 6 n=1607 t=5s
  seed 12 n=1599 t=6s
  seed 18 n=1682 t=7s
  seed 24 n=1626 t=8s
  seed 30 n=1586 t=8s
[1h] E|r_he| 0.647-1.321%  measured mean hold of 20x normal trade (5m-resolved) = 3.30 TF bars
  calib S0: realised drift all -0.001%  top10 +0.041%  rest -0.006%
  calib S4: realised drift all +0.097%  top10 +0.322%  rest +0.072%
  calib TOP1: realised drift all +0.091%  top10 +0.975%  rest -0.006%
scen    pol  trades_pm  liq_pm  liq_rate_t2  mean_N  cost_eq_pt  gross_pt  drift_taken  gross_t2  drift_t2  mean_lr_pt   A_med  A_P500   B_med  B_P500   B_p10    B_p90   C_med  C_P500  full_hist_med_end  fee_yr_pct_eq_simple
  S0 tiered     39.529   0.599        9.945   6.551       0.821     0.028       -0.000     0.022     0.049      -1.076   4.782   1.000   6.025   0.994   0.583   57.767   6.428   0.996              0.000               389.210
  S0    rec     34.531   0.004        0.000   0.706       0.097     0.029       -0.002     0.044     0.054      -0.086 684.257   0.078 700.205   0.050 541.207  901.595 702.530   0.048            333.215                40.093
  S0 flat20     38.911   0.104        0.188   4.000       0.517     0.028       -0.000     0.028     0.047      -0.510  84.370   0.993  92.218   0.967  26.596  308.309  93.755   0.961              1.187               241.191
  S4 tiered     39.727   0.524        8.087   6.554       0.820     0.069        0.098     0.095     0.334      -0.708  29.948   0.940  34.023   0.948   3.578  283.303  36.586   0.947              0.055               390.653
  S4    rec     34.668   0.005        0.000   0.705       0.096     0.102        0.097     0.263     0.347      -0.029 856.617   0.006 890.659   0.003 688.965 1136.292 887.659   0.002            664.470                39.998
  S4 flat20     39.128   0.102        0.163   4.000       0.515     0.078        0.098     0.175     0.334      -0.298 223.891   0.833 245.282   0.784  74.441  794.701 259.574   0.767             20.443               241.498
TOP1 tiered     39.646   0.326        2.872   6.553       0.824     0.051        0.093     0.264     0.995      -0.423 122.845   0.878 132.868   0.829  21.316  756.919 137.479   0.831              3.155               391.703
TOP1    rec     34.598   0.004        0.000   0.705       0.096     0.098        0.095     0.743     1.014      -0.007 954.306   0.000 972.876   0.000 762.900 1232.486 972.607   0.001            884.198                39.877
TOP1 flat20     39.094   0.096        0.000   4.000       0.515     0.075        0.094     0.505     0.999      -0.313 208.375   0.872 225.959   0.812  69.500  729.144 235.841   0.786             18.468               241.413
done 9s
