[1h] loaded 5s; aggregation mismatches in spot check: 0
  seed 0 n=1546 t=5s
  seed 6 n=1586 t=6s
  seed 12 n=1596 t=6s
  seed 18 n=1606 t=7s
  seed 24 n=1561 t=8s
  seed 30 n=1600 t=9s
[1h] E|r_he| 0.647-1.321%  measured mean hold of 20x normal trade (5m-resolved) = 3.31 TF bars
  calib S0: realised drift all +0.003%  top10 +0.003%  rest +0.003%
  calib S4: realised drift all +0.109%  top10 +0.295%  rest +0.088%
  calib TOP1: realised drift all +0.100%  top10 +0.971%  rest +0.003%
scen    pol  trades_pm  liq_pm  liq_rate_t2  mean_N  cost_eq_pt  gross_pt  drift_taken  gross_t2  drift_t2  mean_lr_pt   A_med  A_P500   B_med  B_P500   B_p10    B_p90   C_med  C_P500  full_hist_med_end  fee_yr_pct_eq_simple
  S0 tiered     39.412   0.623       10.045   6.604       0.827     0.016        0.004     0.022     0.009      -1.151   5.906   0.998   4.520   0.998   0.393   40.673   4.411   0.997              0.000               391.079
  S0    rec     34.427   0.010        0.000   0.705       0.097     0.022       -0.001     0.031    -0.002      -0.090 700.597   0.074 693.024   0.056 531.980  893.719 695.513   0.050            342.989                39.923
  S0 flat20     38.751   0.123        0.365   4.000       0.517     0.017        0.005     0.031     0.009      -0.554  78.325   0.966  76.030   0.979  21.761  248.839  78.945   0.973              0.401               240.240
  S4 tiered     39.590   0.516        7.696   6.604       0.826     0.059        0.113     0.111     0.319      -0.732  37.044   0.948  31.601   0.960   3.393  234.380  33.054   0.957              0.034               392.306
  S4    rec     34.515   0.009        0.000   0.704       0.096     0.094        0.112     0.251     0.309      -0.033 867.485   0.012 875.142   0.002 678.018 1127.782 874.766   0.003            662.876                39.801
  S4 flat20     38.959   0.116        0.363   4.000       0.515     0.068        0.115     0.177     0.321      -0.341 198.677   0.848 200.430   0.836  60.727  659.477 204.384   0.832              7.641               240.500
TOP1 tiered     39.521   0.313        2.280   6.604       0.831     0.042        0.104     0.279     0.998      -0.434 150.850   0.786 131.004   0.844  20.584  729.350 131.564   0.827              1.913               393.621
TOP1    rec     34.519   0.010        0.000   0.704       0.096     0.094        0.101     0.744     1.014      -0.006 965.371   0.000 976.302   0.000 761.989 1240.563 974.690   0.000            934.106                39.702
TOP1 flat20     38.960   0.113        0.068   4.000       0.515     0.066        0.105     0.506     1.002      -0.352 186.219   0.819 197.033   0.848  57.117  628.200 192.721   0.849              5.694               240.593
done 10s
