[4h] loaded 4s; aggregation mismatches in spot check: 0
  seed 0 n=475 t=4s
  seed 6 n=446 t=4s
  seed 12 n=438 t=5s
  seed 18 n=403 t=5s
  seed 24 n=477 t=5s
  seed 30 n=488 t=5s
  seed 36 n=447 t=6s
  seed 42 n=457 t=6s
[4h] E|r_he| 1.084-2.214%  measured mean hold of 20x normal trade (5m-resolved) = 1.78 TF bars
  calib S0: realised drift all +0.001%  top10 +0.064%  rest -0.008%
  calib S4: realised drift all +0.096%  top10 +0.333%  rest +0.069%
  calib TOP1: realised drift all +0.152%  top10 +1.598%  rest -0.008%
scen    pol  trades_pm  liq_pm  liq_rate_t2  mean_N  cost_eq_pt  gross_pt  drift_taken  gross_t2  drift_t2  mean_lr_pt    A_med  A_P500    B_med  B_P500   B_p10    B_p90    C_med  C_P500  full_hist_med_end  fee_yr_pct_eq_simple
  S0 tiered     12.080   0.683       16.123   6.609       0.807     0.028        0.010     0.037     0.071      -1.402  120.855   0.834  136.993   0.855  23.554  647.703  138.532   0.856              2.588               116.901
  S0    rec     11.132   0.013        0.107   0.342       0.048     0.042        0.005     0.081     0.072      -0.042  937.094   0.000  947.801   0.000 851.098 1046.325  946.930   0.000            813.362                 6.438
  S0 flat20     11.951   0.356        2.454   4.000       0.513     0.032        0.011     0.086     0.070      -0.639  377.286   0.629  412.422   0.598 142.776 1077.185  416.710   0.591             59.374                73.555
  S4 tiered     12.101   0.636       13.827   6.608       0.808     0.058        0.106     0.080     0.349      -1.123  186.633   0.772  206.614   0.774  37.513  906.593  204.840   0.780              7.798               117.302
  S4    rec     11.168   0.012        0.106   0.342       0.048     0.103        0.105     0.241     0.345      -0.017  969.565   0.000  978.972   0.000 883.291 1074.533  978.318   0.000            925.253                 6.425
  S4 flat20     11.975   0.341        2.297   4.000       0.512     0.068        0.107     0.173     0.348      -0.481  480.475   0.520  508.343   0.490 180.713 1301.354  503.540   0.497            130.050                73.536
TOP1 tiered     12.092   0.557        5.644   6.606       0.815     0.048        0.162     0.236     1.611      -0.782  317.576   0.660  334.828   0.644  75.902 1217.904  334.029   0.643             27.231               118.221
TOP1    rec     11.182   0.011        0.000   0.342       0.048     0.130        0.160     0.933     1.619       0.011 1010.154   0.000 1016.616   0.000 924.854 1112.790 1016.021   0.000           1047.270                 6.396
TOP1 flat20     11.990   0.331        0.349   4.000       0.512     0.080        0.163     0.558     1.613      -0.430  535.592   0.463  553.309   0.446 197.864 1378.911  563.230   0.440            162.265                73.558
done 7s
