[4h] loaded 4s; aggregation mismatches in spot check: 0
  seed 0 n=446 t=4s
  seed 6 n=448 t=4s
  seed 12 n=442 t=5s
  seed 18 n=460 t=5s
  seed 24 n=468 t=5s
  seed 30 n=456 t=6s
  seed 36 n=462 t=6s
  seed 42 n=425 t=6s
[4h] E|r_he| 1.084-2.214%  measured mean hold of 20x normal trade (5m-resolved) = 1.84 TF bars
  calib S0: realised drift all -0.022%  top10 -0.022%  rest -0.022%
  calib S4: realised drift all +0.076%  top10 +0.290%  rest +0.052%
  calib TOP1: realised drift all +0.144%  top10 +1.598%  rest -0.022%
scen    pol  trades_pm  liq_pm  liq_rate_t2  mean_N  cost_eq_pt  gross_pt  drift_taken  gross_t2  drift_t2  mean_lr_pt    A_med  A_P500    B_med  B_P500   B_p10    B_p90    C_med  C_P500  full_hist_med_end  fee_yr_pct_eq_simple
  S0 tiered     12.156   0.643       14.906   6.627       0.812     0.047       -0.024     0.054    -0.029      -1.208  172.879   0.782  181.840   0.810  34.615  782.118  186.846   0.803              4.839               118.324
  S0    rec     11.184   0.014        0.053   0.342       0.048     0.031       -0.020    -0.002    -0.028      -0.048  935.359   0.000  940.644   0.000 849.249 1039.820  941.619   0.000            833.243                 6.493
  S0 flat20     12.029   0.364        3.017   4.000       0.513     0.036       -0.025     0.002    -0.029      -0.626  419.810   0.591  417.212   0.598 150.482 1038.738  417.464   0.590             81.864                74.000
  S4 tiered     12.178   0.598       12.566   6.628       0.813     0.073        0.077     0.100     0.297      -0.951  254.216   0.704  262.876   0.718  53.256 1065.956  256.792   0.723             16.326               118.735
  S4    rec     11.219   0.014        0.053   0.342       0.048     0.093        0.082     0.206     0.307      -0.021  969.085   0.000  975.506   0.000 880.390 1076.081  974.001   0.000            920.737                 6.481
  S4 flat20     12.062   0.344        2.477   4.000       0.512     0.071        0.076     0.129     0.299      -0.470  534.291   0.467  521.065   0.477 194.969 1264.996  517.482   0.480            144.712                74.034
TOP1 tiered     12.169   0.526        5.403   6.625       0.819     0.066        0.145     0.241     1.642      -0.622  428.464   0.555  430.044   0.562  99.658 1475.234  426.839   0.565             61.875               119.551
TOP1    rec     11.252   0.014        0.053   0.342       0.048     0.121        0.146     0.895     1.643       0.007 1007.783   0.000 1012.548   0.000 921.649 1106.043 1010.869   0.000            998.806                 6.463
TOP1 flat20     12.087   0.332        0.340   4.000       0.511     0.092        0.143     0.563     1.644      -0.376  605.292   0.391  599.425   0.402 226.499 1416.989  596.234   0.406            211.472                74.110
done 7s
