                    486         487         488
H              4.000000   16.000000   64.000000
n            238.000000  236.000000  234.000000
n_long       136.000000  136.000000  135.000000
n_short      102.000000  100.000000   99.000000
fwd            0.003483    0.012378    0.033321
fwd_long       0.003328    0.014929    0.025015
fwd_short      0.003691    0.008908    0.044647
mu_star        0.003665    0.006453    0.013632
z              1.269408    2.590704    3.157226
p              0.102148    0.004789    0.000796
z_vn          -0.045705    2.128696    2.058333
p_vn           0.518227    0.016640    0.019779
n_BTCUSD      25.000000   25.000000   25.000000
n_ETHUSD      44.000000   44.000000   44.000000
n_SOLUSD      38.000000   37.000000   37.000000
n_XRPUSD      25.000000   25.000000   25.000000
n_DOGEUSD     31.000000   31.000000   31.000000
n_LTCUSD      37.000000   37.000000   36.000000
n_BCHUSD      38.000000   37.000000   36.000000
fwd_BTCUSD    -0.000813    0.009411   -0.003254
fwd_ETHUSD     0.002349    0.015119    0.040786
fwd_SOLUSD     0.005031    0.009769    0.025232
fwd_XRPUSD    -0.004610    0.002271    0.026090
fwd_DOGEUSD    0.008899    0.020555    0.061437
fwd_LTCUSD     0.002549    0.022843    0.027224
fwd_BCHUSD     0.007892    0.003243    0.044815

H16 signed fwd by half-year (mean %, n):
        count   mean
half                
2021H2     27  2.894
2022H1     44  0.100
2022H2     41  0.011
2023H1     32  1.209
2023H2     38  1.905
2024H1     54  1.816

H16 by side:
      count    mean  median
side                       
-1      100  0.0089  0.0104
 1      136  0.0149  0.0088

top-10 signals' share of total signed return (H16): 0.54
median H16 signed return (%): 1.007 ; mean: 1.238
signal bar range / coin median bar range: median 1.35, mean 1.61
