5m per-H unique n_min / mu_star / E_abs_r across both subsets:
    n_min  mu_star  E_abs_r  B
H                             
4       1        1        1  1
16      1        1        1  1
64      1        1        1  1
5m per-H unique n_min: {4: 1, 16: 1, 64: 1} mu*: {4: 0.0017, 16: 0.00199, 64: 0.00263}
15m per-H unique n_min: {4: 1, 16: 1, 64: 1} mu*: {4: 0.00191, 16: 0.00246, 64: 0.00367}
30m per-H unique n_min: {4: 1, 16: 1, 64: 1} mu*: {4: 0.00213, 16: 0.00294, 64: 0.00478}
1h per-H unique n_min: {4: 1, 16: 1, 64: 1} mu*: {4: 0.00246, 16: 0.00368, 64: 0.00649}
4h per-H unique n_min: {4: 1, 16: 1, 64: 1} mu*: {4: 0.00367, 16: 0.00645, 64: 0.01363}
1d per-H unique n_min: {4: 1, 16: 1, 64: 1} mu*: {4: 0.00781, 16: 0.01738, 64: 0.04463}
m = 528 max |p_holm diff| = 5.551115123125783e-17 max |p_vn_holm diff| = 9.71445146547012e-17
statsmodels not available: ModuleNotFoundError
independent gate_pass: 0 gate_pass_spec: 0
min p = 7.964e-04 -> would need m <= 62 to pass Holm step 1
cells with fwd>=mu* and symbols ok: 15 their min p = 7.964e-04, min max(p,p_vn) = 1.664e-02
           strategy  tf   H     n       fwd   mu_star         z         p      z_vn      p_vn  symbols_pos  n_coins_ge10
488    N13_3OUTSIDE  4h  64   234  0.033321  0.013632  3.157226  0.000796  2.058333  0.019779            6             7
335          DOGE_L  1h  64  1717  0.008111  0.006487  2.637607  0.004175  0.149216  0.440692            7             7
487    N13_3OUTSIDE  4h  16   236  0.012378  0.006453  2.590704  0.004789  2.128696  0.016640            7             7
564      N02_ST_KST  1d   4   149  0.018614  0.007805  2.189720  0.014272  1.120813  0.131184            5             7
627       N23_HA_ST  1d   4   650  0.010672  0.007805  2.184397  0.014467 -0.228377  0.590324            6             7
612   N18_VWMA_MACD  1d   4   461  0.016325  0.007805  2.100719  0.017833  0.183187  0.427326            6             7
345      N03_ADX_GC  1h   4   180  0.002732  0.002457  2.042813  0.020535 -0.410369  0.659232            5             7
629       N23_HA_ST  1d  64   612  0.057988  0.044628  1.959833  0.025008  1.191968  0.116637            6             7
572  N04_ST_KLINGER  1d  64   576  0.067940  0.044628  1.851300  0.032063  1.721544  0.042576            5             7
628       N23_HA_ST  1d  16   642  0.021259  0.017383  1.687177  0.045785  0.680639  0.248050            6             7
566      N02_ST_KST  1d  64   140  0.056820  0.044628  1.490587  0.068035  0.819130  0.206356            4             7
346      N03_ADX_GC  1h  16   180  0.004299  0.003675  1.475710  0.070011  0.539911  0.294629            4             7
563      N01_ST_EMA  1d  64   146  0.083024  0.044628  1.462054  0.071863  1.336163  0.090748            6             7
647       S2_ST_ROC  1d  64   488  0.058600  0.044628  1.460244  0.072111  0.956503  0.169409            6             7
635     N25_DST_CCI  1d  64   241  0.077438  0.044628  1.369499  0.085422  1.581598  0.056871            7             7
p_vn_holm<0.05 cells: 15
        strategy   tf   H       n       fwd   mu_star         z         p       z_vn      p_vn_holm
54    N17_KC_RSI   5m   4  221384  0.000053  0.001696  1.907843  0.028206  25.235265  4.339625e-138
55    N17_KC_RSI   5m  16  221355  0.000139  0.001993  1.522475  0.063945  17.427293   1.349473e-65
56    N17_KC_RSI   5m  64  221303  0.000413  0.002631  1.739066  0.041012   9.916951   9.222306e-21
108      V45_AMB   5m   4   30610  0.000058  0.001696  1.540477  0.061722   7.442499   2.578635e-11
109      V45_AMB   5m  16   30610  0.000159  0.001993  1.504256  0.066258   4.919870   2.247318e-04
165   N17_KC_RSI  15m   4   81718  0.000197  0.001915  2.350101  0.009384  15.031849   1.194423e-48
166   N17_KC_RSI  15m  16   81701  0.000391  0.002456  1.370236  0.085307   7.566128   1.005504e-11
189  N25_DST_CCI  15m   4   31748 -0.000022  0.001915 -0.267147  0.605322   3.936747   2.126784e-02
219      V45_AMB  15m   4    8432  0.000078  0.001915  0.554627  0.289575   5.349374   2.294734e-05
276   N17_KC_RSI  30m   4   44554  0.000083  0.002132  0.479793  0.315687   9.369997   1.900406e-18
277   N17_KC_RSI  30m  16   44539 -0.000446  0.002936 -0.890184  0.813317   4.620480   9.915901e-04
278   N17_KC_RSI  30m  64   44508  0.001223  0.004784  1.022246  0.153332   3.971195   1.845039e-02
330      V45_AMB  30m   4    4299  0.000192  0.002132  0.715886  0.237031   4.314497   4.135134e-03
331      V45_AMB  30m  16    4295  0.001017  0.002936  1.588304  0.056109   3.783928   3.967374e-02
387   N17_KC_RSI   1h   4   24611 -0.000123  0.002457 -0.396586  0.654163   5.935495   7.631636e-07
