[15m] loaded 6s; aggregation mismatches in spot check: 0
  seed 0 n=4200 t=7s
  seed 6 n=4284 t=9s
[15m] E|r_he| 0.453-0.928%  measured mean hold of 20x normal trade (5m-resolved) = 6.22 TF bars
  calib S0: realised drift all +0.006%  top10 +0.018%  rest +0.005%
  calib S1: realised drift all +0.055%  top10 +0.062%  rest +0.055%
  calib S3: realised drift all +0.056%  top10 +0.170%  rest +0.044%
  calib S4: realised drift all +0.107%  top10 +0.322%  rest +0.083%
scen    pol  trades_pm  liq_pm  liq_rate_t2  mean_N  cost_eq_pt  gross_pt  drift_taken  gross_t2  drift_t2  mean_lr_pt   A_med  A_P500   B_med  B_P500   B_p10   B_p90   C_med  C_P500  full_hist_med_end  fee_yr_pct_eq_simple
  S0 tiered    103.778   0.226        1.592   6.584       0.836     0.004        0.008     0.003     0.021      -0.942   0.010   1.000   0.009   1.000   0.001   0.070   0.008   1.000              0.000              1040.228
  S0    rec     87.673   0.000        0.000   1.450       0.197     0.006        0.008     0.015     0.020      -0.203 121.023   1.000 118.179   1.000  65.469 213.145 118.155   0.999              1.893               206.958
  S0 flat20    101.399   0.024        0.024   4.000       0.517     0.004        0.007     0.015     0.023      -0.545   1.639   1.000   1.357   1.000   0.386   4.480   1.364   1.000              0.000               629.147
  S1 tiered    103.966   0.229        1.587   6.587       0.834     0.028        0.059     0.015     0.066      -0.802   0.052   1.000   0.049   1.000   0.005   0.383   0.050   1.000              0.000              1039.593
  S1    rec     87.416   0.000        0.000   1.449       0.196     0.044        0.060     0.047     0.066      -0.153 207.258   0.981 199.267   0.981 112.193 359.870 197.541   0.982              9.957               205.679
  S1 flat20    101.549   0.029        0.023   4.000       0.516     0.031        0.059     0.039     0.068      -0.432   5.477   1.000   5.261   1.000   1.512  17.040   5.079   1.000              0.000               627.984
  S3 tiered    103.954   0.217        1.473   6.586       0.833     0.025        0.060     0.037     0.176      -0.775   0.076   1.000   0.067   1.000   0.008   0.498   0.065   1.000              0.000              1038.775
  S3    rec     87.452   0.000        0.000   1.449       0.196     0.045        0.062     0.132     0.183      -0.144 234.349   0.952 221.316   0.968 123.581 398.860 222.218   0.970             12.976               205.641
  S3 flat20    101.594   0.029        0.023   4.000       0.516     0.031        0.060     0.093     0.178      -0.430   5.485   1.000   5.390   1.000   1.594  17.287   5.358   1.000              0.000               628.255
  S4 tiered    104.147   0.188        1.261   6.589       0.831     0.046        0.112     0.072     0.331      -0.600   0.587   1.000   0.583   1.000   0.073   3.766   0.570   1.000              0.000              1037.863
  S4    rec     87.211   0.000        0.000   1.447       0.195     0.084        0.115     0.241     0.342      -0.085 406.977   0.618 405.231   0.674 228.997 720.919 410.503   0.677             70.282               204.256
  S4 flat20    101.749   0.029        0.023   4.000       0.514     0.058        0.112     0.169     0.335      -0.321  19.578   1.000  20.345   1.000   6.013  62.893  19.704   0.999              0.011               627.214
done 12s
ALLDONE
