[1h] loaded 5s; aggregation mismatches in spot check: 0
  seed 0 n=1546 t=5s
  seed 6 n=1586 t=6s
  seed 12 n=1596 t=7s
  seed 18 n=1606 t=8s
  seed 24 n=1561 t=9s
  seed 30 n=1600 t=10s
[1h] E|r_he| 0.647-1.321%  measured mean hold of 20x normal trade (5m-resolved) = 3.31 TF bars
  calib S0: realised drift all +0.003%  top10 +0.003%  rest +0.003%
  calib S1: realised drift all +0.059%  top10 +0.056%  rest +0.059%
  calib S3: realised drift all +0.058%  top10 +0.152%  rest +0.047%
  calib S4: realised drift all +0.109%  top10 +0.295%  rest +0.088%
scen    pol  trades_pm  liq_pm  liq_rate_t2  mean_N  cost_eq_pt  gross_pt  drift_taken  gross_t2  drift_t2  mean_lr_pt   A_med  A_P500   B_med  B_P500   B_p10    B_p90   C_med  C_P500  full_hist_med_end  fee_yr_pct_eq_simple
  S0 tiered     40.694   0.417        5.912   6.608       0.822     0.019        0.003     0.020     0.011      -0.984   9.950   1.000   8.408   0.999   1.012   54.238   8.629   0.998              0.001               401.122
  S0    rec     35.483   0.009        0.000   0.708       0.096     0.025        0.001     0.046    -0.006      -0.088 691.020   0.074 690.470   0.052 537.144  879.110 687.546   0.047            335.387                40.883
  S0 flat20     39.990   0.103        0.353   4.000       0.511     0.019        0.004     0.026     0.012      -0.518  87.211   0.972  81.350   0.982  26.808  252.735  84.785   0.981              0.482               245.012
  S1 tiered     40.784   0.399        5.660   6.608       0.821     0.038        0.061     0.030     0.067      -0.862  16.741   0.996  15.429   0.995   1.905   92.509  15.422   0.994              0.004               401.563
  S1    rec     35.552   0.009        0.000   0.707       0.096     0.060        0.061     0.084     0.051      -0.064 758.242   0.030 759.803   0.015 593.813  970.995 761.562   0.016            461.896                40.849
  S1 flat20     40.084   0.100        0.352   4.000       0.510     0.042        0.063     0.051     0.068      -0.424 137.611   0.917 128.430   0.945  42.717  377.452 133.660   0.945              1.901               245.090
  S3 tiered     40.771   0.383        5.189   6.608       0.821     0.036        0.060     0.047     0.166      -0.839  19.208   0.987  16.762   0.994   2.284   98.385  18.613   0.994              0.006               401.549
  S3    rec     35.550   0.009        0.000   0.707       0.096     0.059        0.059     0.157     0.156      -0.059 775.357   0.021 777.987   0.010 610.471  992.070 776.876   0.009            464.290                40.819
  S3 flat20     40.091   0.102        0.353   4.000       0.510     0.042        0.061     0.097     0.168      -0.425 137.886   0.909 127.139   0.944  41.984  383.025 129.980   0.944              1.976               245.124
  S4 tiered     40.858   0.352        4.594   6.608       0.821     0.051        0.112     0.070     0.313      -0.704  37.412   0.982  31.679   0.986   5.012  169.201  33.013   0.980              0.029               402.067
  S4    rec     35.599   0.009        0.000   0.707       0.096     0.092        0.113     0.253     0.313      -0.033 867.581   0.008 869.690   0.002 683.155 1104.522 871.139   0.002            651.547                40.773
  S4 flat20     40.204   0.097        0.351   4.000       0.509     0.062        0.113     0.151     0.316      -0.342 198.376   0.855 189.299   0.876  64.291  549.539 193.042   0.867              5.944               245.349
done 11s
