[4h] loaded 4s; aggregation mismatches in spot check: 0
  seed 0 n=475 t=4s
  seed 6 n=446 t=5s
  seed 12 n=438 t=5s
  seed 18 n=403 t=5s
  seed 24 n=477 t=6s
  seed 30 n=488 t=6s
  seed 36 n=447 t=6s
  seed 42 n=457 t=6s
[4h] E|r_he| 1.084-2.214%  measured mean hold of 20x normal trade (5m-resolved) = 1.78 TF bars
  calib S0: realised drift all +0.001%  top10 +0.064%  rest -0.008%
  calib S1: realised drift all +0.054%  top10 +0.110%  rest +0.046%
  calib S3: realised drift all +0.054%  top10 +0.220%  rest +0.034%
  calib S4: realised drift all +0.096%  top10 +0.333%  rest +0.069%
scen    pol  trades_pm  liq_pm  liq_rate_t2  mean_N  cost_eq_pt  gross_pt  drift_taken  gross_t2  drift_t2  mean_lr_pt   A_med  A_P500   B_med  B_P500   B_p10    B_p90   C_med  C_P500  full_hist_med_end  fee_yr_pct_eq_simple
  S0 tiered     12.287   0.511       10.454   6.600       0.804     0.025        0.004     0.019     0.064      -1.207 156.977   0.816 179.585   0.842  36.189  654.129 177.719   0.855              5.029               118.491
  S0    rec     11.346   0.011        0.105   0.343       0.048     0.056        0.008     0.049     0.074      -0.037 945.428   0.000 952.014   0.000 860.638 1045.183 950.843   0.000            833.660                 6.469
  S0 flat20     12.161   0.294        2.071   4.000       0.507     0.031        0.007     0.078     0.066      -0.586 398.100   0.620 437.783   0.578 164.180 1034.432 441.630   0.571             58.916                73.895
  S1 tiered     12.299   0.498       10.146   6.601       0.804     0.039        0.057     0.023     0.113      -1.118 173.864   0.782 201.646   0.813  43.136  722.806 202.438   0.814              6.992               118.616
  S1    rec     11.364   0.011        0.105   0.343       0.047     0.083        0.061     0.076     0.115      -0.027 960.649   0.000 964.746   0.000 874.699 1058.425 965.511   0.000            866.055                 6.467
  S1 flat20     12.176   0.286        2.066   4.000       0.506     0.047        0.061     0.093     0.115      -0.513 443.569   0.568 485.067   0.518 185.794 1118.058 491.460   0.508             86.540                73.918
  S3 tiered     12.297   0.492        9.415   6.601       0.805     0.037        0.058     0.035     0.225      -1.093 186.248   0.781 206.945   0.806  46.377  738.250 208.547   0.803              7.322               118.714
  S3    rec     11.366   0.011        0.105   0.343       0.047     0.082        0.063     0.124     0.229      -0.027 959.329   0.000 965.322   0.000 875.487 1058.474 965.254   0.000            873.201                 6.467
  S3 flat20     12.176   0.287        2.016   4.000       0.506     0.047        0.061     0.119     0.226      -0.516 436.662   0.572 482.509   0.523 184.992 1122.506 496.093   0.505             85.922                73.906
  S4 tiered     12.306   0.479        8.922   6.600       0.805     0.048        0.101     0.044     0.339      -1.013 217.096   0.761 234.727   0.775  53.367  810.580 229.771   0.781             10.453               118.802
  S4    rec     11.385   0.011        0.104   0.343       0.047     0.111        0.106     0.200     0.347      -0.014 976.269   0.000 981.633   0.000 890.643 1074.252 983.889   0.000            925.918                 6.460
  S4 flat20     12.186   0.281        1.966   4.000       0.506     0.061        0.104     0.147     0.340      -0.454 485.829   0.517 524.520   0.470 206.412 1209.126 530.506   0.467            117.414                73.894
done 8s
