corr(z, z_vn) and cells where raw z>1.645 but p_vn>=0.05, by TF
 5m corr=+0.58  raw z>1.645:  6  of which p_vn>=.05:  3  fwd>=mu*:  0 of which p_vn>=.05: 0
15m corr=+0.44  raw z>1.645:  4  of which p_vn>=.05:  2  fwd>=mu*:  0 of which p_vn>=.05: 0
30m corr=+0.53  raw z>1.645:  1  of which p_vn>=.05:  1  fwd>=mu*:  0 of which p_vn>=.05: 0
 1h corr=+0.41  raw z>1.645: 11  of which p_vn>=.05: 10  fwd>=mu*:  3 of which p_vn>=.05: 3
 4h corr=+0.36  raw z>1.645:  3  of which p_vn>=.05:  1  fwd>=mu*:  2 of which p_vn>=.05: 0
 1d corr=+0.71  raw z>1.645:  6  of which p_vn>=.05:  5  fwd>=mu*: 10 of which p_vn>=.05: 9
      strategy tf  H    n     z   z_vn  p_vn  symbols_pos  n_coins_ge10  fwd_long  fwd_short  n_long  n_short  fwd_pct  mu_pct
  N13_3OUTSIDE 4h 64  234 3.157  2.058 0.020            6             7     0.025      0.045     135       99    3.332   1.363
        DOGE_L 1h 64 1717 2.638  0.149 0.441            7             7     0.008        NaN    1717        0    0.811   0.649
  N13_3OUTSIDE 4h 16  236 2.591  2.129 0.017            7             7     0.015      0.009     136      100    1.238   0.645
    N02_ST_KST 1d  4  149 2.190  1.121 0.131            5             7     0.023      0.012      84       65    1.861   0.781
     N23_HA_ST 1d  4  650 2.184 -0.228 0.590            6             7     0.018      0.001     374      276    1.067   0.781
 N18_VWMA_MACD 1d  4  461 2.101  0.183 0.427            6             7     0.032      0.008     167      294    1.632   0.781
    N03_ADX_GC 1h  4  180 2.043 -0.410 0.659            5             7     0.007     -0.002      95       85    0.273   0.246
     N23_HA_ST 1d 64  612 1.960  1.192 0.117            6             7     0.121     -0.023     346      266    5.799   4.463
N04_ST_KLINGER 1d 64  576 1.851  1.722 0.043            5             7     0.132     -0.023     338      238    6.794   4.463
     N23_HA_ST 1d 16  642 1.687  0.681 0.248            6             7     0.038     -0.001     371      271    2.126   1.738
    N02_ST_KST 1d 64  140 1.491  0.819 0.206            4             7     0.184     -0.099      77       63    5.682   4.463
    N03_ADX_GC 1h 16  180 1.476  0.540 0.295            4             7     0.008      0.001      95       85    0.430   0.368
    N01_ST_EMA 1d 64  146 1.462  1.336 0.091            6             7     0.124      0.017      90       56    8.302   4.463
     S2_ST_ROC 1d 64  488 1.460  0.957 0.169            6             7     0.113     -0.022     292      196    5.860   4.463
   N25_DST_CCI 1d 64  241 1.369  1.582 0.057            7             7     0.177     -0.039     130      111    7.744   4.463
