1h 4 done
1h 16 done
1h 64 done
 H              kind  mult  reps   n_med  z_mean  z_sd  zvn_sd   p05  pass_spec  pass_a1
 4               iid   0.0   200  2504.0   0.061 1.029   0.983 0.075      0.000    0.000
 4               iid   1.0   200  2504.0   6.964 1.046   1.195 1.000      0.520    0.520
 4               iid   1.5   200  2504.0  10.414 1.072   1.401 1.000      1.000    1.000
 4 real:N13_3OUTSIDE   0.0   200  1121.0   0.003 0.940   1.087 0.040      0.000    0.000
 4 real:N13_3OUTSIDE   1.0   200  1121.0   4.537 0.940   1.116 1.000      0.505    0.505
 4 real:N13_3OUTSIDE   1.5   200  1121.0   6.803 0.948   1.161 1.000      1.000    1.000
 4    real:N23_HA_ST   0.0   200 18151.0  -0.109 1.112   1.008 0.050      0.000    0.000
 4    real:N23_HA_ST   1.0   200 18151.0  18.383 1.186   1.606 1.000      0.455    0.455
 4    real:N23_HA_ST   1.5   200 18151.0  27.595 1.311   2.124 1.000      1.000    1.000
 4    real:S2_ST_ROC   0.0   200 15476.0  -0.085 0.970   1.049 0.040      0.000    0.000
 4    real:S2_ST_ROC   1.0   200 15476.0  17.126 1.039   1.668 1.000      0.465    0.465
 4    real:S2_ST_ROC   1.5   200 15476.0  25.704 1.166   2.205 1.000      1.000    1.000
 4          voltimed   0.0   200  2252.5  -0.085 1.727   0.923 0.155      0.000    0.000
 4          voltimed   1.0   200  2252.5   6.431 1.734   0.999 1.000      0.470    0.470
 4          voltimed   1.5   200  2252.5   9.687 1.748   1.088 1.000      0.965    0.965
16               iid   0.0   200  2502.5  -0.102 1.045   1.024 0.050      0.000    0.000
16               iid   1.0   200  2502.5   5.132 1.046   1.095 1.000      0.475    0.475
16               iid   1.5   200  2502.5   7.748 1.060   1.178 1.000      0.985    0.985
16 real:N13_3OUTSIDE   0.0   200  1121.0  -0.034 0.952   1.046 0.050      0.000    0.000
16 real:N13_3OUTSIDE   1.0   200  1121.0   3.370 0.952   1.048 0.965      0.350    0.350
16 real:N13_3OUTSIDE   1.5   200  1121.0   5.071 0.957   1.064 1.000      0.915    0.915
16    real:N23_HA_ST   0.0   200 18148.0  -0.063 1.042   0.976 0.040      0.000    0.000
16    real:N23_HA_ST   1.0   200 18148.0  13.897 1.174   1.408 1.000      0.525    0.525
16    real:N23_HA_ST   1.5   200 18148.0  20.866 1.301   1.752 1.000      1.000    1.000
16    real:S2_ST_ROC   0.0   200 15468.0  -0.188 0.981   1.014 0.035      0.000    0.000
16    real:S2_ST_ROC   1.0   200 15468.0  12.838 1.048   1.290 1.000      0.420    0.420
16    real:S2_ST_ROC   1.5   200 15468.0  19.338 1.150   1.607 1.000      1.000    1.000
16          voltimed   0.0   200  2253.5  -0.010 1.533   0.986 0.130      0.000    0.000
16          voltimed   1.0   200  2253.5   4.966 1.560   1.030 0.980      0.505    0.505
16          voltimed   1.5   200  2253.5   7.453 1.582   1.080 1.000      0.935    0.935
64               iid   0.0   200  2498.5  -0.009 0.985   1.003 0.040      0.000    0.000
64               iid   1.0   200  2498.5   4.645 0.972   1.042 1.000      0.515    0.515
64               iid   1.5   200  2498.5   6.971 0.986   1.109 1.000      0.990    0.990
64 real:N13_3OUTSIDE   0.0   200  1119.0  -0.001 0.998   1.034 0.055      0.000    0.000
64 real:N13_3OUTSIDE   1.0   200  1119.0   3.050 0.992   1.036 0.915      0.255    0.255
64 real:N13_3OUTSIDE   1.5   200  1119.0   4.575 0.996   1.053 1.000      0.805    0.805
64    real:N23_HA_ST   0.0   200 18130.0  -0.023 1.068   1.066 0.095      0.000    0.000
64    real:N23_HA_ST   1.0   200 18130.0  12.417 1.222   1.453 1.000      0.455    0.455
64    real:N23_HA_ST   1.5   200 18130.0  18.627 1.381   1.802 1.000      1.000    1.000
64    real:S2_ST_ROC   0.0   200 15440.0  -0.039 0.976   0.997 0.040      0.000    0.000
64    real:S2_ST_ROC   1.0   200 15440.0  11.561 1.115   1.305 1.000      0.465    0.465
64    real:S2_ST_ROC   1.5   200 15440.0  17.353 1.270   1.633 1.000      1.000    1.000
64          voltimed   0.0   200  2251.0   0.084 1.431   1.048 0.150      0.000    0.000
64          voltimed   1.0   200  2251.0   4.507 1.466   1.077 0.990      0.505    0.505
64          voltimed   1.5   200  2251.0   6.718 1.493   1.119 0.995      0.960    0.960
