m=528 z_crit=3.733
 tf  H  cells  n_median  mu_star_pct  null_sd_pct  mde80_pct  mde80_over_mu_med  mde80_over_mu_min  pw_hurdle_med  frac_pw80_at_hurdle  frac_pw50_at_hurdle  pw_1p5_med    n_min  indep_windows_per_coin
 5m  4     35   27808.0        0.170        0.004      0.017              0.100              0.041          1.000                0.971                0.971       1.000 280503.0               70125.750
 5m 16     35   27808.0        0.199        0.008      0.036              0.179              0.072          1.000                0.943                0.943       1.000 280491.0               17530.688
 5m 64     35   27807.0        0.263        0.017      0.077              0.293              0.082          1.000                0.914                0.914       1.000 280443.0                4381.922
15m  4     34    9384.5        0.191        0.011      0.051              0.264              0.114          1.000                0.941                0.941       1.000  93499.0               23374.750
15m 16     34    9384.5        0.246        0.024      0.111              0.451              0.192          1.000                0.912                0.912       1.000  93487.0                5842.938
15m 64     34    9380.0        0.367        0.051      0.233              0.633              0.191          1.000                0.735                0.853       1.000  93439.0                1459.984
30m  4     33    4835.0        0.213        0.021      0.097              0.457              0.198          1.000                0.879                0.909       1.000  46747.0               11686.750
30m 16     33    4835.0        0.294        0.045      0.206              0.701              0.314          0.997                0.818                0.848       1.000  46735.0                2920.938
30m 64     33    4829.0        0.478        0.099      0.453              0.948              0.290          0.858                0.606                0.788       1.000  46687.0                 729.484
 1h  4     32    2515.5        0.246        0.044      0.199              0.810              0.338          0.976                0.781                0.906       1.000  23371.0                5842.750
 1h 16     32    2513.0        0.368        0.086      0.393              1.069              0.470          0.725                0.438                0.594       0.997  23359.0                1459.938
 1h 64     32    2508.5        0.649        0.203      0.926              1.428              0.434          0.321                0.219                0.375       0.867  23311.0                 364.234
 4h  4     27    1195.0        0.367        0.138      0.631              1.723              0.951          0.155                0.037                0.185       0.622   5719.0                1429.750
 4h 16     27    1190.0        0.645        0.331      1.514              2.346              1.039          0.038                0.000                0.037       0.209   5707.0                 356.688
 4h 64     27    1184.0        1.363        0.835      3.820              2.802              0.831          0.027                0.037                0.037       0.132   5659.0                  88.422
 1d  4     15     236.0        0.781        0.719      3.290              4.216              2.808          0.004                0.000                0.000       0.015    799.0                 199.750
 1d 16     15     233.0        1.738        1.839      8.413              4.840              2.906          0.005                0.000                0.000       0.018    787.0                  49.188
 1d 64     15     222.0        4.463        4.205     19.236              4.310              1.430          0.007                0.000                0.000       0.028    739.0                  11.547
     cells  frac_pw80  med_mde_over_mu
tf                                    
5m     105      0.943            0.193
15m    102      0.863            0.451
30m     99      0.768            0.688
1h      96      0.479            1.037
4h      81      0.025            2.267
1d      45      0.000            4.310
     mean   std   max
tf                   
5m  -0.72  1.48  2.82
15m -0.38  1.22  2.35
30m -0.34  1.09  1.68
1h   0.27  1.20  2.64
4h   0.08  0.94  3.16
1d   0.27  1.12  2.19
     mean   std    max
tf                    
5m  -6.75  8.25  25.24
15m -4.05  4.90  15.03
30m -3.12  3.79   9.37
1h  -1.91  2.61   5.94
4h  -0.71  1.20   2.13
1d  -0.32  1.15   1.72
