1d 4 done
1d 16 done
1d 64 done
 H              kind  mult  reps  n_med  z_mean  z_sd  zvn_sd   p05  pass_spec  pass_a1
 4               iid   0.0   300  229.0   0.051 0.971   0.975 0.067      0.000    0.000
 4               iid   1.0   300  229.0   1.424 0.970   0.987 0.407      0.000    0.000
 4               iid   1.5   300  229.0   2.110 0.973   1.011 0.697      0.053    0.053
 4 real:N13_3OUTSIDE   0.0   300   38.0  -0.035 1.607   1.152 0.153      0.000    0.000
 4 real:N13_3OUTSIDE   1.0   300   38.0   0.497 1.609   1.158 0.240      0.000    0.000
 4 real:N13_3OUTSIDE   1.5   300   38.0   0.764 1.610   1.163 0.290      0.000    0.000
 4    real:N23_HA_ST   0.0   300  650.0  -0.037 1.183   0.974 0.087      0.000    0.000
 4    real:N23_HA_ST   1.0   300  650.0   2.257 1.184   1.019 0.707      0.107    0.107
 4    real:N23_HA_ST   1.5   300  650.0   3.403 1.188   1.060 0.913      0.393    0.393
 4    real:S2_ST_ROC   0.0   300  522.0   0.111 1.102   1.000 0.070      0.000    0.000
 4    real:S2_ST_ROC   1.0   300  522.0   2.178 1.095   1.012 0.710      0.063    0.063
 4    real:S2_ST_ROC   1.5   300  522.0   3.211 1.095   1.037 0.907      0.333    0.333
 4          voltimed   0.0   300  204.0  -0.065 1.304   0.997 0.090      0.000    0.000
 4          voltimed   1.0   300  204.0   1.253 1.308   1.021 0.387      0.030    0.010
 4          voltimed   1.5   300  204.0   1.912 1.312   1.046 0.587      0.083    0.083
16               iid   0.0   300  231.0  -0.096 1.088   1.118 0.063      0.000    0.000
16               iid   1.0   300  231.0   1.314 1.100   1.148 0.357      0.017    0.017
16               iid   1.5   300  231.0   2.019 1.112   1.181 0.633      0.063    0.063
16 real:N13_3OUTSIDE   0.0   300   38.0  -0.010 1.257   1.075 0.103      0.000    0.000
16 real:N13_3OUTSIDE   1.0   300   38.0   0.540 1.254   1.074 0.190      0.000    0.000
16 real:N13_3OUTSIDE   1.5   300   38.0   0.815 1.253   1.076 0.250      0.000    0.000
16    real:N23_HA_ST   0.0   300  642.0   0.065 0.995   1.015 0.077      0.000    0.000
16    real:N23_HA_ST   1.0   300  642.0   2.409 1.021   1.102 0.790      0.103    0.100
16    real:N23_HA_ST   1.5   300  642.0   3.579 1.049   1.190 0.967      0.440    0.440
16    real:S2_ST_ROC   0.0   300  515.0   0.047 1.072   1.091 0.063      0.000    0.000
16    real:S2_ST_ROC   1.0   300  515.0   2.142 1.097   1.148 0.727      0.073    0.070
16    real:S2_ST_ROC   1.5   300  515.0   3.188 1.121   1.212 0.903      0.297    0.297
16          voltimed   0.0   300  205.0   0.007 1.095   0.973 0.080      0.000    0.000
16          voltimed   1.0   300  205.0   1.368 1.104   0.994 0.393      0.020    0.013
16          voltimed   1.5   300  205.0   2.048 1.116   1.027 0.617      0.073    0.060
64               iid   0.0   300  230.0  -0.127 1.192   1.100 0.057      0.000    0.000
64               iid   1.0   300  230.0   1.717 1.215   1.192 0.537      0.043    0.040
64               iid   1.5   300  230.0   2.638 1.263   1.321 0.750      0.183    0.183
64 real:N13_3OUTSIDE   0.0   300   38.0  -0.070 0.952   1.019 0.023      0.000    0.000
64 real:N13_3OUTSIDE   1.0   300   38.0   0.589 0.961   1.040 0.123      0.000    0.000
64 real:N13_3OUTSIDE   1.5   300   38.0   0.919 0.971   1.067 0.233      0.000    0.000
64    real:N23_HA_ST   0.0   300  612.0  -0.158 1.188   1.170 0.063      0.000    0.000
64    real:N23_HA_ST   1.0   300  612.0   2.779 1.283   1.419 0.793      0.227    0.227
64    real:N23_HA_ST   1.5   300  612.0   4.243 1.403   1.695 0.980      0.610    0.610
64    real:S2_ST_ROC   0.0   300  488.0  -0.029 1.116   1.096 0.070      0.000    0.000
64    real:S2_ST_ROC   1.0   300  488.0   2.658 1.261   1.344 0.783      0.147    0.143
64    real:S2_ST_ROC   1.5   300  488.0   3.998 1.400   1.594 0.977      0.513    0.513
64          voltimed   0.0   300  205.0   0.050 1.214   1.225 0.093      0.000    0.000
64          voltimed   1.0   300  205.0   1.801 1.252   1.322 0.537      0.080    0.070
64          voltimed   1.5   300  205.0   2.676 1.304   1.434 0.810      0.183    0.183
