4h 4 done
4h 16 done
4h 64 done
 H              kind  mult  reps  n_med  z_mean  z_sd  zvn_sd   p05  pass_spec  pass_a1
 4               iid   0.0   300 1198.0  -0.003 1.066   1.066 0.053      0.000    0.000
 4               iid   1.0   300 1198.0   3.615 1.070   1.155 0.973      0.430    0.430
 4               iid   1.5   300 1198.0   5.423 1.079   1.240 1.000      0.933    0.933
 4 real:N13_3OUTSIDE   0.0   300  238.0  -0.001 0.833   0.913 0.017      0.000    0.000
 4 real:N13_3OUTSIDE   1.0   300  238.0   1.585 0.836   0.929 0.503      0.007    0.007
 4 real:N13_3OUTSIDE   1.5   300  238.0   2.378 0.839   0.942 0.803      0.043    0.043
 4    real:N23_HA_ST   0.0   300 4484.0  -0.020 1.019   0.953 0.053      0.000    0.000
 4    real:N23_HA_ST   1.0   300 4484.0   6.931 1.031   1.103 1.000      0.507    0.507
 4    real:N23_HA_ST   1.5   300 4484.0  10.399 1.055   1.255 1.000      1.000    1.000
 4    real:S2_ST_ROC   0.0   300 3715.0  -0.080 0.924   1.012 0.017      0.000    0.000
 4    real:S2_ST_ROC   1.0   300 3715.0   6.263 0.981   1.164 1.000      0.490    0.490
 4    real:S2_ST_ROC   1.5   300 3715.0   9.429 1.024   1.307 1.000      0.997    0.997
 4          voltimed   0.0   300 1072.0   0.145 1.460   0.975 0.150      0.007    0.000
 4          voltimed   1.0   300 1072.0   3.570 1.467   1.016 0.910      0.447    0.447
 4          voltimed   1.5   300 1072.0   5.282 1.475   1.069 0.987      0.840    0.840
16               iid   0.0   300 1202.0   0.078 0.991   0.961 0.050      0.000    0.000
16               iid   1.0   300 1202.0   3.303 1.001   0.997 0.953      0.353    0.353
16               iid   1.5   300 1202.0   4.914 1.013   1.044 1.000      0.853    0.853
16 real:N13_3OUTSIDE   0.0   300  236.0   0.031 0.892   0.997 0.030      0.000    0.000
16 real:N13_3OUTSIDE   1.0   300  236.0   1.448 0.895   1.004 0.437      0.000    0.000
16 real:N13_3OUTSIDE   1.5   300  236.0   2.157 0.899   1.011 0.707      0.033    0.033
16    real:N23_HA_ST   0.0   300 4476.0   0.015 1.058   1.049 0.063      0.000    0.000
16    real:N23_HA_ST   1.0   300 4476.0   6.221 1.123   1.204 1.000      0.503    0.503
16    real:N23_HA_ST   1.5   300 4476.0   9.318 1.177   1.339 1.000      1.000    1.000
16    real:S2_ST_ROC   0.0   300 3711.0  -0.064 1.108   1.107 0.057      0.000    0.000
16    real:S2_ST_ROC   1.0   300 3711.0   5.623 1.126   1.172 1.000      0.490    0.490
16    real:S2_ST_ROC   1.5   300 3711.0   8.463 1.154   1.255 1.000      0.997    0.997
16          voltimed   0.0   300 1072.5   0.165 1.426   1.011 0.133      0.007    0.000
16          voltimed   1.0   300 1072.5   3.244 1.439   1.044 0.873      0.383    0.377
16          voltimed   1.5   300 1072.5   4.783 1.452   1.081 0.977      0.763    0.763
64               iid   0.0   300 1200.0  -0.003 0.997   0.936 0.037      0.000    0.000
64               iid   1.0   300 1200.0   3.145 1.020   1.002 0.943      0.280    0.280
64               iid   1.5   300 1200.0   4.718 1.050   1.091 1.000      0.837    0.837
64 real:N13_3OUTSIDE   0.0   300  234.0  -0.008 1.177   0.995 0.090      0.000    0.000
64 real:N13_3OUTSIDE   1.0   300  234.0   1.375 1.187   1.014 0.387      0.033    0.023
64 real:N13_3OUTSIDE   1.5   300  234.0   2.066 1.194   1.034 0.623      0.100    0.097
64    real:N23_HA_ST   0.0   300 4446.0   0.064 0.994   1.023 0.060      0.000    0.000
64    real:N23_HA_ST   1.0   300 4446.0   6.147 1.116   1.324 1.000      0.537    0.537
64    real:N23_HA_ST   1.5   300 4446.0   9.184 1.245   1.583 1.000      1.000    1.000
64    real:S2_ST_ROC   0.0   300 3676.0   0.126 0.969   0.953 0.067      0.000    0.000
64    real:S2_ST_ROC   1.0   300 3676.0   5.722 1.053   1.182 1.000      0.550    0.550
64    real:S2_ST_ROC   1.5   300 3676.0   8.516 1.142   1.399 1.000      1.000    1.000
64          voltimed   0.0   300 1071.0   0.026 1.234   0.999 0.090      0.003    0.000
64          voltimed   1.0   300 1071.0   3.051 1.263   1.061 0.870      0.293    0.293
64          voltimed   1.5   300 1071.0   4.562 1.292   1.130 0.987      0.760    0.760
