{'test': 'truncation', 'name': 'V45_AMB', 'tf': '15m', 'sym': 'BTCUSD', 'bars': 6000, 'n_signals': 47, 'checked': 39, 'fails': 0}
{'test': 'truncation', 'name': 'V45_AMB', 'tf': '15m', 'sym': 'SOLUSD', 'bars': 6000, 'n_signals': 63, 'checked': 40, 'fails': 0}
{'test': 'truncation', 'name': 'V45_AMB', 'tf': '1h', 'sym': 'ETHUSD', 'bars': 6000, 'n_signals': 75, 'checked': 40, 'fails': 0}
{'test': 'truncation', 'name': 'V45_AMB', 'tf': '1h', 'sym': 'DOGEUSD', 'bars': 6000, 'n_signals': 88, 'checked': 40, 'fails': 0}
{'test': 'truncation', 'name': 'N13_3OUTSIDE', 'tf': '4h', 'sym': 'BTCUSD', 'bars': 6000, 'n_signals': 22, 'checked': 30, 'fails': 0}
{'test': 'truncation', 'name': 'N13_3OUTSIDE', 'tf': '4h', 'sym': 'BCHUSD', 'bars': 6000, 'n_signals': 38, 'checked': 35, 'fails': 0}
{'test': 'truncation', 'name': 'S2_ST_ROC', 'tf': '4h', 'sym': 'ETHUSD', 'bars': 6000, 'n_signals': 527, 'checked': 40, 'fails': 0}
{'test': 'truncation', 'name': 'N11_BREAKAWAY', 'tf': '4h', 'sym': 'SOLUSD', 'bars': 5000, 'n_signals': 2, 'checked': 21, 'fails': 0}
{'test': 'truncation', 'name': 'DOGE_L', 'tf': '1h', 'sym': 'XRPUSD', 'bars': 6000, 'n_signals': 56, 'checked': 40, 'fails': 0}
{'test': 'truncation', 'name': 'N23_HA_ST', 'tf': '1d', 'sym': 'SOLUSD', 'bars': 1000, 'n_signals': 109, 'checked': 40, 'fails': 0}
trunc time 35.07863974571228
{'test': 'htf_mapping', 'name': 'V45_AMB', 'tf': '15m', 'sym': 'BTCUSD', 'bars': 105216, 'htf': '1h', 'mapped_to_containing_or_later': 0, 'lag_bins_min': 1, 'lag_bins_max': 1, 'frac_lag1': 1.0, 'sig_diff_closed_vs_current': 73, 'htf_labels_monday': None}
{'test': 'htf_mapping', 'name': 'V45_AMB', 'tf': '1h', 'sym': 'ETHUSD', 'bars': 26304, 'htf': '4h', 'mapped_to_containing_or_later': 0, 'lag_bins_min': 1, 'lag_bins_max': 1, 'frac_lag1': 1.0, 'sig_diff_closed_vs_current': 18, 'htf_labels_monday': None}
{'test': 'htf_mapping', 'name': 'V45_AMB', 'tf': '4h', 'sym': 'SOLUSD', 'bars': 6024, 'htf': '1d', 'mapped_to_containing_or_later': 0, 'lag_bins_min': 1, 'lag_bins_max': 1, 'frac_lag1': 1.0, 'sig_diff_closed_vs_current': 7, 'htf_labels_monday': None}
{'test': 'htf_mapping', 'name': 'V45_AMB', 'tf': '1d', 'sym': 'BTCUSD', 'bars': 1096, 'htf': '1w', 'mapped_to_containing_or_later': 0, 'lag_bins_min': 1, 'lag_bins_max': 1, 'frac_lag1': 1.0, 'sig_diff_closed_vs_current': 0, 'htf_labels_monday': True}
BTCUSD resample done
ETHUSD resample done
SOLUSD resample done
XRPUSD resample done
DOGEUSD resample done
LTCUSD resample done
BCHUSD resample done
                    test           name   tf      sym    bars  n_signals  checked  fails  htf  mapped_to_containing_or_later  lag_bins_min  lag_bins_max  frac_lag1  sig_diff_closed_vs_current htf_labels_monday  contain_bad  missing_in_file  missing_in_own  max_abs_ohlc_diff  max_rel_vol_diff  partial_bins    n_own  label_mismatch weekly_monday
0             truncation        V45_AMB  15m   BTCUSD    6000       47.0     39.0    0.0  NaN                            NaN           NaN           NaN        NaN                         NaN               NaN          NaN              NaN             NaN                NaN               NaN           NaN      NaN             NaN           NaN
1             truncation        V45_AMB  15m   SOLUSD    6000       63.0     40.0    0.0  NaN                            NaN           NaN           NaN        NaN                         NaN               NaN          NaN              NaN             NaN                NaN               NaN           NaN      NaN             NaN           NaN
2             truncation        V45_AMB   1h   ETHUSD    6000       75.0     40.0    0.0  NaN                            NaN           NaN           NaN        NaN                         NaN               NaN          NaN              NaN             NaN                NaN               NaN           NaN      NaN             NaN           NaN
3             truncation        V45_AMB   1h  DOGEUSD    6000       88.0     40.0    0.0  NaN                            NaN           NaN           NaN        NaN                         NaN               NaN          NaN              NaN             NaN                NaN               NaN           NaN      NaN             NaN           NaN
4             truncation   N13_3OUTSIDE   4h   BTCUSD    6000       22.0     30.0    0.0  NaN                            NaN           NaN           NaN        NaN                         NaN               NaN          NaN              NaN             NaN                NaN               NaN           NaN      NaN             NaN           NaN
5             truncation   N13_3OUTSIDE   4h   BCHUSD    6000       38.0     35.0    0.0  NaN                            NaN           NaN           NaN        NaN                         NaN               NaN          NaN              NaN             NaN                NaN               NaN           NaN      NaN             NaN           NaN
6             truncation      S2_ST_ROC   4h   ETHUSD    6000      527.0     40.0    0.0  NaN                            NaN           NaN           NaN        NaN                         NaN               NaN          NaN              NaN             NaN                NaN               NaN           NaN      NaN             NaN           NaN
7             truncation  N11_BREAKAWAY   4h   SOLUSD    5000        2.0     21.0    0.0  NaN                            NaN           NaN           NaN        NaN                         NaN               NaN          NaN              NaN             NaN                NaN               NaN           NaN      NaN             NaN           NaN
8             truncation         DOGE_L   1h   XRPUSD    6000       56.0     40.0    0.0  NaN                            NaN           NaN           NaN        NaN                         NaN               NaN          NaN              NaN             NaN                NaN               NaN           NaN      NaN             NaN           NaN
9             truncation      N23_HA_ST   1d   SOLUSD    1000      109.0     40.0    0.0  NaN                            NaN           NaN           NaN        NaN                         NaN               NaN          NaN              NaN             NaN                NaN               NaN           NaN      NaN             NaN           NaN
10           htf_mapping        V45_AMB  15m   BTCUSD  105216        NaN      NaN    NaN   1h                            0.0           1.0           1.0        1.0                        73.0              None          NaN              NaN             NaN                NaN               NaN           NaN      NaN             NaN           NaN
11           htf_mapping        V45_AMB   1h   ETHUSD   26304        NaN      NaN    NaN   4h                            0.0           1.0           1.0        1.0                        18.0              None          NaN              NaN             NaN                NaN               NaN           NaN      NaN             NaN           NaN
12           htf_mapping        V45_AMB   4h   SOLUSD    6024        NaN      NaN    NaN   1d                            0.0           1.0           1.0        1.0                         7.0              None          NaN              NaN             NaN                NaN               NaN           NaN      NaN             NaN           NaN
13           htf_mapping        V45_AMB   1d   BTCUSD    1096        NaN      NaN    NaN   1w                            0.0           1.0           1.0        1.0                         0.0              True          NaN              NaN             NaN                NaN               NaN           NaN      NaN             NaN           NaN
14         resample_file            NaN  15m   BTCUSD  105216        NaN      NaN    NaN  NaN                            NaN           NaN           NaN        NaN                         NaN               NaN          0.0              0.0             0.0                0.0      4.355809e-16           0.0      NaN             NaN           NaN
15         resample_file            NaN  30m   BTCUSD   52608        NaN      NaN    NaN  NaN                            NaN           NaN           NaN        NaN                         NaN               NaN          0.0              0.0             0.0                0.0      3.579450e-16           0.0      NaN             NaN           NaN
16         resample_file            NaN   1h   BTCUSD   26304        NaN      NaN    NaN  NaN                            NaN           NaN           NaN        NaN                         NaN               NaN          0.0              0.0             0.0                0.0      4.320717e-16           0.0      NaN             NaN           NaN
17         resample_file            NaN   4h   BTCUSD    6576        NaN      NaN    NaN  NaN                            NaN           NaN           NaN        NaN                         NaN               NaN          0.0              0.0             0.0                0.0      2.481476e-16           0.0      NaN             NaN           NaN
18         resample_file            NaN   1d   BTCUSD    1096        NaN      NaN    NaN  NaN                            NaN           NaN           NaN        NaN                         NaN               NaN          0.0              0.0             0.0                0.0      2.164829e-16           0.0      NaN             NaN           NaN
19  resample_harness_htf            NaN  15m   BTCUSD   26304        NaN      NaN    NaN   1h                            NaN           NaN           NaN        NaN                         NaN               NaN          NaN              NaN             NaN                0.0               NaN           NaN  26304.0             0.0          None
20  resample_harness_htf            NaN  30m   BTCUSD   13152        NaN      NaN    NaN   2h                            NaN           NaN           NaN        NaN                         NaN               NaN          NaN              NaN             NaN                0.0               NaN           NaN  13152.0             0.0          None
21  resample_harness_htf            NaN   1h   BTCUSD    6576        NaN      NaN    NaN   4h                            NaN           NaN           NaN        NaN                         NaN               NaN          NaN              NaN             NaN                0.0               NaN           NaN   6576.0             0.0          None
22  resample_harness_htf            NaN   4h   BTCUSD    1096        NaN      NaN    NaN   1d                            NaN           NaN           NaN        NaN                         NaN               NaN          NaN              NaN             NaN                0.0               NaN           NaN   1096.0             0.0          None
23  resample_harness_htf            NaN   1d   BTCUSD     157        NaN      NaN    NaN   1w                            NaN           NaN           NaN        NaN                         NaN               NaN          NaN              NaN             NaN                0.0               NaN           NaN    157.0             0.0          True
24         resample_file            NaN  15m   ETHUSD  105216        NaN      NaN    NaN  NaN                            NaN           NaN           NaN        NaN                         NaN               NaN          0.0              0.0             0.0                0.0      3.085078e-16           0.0      NaN             NaN           NaN
25         resample_file            NaN  30m   ETHUSD   52608        NaN      NaN    NaN  NaN                            NaN           NaN           NaN        NaN                         NaN               NaN          0.0              0.0             0.0                0.0      3.396800e-16           0.0      NaN             NaN           NaN
26         resample_file            NaN   1h   ETHUSD   26304        NaN      NaN    NaN  NaN                            NaN           NaN           NaN        NaN                         NaN               NaN          0.0              0.0             0.0                0.0      2.566548e-16           0.0      NaN             NaN           NaN
27         resample_file            NaN   4h   ETHUSD    6576        NaN      NaN    NaN  NaN                            NaN           NaN           NaN        NaN                         NaN               NaN          0.0              0.0             0.0                0.0      2.164561e-16           0.0      NaN             NaN           NaN
28         resample_file            NaN   1d   ETHUSD    1096        NaN      NaN    NaN  NaN                            NaN           NaN           NaN        NaN                         NaN               NaN          0.0              0.0             0.0                0.0      2.216288e-16           0.0      NaN             NaN           NaN
29  resample_harness_htf            NaN  15m   ETHUSD   26304        NaN      NaN    NaN   1h                            NaN           NaN           NaN        NaN                         NaN               NaN          NaN              NaN             NaN                0.0               NaN           NaN  26304.0             0.0          None
30  resample_harness_htf            NaN  30m   ETHUSD   13152        NaN      NaN    NaN   2h                            NaN           NaN           NaN        NaN                         NaN               NaN          NaN              NaN             NaN                0.0               NaN           NaN  13152.0             0.0          None
31  resample_harness_htf            NaN   1h   ETHUSD    6576        NaN      NaN    NaN   4h                            NaN           NaN           NaN        NaN                         NaN               NaN          NaN              NaN             NaN                0.0               NaN           NaN   6576.0             0.0          None
32  resample_harness_htf            NaN   4h   ETHUSD    1096        NaN      NaN    NaN   1d                            NaN           NaN           NaN        NaN                         NaN               NaN          NaN              NaN             NaN                0.0               NaN           NaN   1096.0             0.0          None
33  resample_harness_htf            NaN   1d   ETHUSD     157        NaN      NaN    NaN   1w                            NaN           NaN           NaN        NaN                         NaN               NaN          NaN              NaN             NaN                0.0               NaN           NaN    157.0             0.0          True
34         resample_file            NaN  15m   SOLUSD   96384        NaN      NaN    NaN  NaN                            NaN           NaN           NaN        NaN                         NaN               NaN          0.0              0.0             0.0                0.0      2.510551e-16           4.0      NaN             NaN           NaN
35         resample_file            NaN  30m   SOLUSD   48192        NaN      NaN    NaN  NaN                            NaN           NaN           NaN        NaN                         NaN               NaN          0.0              0.0             0.0                0.0      2.927310e-16           3.0      NaN             NaN           NaN
36         resample_file            NaN   1h   SOLUSD   24096        NaN      NaN    NaN  NaN                            NaN           NaN           NaN        NaN                         NaN               NaN          0.0              0.0             0.0                0.0      3.153767e-16           3.0      NaN             NaN           NaN
37         resample_file            NaN   4h   SOLUSD    6024        NaN      NaN    NaN  NaN                            NaN           NaN           NaN        NaN                         NaN               NaN          0.0              0.0             0.0                0.0      2.744913e-16           3.0      NaN             NaN           NaN
38         resample_file            NaN   1d   SOLUSD    1004        NaN      NaN    NaN  NaN                            NaN           NaN           NaN        NaN                         NaN               NaN          0.0              0.0             0.0                0.0      2.521389e-16           3.0      NaN             NaN           NaN
39  resample_harness_htf            NaN  15m   SOLUSD   24096        NaN      NaN    NaN   1h                            NaN           NaN           NaN        NaN                         NaN               NaN          NaN              NaN             NaN                0.0               NaN           NaN  24096.0             0.0          None
40  resample_harness_htf            NaN  30m   SOLUSD   12048        NaN      NaN    NaN   2h                            NaN           NaN           NaN        NaN                         NaN               NaN          NaN              NaN             NaN                0.0               NaN           NaN  12048.0             0.0          None
41  resample_harness_htf            NaN   1h   SOLUSD    6024        NaN      NaN    NaN   4h                            NaN           NaN           NaN        NaN                         NaN               NaN          NaN              NaN             NaN                0.0               NaN           NaN   6024.0             0.0          None
42  resample_harness_htf            NaN   4h   SOLUSD    1004        NaN      NaN    NaN   1d                            NaN           NaN           NaN        NaN                         NaN               NaN          NaN              NaN             NaN                0.0               NaN           NaN   1004.0             0.0          None
43  resample_harness_htf            NaN   1d   SOLUSD     144        NaN      NaN    NaN   1w                            NaN           NaN           NaN        NaN                         NaN               NaN          NaN              NaN             NaN                0.0               NaN           NaN    144.0             0.0          True
44         resample_file            NaN  15m   XRPUSD  105216        NaN      NaN    NaN  NaN                            NaN           NaN           NaN        NaN                         NaN               NaN          0.0              0.0             0.0                0.0      3.198555e-16         284.0      NaN             NaN           NaN
45         resample_file            NaN  30m   XRPUSD   52608        NaN      NaN    NaN  NaN                            NaN           NaN           NaN        NaN                         NaN               NaN          0.0              0.0             0.0                0.0      3.017496e-16         271.0      NaN             NaN           NaN
46         resample_file            NaN   1h   XRPUSD   26304        NaN      NaN    NaN  NaN                            NaN           NaN           NaN        NaN                         NaN               NaN          0.0              0.0             0.0                0.0      2.874097e-16         252.0      NaN             NaN           NaN
47         resample_file            NaN   4h   XRPUSD    6576        NaN      NaN    NaN  NaN                            NaN           NaN           NaN        NaN                         NaN               NaN          0.0              0.0             0.0                0.0      2.565691e-16         200.0      NaN             NaN           NaN
48         resample_file            NaN   1d   XRPUSD    1096        NaN      NaN    NaN  NaN                            NaN           NaN           NaN        NaN                         NaN               NaN          0.0              0.0             0.0                0.0      2.031025e-16         122.0      NaN             NaN           NaN
49  resample_harness_htf            NaN  15m   XRPUSD   26304        NaN      NaN    NaN   1h                            NaN           NaN           NaN        NaN                         NaN               NaN          NaN              NaN             NaN                0.0               NaN           NaN  26304.0             0.0          None
50  resample_harness_htf            NaN  30m   XRPUSD   13152        NaN      NaN    NaN   2h                            NaN           NaN           NaN        NaN                         NaN               NaN          NaN              NaN             NaN                0.0               NaN           NaN  13152.0             0.0          None
51  resample_harness_htf            NaN   1h   XRPUSD    6576        NaN      NaN    NaN   4h                            NaN           NaN           NaN        NaN                         NaN               NaN          NaN              NaN             NaN                0.0               NaN           NaN   6576.0             0.0          None
52  resample_harness_htf            NaN   4h   XRPUSD    1096        NaN      NaN    NaN   1d                            NaN           NaN           NaN        NaN                         NaN               NaN          NaN              NaN             NaN                0.0               NaN           NaN   1096.0             0.0          None
53  resample_harness_htf            NaN   1d   XRPUSD     157        NaN      NaN    NaN   1w                            NaN           NaN           NaN        NaN                         NaN               NaN          NaN              NaN             NaN                0.0               NaN           NaN    157.0             0.0          True
54         resample_file            NaN  15m  DOGEUSD  102240        NaN      NaN    NaN  NaN                            NaN           NaN           NaN        NaN                         NaN               NaN          0.0              0.0             0.0                0.0      2.574997e-16           1.0      NaN             NaN           NaN
55         resample_file            NaN  30m  DOGEUSD   51120        NaN      NaN    NaN  NaN                            NaN           NaN           NaN        NaN                         NaN               NaN          0.0              0.0             0.0                0.0      2.584140e-16           1.0      NaN             NaN           NaN
56         resample_file            NaN   1h  DOGEUSD   25560        NaN      NaN    NaN  NaN                            NaN           NaN           NaN        NaN                         NaN               NaN          0.0              0.0             0.0                0.0      2.561461e-16           1.0      NaN             NaN           NaN
57         resample_file            NaN   4h  DOGEUSD    6390        NaN      NaN    NaN  NaN                            NaN           NaN           NaN        NaN                         NaN               NaN          0.0              0.0             0.0                0.0      3.075253e-16           1.0      NaN             NaN           NaN
58         resample_file            NaN   1d  DOGEUSD    1065        NaN      NaN    NaN  NaN                            NaN           NaN           NaN        NaN                         NaN               NaN          0.0              0.0             0.0                0.0      2.217853e-16           1.0      NaN             NaN           NaN
59  resample_harness_htf            NaN  15m  DOGEUSD   25560        NaN      NaN    NaN   1h                            NaN           NaN           NaN        NaN                         NaN               NaN          NaN              NaN             NaN                0.0               NaN           NaN  25560.0             0.0          None
60  resample_harness_htf            NaN  30m  DOGEUSD   12780        NaN      NaN    NaN   2h                            NaN           NaN           NaN        NaN                         NaN               NaN          NaN              NaN             NaN                0.0               NaN           NaN  12780.0             0.0          None
61  resample_harness_htf            NaN   1h  DOGEUSD    6390        NaN      NaN    NaN   4h                            NaN           NaN           NaN        NaN                         NaN               NaN          NaN              NaN             NaN                0.0               NaN           NaN   6390.0             0.0          None
62  resample_harness_htf            NaN   4h  DOGEUSD    1065        NaN      NaN    NaN   1d                            NaN           NaN           NaN        NaN                         NaN               NaN          NaN              NaN             NaN                0.0               NaN           NaN   1065.0             0.0          None
63  resample_harness_htf            NaN   1d  DOGEUSD     153        NaN      NaN    NaN   1w                            NaN           NaN           NaN        NaN                         NaN               NaN          NaN              NaN             NaN                0.0               NaN           NaN    153.0             0.0          True
64         resample_file            NaN  15m   LTCUSD  105216        NaN      NaN    NaN  NaN                            NaN           NaN           NaN        NaN                         NaN               NaN          0.0              0.0             0.0                0.0      3.019906e-16           1.0      NaN             NaN           NaN
65         resample_file            NaN  30m   LTCUSD   52608        NaN      NaN    NaN  NaN                            NaN           NaN           NaN        NaN                         NaN               NaN          0.0              0.0             0.0                0.0      2.522347e-16           1.0      NaN             NaN           NaN
66         resample_file            NaN   1h   LTCUSD   26304        NaN      NaN    NaN  NaN                            NaN           NaN           NaN        NaN                         NaN               NaN          0.0              0.0             0.0                0.0      2.218298e-16           1.0      NaN             NaN           NaN
67         resample_file            NaN   4h   LTCUSD    6576        NaN      NaN    NaN  NaN                            NaN           NaN           NaN        NaN                         NaN               NaN          0.0              0.0             0.0                0.0      2.185757e-16           1.0      NaN             NaN           NaN
68         resample_file            NaN   1d   LTCUSD    1096        NaN      NaN    NaN  NaN                            NaN           NaN           NaN        NaN                         NaN               NaN          0.0              0.0             0.0                0.0      2.199148e-16           1.0      NaN             NaN           NaN
69  resample_harness_htf            NaN  15m   LTCUSD   26304        NaN      NaN    NaN   1h                            NaN           NaN           NaN        NaN                         NaN               NaN          NaN              NaN             NaN                0.0               NaN           NaN  26304.0             0.0          None
70  resample_harness_htf            NaN  30m   LTCUSD   13152        NaN      NaN    NaN   2h                            NaN           NaN           NaN        NaN                         NaN               NaN          NaN              NaN             NaN                0.0               NaN           NaN  13152.0             0.0          None
71  resample_harness_htf            NaN   1h   LTCUSD    6576        NaN      NaN    NaN   4h                            NaN           NaN           NaN        NaN                         NaN               NaN          NaN              NaN             NaN                0.0               NaN           NaN   6576.0             0.0          None
72  resample_harness_htf            NaN   4h   LTCUSD    1096        NaN      NaN    NaN   1d                            NaN           NaN           NaN        NaN                         NaN               NaN          NaN              NaN             NaN                0.0               NaN           NaN   1096.0             0.0          None
73  resample_harness_htf            NaN   1d   LTCUSD     157        NaN      NaN    NaN   1w                            NaN           NaN           NaN        NaN                         NaN               NaN          NaN              NaN             NaN                0.0               NaN           NaN    157.0             0.0          True
74         resample_file            NaN  15m   BCHUSD  105213        NaN      NaN    NaN  NaN                            NaN           NaN           NaN        NaN                         NaN               NaN          0.0              0.0             0.0                0.0      3.136098e-16          31.0      NaN             NaN           NaN
75         resample_file            NaN  30m   BCHUSD   52608        NaN      NaN    NaN  NaN                            NaN           NaN           NaN        NaN                         NaN               NaN          0.0              0.0             0.0                0.0      3.096226e-16          27.0      NaN             NaN           NaN
76         resample_file            NaN   1h   BCHUSD   26304        NaN      NaN    NaN  NaN                            NaN           NaN           NaN        NaN                         NaN               NaN          0.0              0.0             0.0                0.0      2.518840e-16          25.0      NaN             NaN           NaN
77         resample_file            NaN   4h   BCHUSD    6576        NaN      NaN    NaN  NaN                            NaN           NaN           NaN        NaN                         NaN               NaN          0.0              0.0             0.0                0.0      2.486523e-16          22.0      NaN             NaN           NaN
78         resample_file            NaN   1d   BCHUSD    1096        NaN      NaN    NaN  NaN                            NaN           NaN           NaN        NaN                         NaN               NaN          0.0              0.0             0.0                0.0      2.126498e-16          18.0      NaN             NaN           NaN
79  resample_harness_htf            NaN  15m   BCHUSD   26304        NaN      NaN    NaN   1h                            NaN           NaN           NaN        NaN                         NaN               NaN          NaN              NaN             NaN                0.0               NaN           NaN  26304.0             0.0          None
80  resample_harness_htf            NaN  30m   BCHUSD   13152        NaN      NaN    NaN   2h                            NaN           NaN           NaN        NaN                         NaN               NaN          NaN              NaN             NaN                0.0               NaN           NaN  13152.0             0.0          None
81  resample_harness_htf            NaN   1h   BCHUSD    6576        NaN      NaN    NaN   4h                            NaN           NaN           NaN        NaN                         NaN               NaN          NaN              NaN             NaN                0.0               NaN           NaN   6576.0             0.0          None
82  resample_harness_htf            NaN   4h   BCHUSD    1096        NaN      NaN    NaN   1d                            NaN           NaN           NaN        NaN                         NaN               NaN          NaN              NaN             NaN                0.0               NaN           NaN   1096.0             0.0          None
83  resample_harness_htf            NaN   1d   BCHUSD     157        NaN      NaN    NaN   1w                            NaN           NaN           NaN        NaN                         NaN               NaN          NaN              NaN             NaN                0.0               NaN           NaN    157.0             0.0          True
