1h: H=16 lam=1.500/day grid=25544 edges=[0.0, 0.00025, 0.0005, 0.00075, 0.001, 0.0015, 0.002, 0.003, 0.004, 0.006, 0.008, 0.01, 0.0125, 0.015] combos=42 load 0.4s
  seed 0 n_cand=1649 taken(P3|A|10,e0)=1329 t=3s
  seed 10 n_cand=1548 taken(P3|A|10,e0)=1278 t=7s
  seed 20 n_cand=1591 taken(P3|A|10,e0)=1302 t=12s
  seed 30 n_cand=1613 taken(P3|A|10,e0)=1302 t=16s
  seed 40 n_cand=1628 taken(P3|A|10,e0)=1326 t=20s
  seed 50 n_cand=1559 taken(P3|A|10,e0)=1307 t=25s
  seed 60 n_cand=1598 taken(P3|A|10,e0)=1312 t=29s
  seed 70 n_cand=1566 taken(P3|A|10,e0)=1255 t=34s
  seed 80 n_cand=1578 taken(P3|A|10,e0)=1282 t=40s
  seed 90 n_cand=1691 taken(P3|A|10,e0)=1363 t=46s
  seed 99 n_cand=1631 taken(P3|A|10,e0)=1314 t=50s
done 1h 51s
wrote 1h 588 rows
4h: H=4 lam=0.429/day grid=6386 edges=[0.0, 0.00025, 0.0005, 0.00075, 0.001, 0.0015, 0.002, 0.003, 0.004, 0.006, 0.008, 0.01, 0.0125, 0.015] combos=42 load 0.1s
  seed 0 n_cand=454 taken(P3|A|10,e0)=442 t=0s
  seed 10 n_cand=463 taken(P3|A|10,e0)=450 t=2s
  seed 20 n_cand=474 taken(P3|A|10,e0)=455 t=3s
  seed 30 n_cand=460 taken(P3|A|10,e0)=435 t=4s
  seed 40 n_cand=462 taken(P3|A|10,e0)=437 t=5s
  seed 50 n_cand=453 taken(P3|A|10,e0)=432 t=7s
  seed 60 n_cand=482 taken(P3|A|10,e0)=457 t=8s
  seed 70 n_cand=450 taken(P3|A|10,e0)=430 t=9s
  seed 80 n_cand=459 taken(P3|A|10,e0)=442 t=10s
  seed 90 n_cand=481 taken(P3|A|10,e0)=458 t=11s
  seed 99 n_cand=470 taken(P3|A|10,e0)=448 t=12s
done 4h 14s
wrote 4h 588 rows
15m: H=16 lam=4.500/day grid=102224 edges=[0.0, 0.00025, 0.0005, 0.00075, 0.001, 0.0015, 0.002, 0.003, 0.004, 0.006] combos=42 load 2.0s
  seed 0 n_cand=4751 taken(P3|A|10,e0)=3457 t=3s
  seed 10 n_cand=4835 taken(P3|A|10,e0)=3525 t=15s
  seed 20 n_cand=4805 taken(P3|A|10,e0)=3473 t=26s
  seed 30 n_cand=4803 taken(P3|A|10,e0)=3453 t=36s
  seed 40 n_cand=4824 taken(P3|A|10,e0)=3459 t=45s
  seed 50 n_cand=4823 taken(P3|A|10,e0)=3497 t=55s
  seed 59 n_cand=4758 taken(P3|A|10,e0)=3413 t=64s
done 15m 66s
wrote 15m 420 rows
1h: H=16 lam=1.500/day grid=25544 edges=[0.0, 0.00025, 0.0005, 0.00075, 0.001, 0.0015, 0.002, 0.003, 0.004, 0.006, 0.008, 0.01, 0.0125, 0.015] combos=42 load 0.4s
  seed 0 n_cand=1649 taken(P3|A|10,e0)=1233 t=1s
  seed 10 n_cand=1548 taken(P3|A|10,e0)=1214 t=6s
  seed 20 n_cand=1591 taken(P3|A|10,e0)=1226 t=10s
  seed 30 n_cand=1613 taken(P3|A|10,e0)=1225 t=15s
  seed 40 n_cand=1628 taken(P3|A|10,e0)=1264 t=19s
  seed 50 n_cand=1559 taken(P3|A|10,e0)=1252 t=23s
  seed 59 n_cand=1610 taken(P3|A|10,e0)=1241 t=27s
done 1h 29s
wrote 1h 588 rows
4h: H=4 lam=0.429/day grid=6386 edges=[0.0, 0.00025, 0.0005, 0.00075, 0.001, 0.0015, 0.002, 0.003, 0.004, 0.006, 0.008, 0.01, 0.0125, 0.015] combos=42 load 0.1s
  seed 0 n_cand=454 taken(P3|A|10,e0)=432 t=1s
  seed 10 n_cand=463 taken(P3|A|10,e0)=441 t=2s
  seed 20 n_cand=474 taken(P3|A|10,e0)=445 t=3s
  seed 30 n_cand=460 taken(P3|A|10,e0)=430 t=4s
  seed 40 n_cand=462 taken(P3|A|10,e0)=433 t=5s
  seed 50 n_cand=453 taken(P3|A|10,e0)=427 t=6s
  seed 59 n_cand=467 taken(P3|A|10,e0)=438 t=7s
done 4h 8s
wrote 4h 588 rows
1d: H=4 lam=0.214/day grid=1042 edges=[0.0, 0.00025, 0.0005, 0.00075, 0.001, 0.0015, 0.002, 0.003, 0.004, 0.006, 0.008, 0.01, 0.0125, 0.015, 0.02, 0.025, 0.03] combos=42 load 0.0s
  seed 0 n_cand=231 taken(P3|A|10,e0)=221 t=1s
  seed 10 n_cand=240 taken(P3|A|10,e0)=233 t=2s
  seed 20 n_cand=198 taken(P3|A|10,e0)=191 t=3s
  seed 30 n_cand=246 taken(P3|A|10,e0)=242 t=3s
  seed 40 n_cand=246 taken(P3|A|10,e0)=234 t=4s
  seed 50 n_cand=214 taken(P3|A|10,e0)=210 t=5s
  seed 59 n_cand=230 taken(P3|A|10,e0)=217 t=5s
done 1d 7s
wrote 1d 714 rows
15m: H=16 lam=4.500/day grid=102224 edges=[0.0, 0.00025, 0.0005, 0.00075, 0.001, 0.0015, 0.002, 0.003, 0.004, 0.006] combos=42 load 1.7s
  seed 0 n_cand=4751 taken(P3|A|10,e0)=3573 t=3s
  seed 10 n_cand=4835 taken(P3|A|10,e0)=3629 t=13s
  seed 20 n_cand=4805 taken(P3|A|10,e0)=3596 t=24s
  seed 30 n_cand=4803 taken(P3|A|10,e0)=3578 t=33s
  seed 40 n_cand=4824 taken(P3|A|10,e0)=3575 t=43s
  seed 50 n_cand=4823 taken(P3|A|10,e0)=3630 t=52s
  seed 59 n_cand=4758 taken(P3|A|10,e0)=3540 t=61s
done 15m 62s
wrote 15m 420 rows
1h: H=16 lam=1.500/day grid=25544 edges=[0.0, 0.00025, 0.0005, 0.00075, 0.001, 0.0015, 0.002, 0.003, 0.004, 0.006, 0.008, 0.01, 0.0125, 0.015] combos=42 load 0.5s
  seed 0 n_cand=1649 taken(P3|A|10,e0)=1329 t=2s
  seed 10 n_cand=1548 taken(P3|A|10,e0)=1278 t=6s
  seed 20 n_cand=1591 taken(P3|A|10,e0)=1302 t=11s
  seed 30 n_cand=1613 taken(P3|A|10,e0)=1302 t=17s
  seed 40 n_cand=1628 taken(P3|A|10,e0)=1326 t=22s
  seed 50 n_cand=1559 taken(P3|A|10,e0)=1307 t=27s
  seed 59 n_cand=1610 taken(P3|A|10,e0)=1317 t=31s
done 1h 33s
wrote 1h 588 rows
4h: H=4 lam=0.429/day grid=6386 edges=[0.0, 0.00025, 0.0005, 0.00075, 0.001, 0.0015, 0.002, 0.003, 0.004, 0.006, 0.008, 0.01, 0.0125, 0.015] combos=42 load 0.1s
  seed 0 n_cand=454 taken(P3|A|10,e0)=442 t=0s
  seed 10 n_cand=463 taken(P3|A|10,e0)=450 t=2s
  seed 20 n_cand=474 taken(P3|A|10,e0)=455 t=4s
  seed 30 n_cand=460 taken(P3|A|10,e0)=435 t=6s
  seed 40 n_cand=462 taken(P3|A|10,e0)=437 t=7s
  seed 50 n_cand=453 taken(P3|A|10,e0)=432 t=9s
  seed 59 n_cand=467 taken(P3|A|10,e0)=442 t=10s
done 4h 11s
wrote 4h 588 rows
1d: H=4 lam=0.214/day grid=1042 edges=[0.0, 0.00025, 0.0005, 0.00075, 0.001, 0.0015, 0.002, 0.003, 0.004, 0.006, 0.008, 0.01, 0.0125, 0.015, 0.02, 0.025, 0.03] combos=42 load 0.0s
  seed 0 n_cand=231 taken(P3|A|10,e0)=224 t=0s
  seed 10 n_cand=240 taken(P3|A|10,e0)=235 t=1s
  seed 20 n_cand=198 taken(P3|A|10,e0)=196 t=2s
  seed 30 n_cand=246 taken(P3|A|10,e0)=243 t=4s
  seed 40 n_cand=246 taken(P3|A|10,e0)=238 t=4s
  seed 50 n_cand=214 taken(P3|A|10,e0)=211 t=6s
  seed 59 n_cand=230 taken(P3|A|10,e0)=223 t=7s
done 1d 9s
wrote 1d 714 rows
15m: H=16 lam=4.500/day grid=102224 edges=[0.0, 0.00025, 0.0005, 0.00075, 0.001, 0.0015, 0.002, 0.003, 0.004, 0.006] combos=42 load 1.6s
  seed 0 n_cand=4751 taken(P3|A|10,e0)=3573 t=3s
  seed 10 n_cand=4835 taken(P3|A|10,e0)=3629 t=13s
  seed 20 n_cand=4805 taken(P3|A|10,e0)=3596 t=24s
  seed 30 n_cand=4803 taken(P3|A|10,e0)=3578 t=35s
  seed 40 n_cand=4824 taken(P3|A|10,e0)=3575 t=45s
  seed 50 n_cand=4823 taken(P3|A|10,e0)=3630 t=57s
  seed 59 n_cand=4758 taken(P3|A|10,e0)=3540 t=66s
done 15m 67s
wrote 15m 420 rows
1h: H=16 lam=1.500/day grid=25544 edges=[0.0, 0.00025, 0.0005, 0.00075, 0.001, 0.0015, 0.002, 0.003, 0.004, 0.006, 0.008, 0.01, 0.0125, 0.015] combos=42 load 0.5s
  seed 0 n_cand=1649 taken(P3|A|10,e0)=1329 t=2s
  seed 10 n_cand=1548 taken(P3|A|10,e0)=1278 t=6s
  seed 20 n_cand=1591 taken(P3|A|10,e0)=1302 t=10s
  seed 30 n_cand=1613 taken(P3|A|10,e0)=1302 t=14s
  seed 40 n_cand=1628 taken(P3|A|10,e0)=1326 t=19s
  seed 50 n_cand=1559 taken(P3|A|10,e0)=1307 t=24s
  seed 59 n_cand=1610 taken(P3|A|10,e0)=1317 t=28s
done 1h 29s
wrote 1h 588 rows
4h: H=4 lam=0.429/day grid=6386 edges=[0.0, 0.00025, 0.0005, 0.00075, 0.001, 0.0015, 0.002, 0.003, 0.004, 0.006, 0.008, 0.01, 0.0125, 0.015] combos=42 load 0.1s
  seed 0 n_cand=454 taken(P3|A|10,e0)=442 t=0s
  seed 10 n_cand=463 taken(P3|A|10,e0)=450 t=1s
  seed 20 n_cand=474 taken(P3|A|10,e0)=455 t=3s
  seed 30 n_cand=460 taken(P3|A|10,e0)=435 t=4s
  seed 40 n_cand=462 taken(P3|A|10,e0)=437 t=5s
  seed 50 n_cand=453 taken(P3|A|10,e0)=432 t=6s
  seed 59 n_cand=467 taken(P3|A|10,e0)=442 t=7s
done 4h 9s
wrote 4h 588 rows
1d: H=4 lam=0.214/day grid=1042 edges=[0.0, 0.00025, 0.0005, 0.00075, 0.001, 0.0015, 0.002, 0.003, 0.004, 0.006, 0.008, 0.01, 0.0125, 0.015, 0.02, 0.025, 0.03] combos=42 load 0.0s
  seed 0 n_cand=231 taken(P3|A|10,e0)=224 t=1s
  seed 10 n_cand=240 taken(P3|A|10,e0)=235 t=2s
  seed 20 n_cand=198 taken(P3|A|10,e0)=196 t=2s
  seed 30 n_cand=246 taken(P3|A|10,e0)=243 t=3s
  seed 40 n_cand=246 taken(P3|A|10,e0)=238 t=4s
  seed 50 n_cand=214 taken(P3|A|10,e0)=211 t=5s
  seed 59 n_cand=230 taken(P3|A|10,e0)=223 t=6s
done 1d 8s
wrote 1d 714 rows
ALLDONE
