5m: H=16 lam=8.000/day grid=306704 edges=[0.0, 0.00025, 0.0005, 0.00075, 0.001, 0.0015, 0.002] combos=42 load 6.1s
  seed 0 n_cand=8541 taken(P3|A|10,e0)=6599 t=8s
  seed 10 n_cand=8427 taken(P3|A|10,e0)=6533 t=23s
  seed 20 n_cand=8522 taken(P3|A|10,e0)=6629 t=38s
  seed 30 n_cand=8630 taken(P3|A|10,e0)=6692 t=52s
  seed 40 n_cand=8467 taken(P3|A|10,e0)=6551 t=67s
  seed 50 n_cand=8641 taken(P3|A|10,e0)=6690 t=82s
  seed 59 n_cand=8669 taken(P3|A|10,e0)=6725 t=96s
done 5m 97s
wrote 5m 294 rows
15m: H=16 lam=4.500/day grid=102224 edges=[0.0, 0.00025, 0.0005, 0.00075, 0.001, 0.0015, 0.002, 0.003] combos=42 load 1.7s
  seed 0 n_cand=4751 taken(P3|A|10,e0)=3573 t=3s
  seed 10 n_cand=4835 taken(P3|A|10,e0)=3629 t=12s
  seed 20 n_cand=4805 taken(P3|A|10,e0)=3596 t=21s
  seed 30 n_cand=4803 taken(P3|A|10,e0)=3578 t=31s
  seed 40 n_cand=4824 taken(P3|A|10,e0)=3575 t=43s
  seed 50 n_cand=4823 taken(P3|A|10,e0)=3630 t=52s
  seed 59 n_cand=4758 taken(P3|A|10,e0)=3540 t=60s
done 15m 61s
wrote 15m 336 rows
1h: H=16 lam=1.500/day grid=25544 edges=[0.0, 0.00025, 0.0005, 0.00075, 0.001, 0.0015, 0.002, 0.003, 0.004, 0.006] combos=42 load 0.5s
  seed 0 n_cand=1649 taken(P3|A|10,e0)=1329 t=1s
  seed 10 n_cand=1548 taken(P3|A|10,e0)=1278 t=5s
  seed 20 n_cand=1591 taken(P3|A|10,e0)=1302 t=9s
  seed 30 n_cand=1613 taken(P3|A|10,e0)=1302 t=12s
  seed 40 n_cand=1628 taken(P3|A|10,e0)=1326 t=16s
  seed 50 n_cand=1559 taken(P3|A|10,e0)=1307 t=20s
  seed 59 n_cand=1610 taken(P3|A|10,e0)=1317 t=23s
done 1h 24s
wrote 1h 420 rows
4h: H=4 lam=0.429/day grid=6386 edges=[0.0, 0.00025, 0.0005, 0.00075, 0.001, 0.0015, 0.002, 0.003, 0.004, 0.006] combos=42 load 0.1s
  seed 0 n_cand=454 taken(P3|A|10,e0)=442 t=0s
  seed 10 n_cand=463 taken(P3|A|10,e0)=450 t=1s
  seed 20 n_cand=474 taken(P3|A|10,e0)=455 t=3s
  seed 30 n_cand=460 taken(P3|A|10,e0)=435 t=4s
  seed 40 n_cand=462 taken(P3|A|10,e0)=437 t=5s
  seed 50 n_cand=453 taken(P3|A|10,e0)=432 t=6s
  seed 59 n_cand=467 taken(P3|A|10,e0)=442 t=7s
done 4h 8s
wrote 4h 420 rows
1d: H=4 lam=0.214/day grid=1042 edges=[0.0, 0.00025, 0.0005, 0.00075, 0.001, 0.0015, 0.002, 0.003, 0.004, 0.006, 0.008, 0.01, 0.0125, 0.015, 0.02] combos=42 load 0.0s
  seed 0 n_cand=231 taken(P3|A|10,e0)=224 t=1s
  seed 10 n_cand=240 taken(P3|A|10,e0)=235 t=1s
  seed 20 n_cand=198 taken(P3|A|10,e0)=196 t=2s
  seed 30 n_cand=246 taken(P3|A|10,e0)=243 t=3s
  seed 40 n_cand=246 taken(P3|A|10,e0)=238 t=3s
  seed 50 n_cand=214 taken(P3|A|10,e0)=211 t=4s
  seed 59 n_cand=230 taken(P3|A|10,e0)=223 t=5s
done 1d 6s
wrote 1d 630 rows
ALLDONE
