START 2026-09-29T12:20:04 python3 run_controls.py --tf 1d --split is --reps 200 --out out
tf  H      kind  n_target   n_mean  mu_star  null_rate_p05  null_rate_emp05  null_rate_p01  null_rate_holm1  null_rate_gate  null_rate_naive_t05  null_z_sd  mde80_over_mu  power_gate  power_p05  planted_frac_fwd_ge_mu  vn_null_rate_p05  vn_null_z_sd  null_rate_gate_and_vn  power_gate_and_vn  null_max_z  vn_null_max_z
1d  4       iid       150  149.895   0.0078          0.060            0.055          0.010            0.000           0.000                0.050     0.9253         4.1948       0.025      0.520                   0.745             0.030        0.9054                  0.000              0.025      2.9489         2.3839
1d  4       iid       500  499.510   0.0078          0.065            0.055          0.010            0.000           0.000                0.060     0.9579         2.3032       0.215      0.935                   0.865             0.040        0.9315                  0.000              0.215      2.5202         2.2264
1d  4       iid      2000 1997.255   0.0078          0.050            0.040          0.000            0.000           0.000                0.050     0.9295         1.1557       0.990      1.000                   0.995             0.040        0.9143                  0.000              0.990      2.2193         2.1195
1d  4    burst4       150  147.750   0.0078          0.075            0.070          0.015            0.000           0.000                0.165     1.0586         6.9484       0.005      0.285                   0.655             0.055        1.0443                  0.000              0.005      3.7223         3.2905
1d  4    burst4       500  481.815   0.0078          0.040            0.040          0.010            0.000           0.000                0.195     1.0299         3.8977       0.015      0.570                   0.735             0.025        1.0136                  0.000              0.015      2.4452         2.5268
1d  4    burst4      2000 1764.755   0.0078          0.050            0.045          0.000            0.000           0.000                0.140     0.9535         1.9999       0.330      0.970                   0.885             0.040        1.0010                  0.000              0.330      2.3153         2.7675
1d  4  voltimed       150  149.725   0.0078          0.080            0.080          0.015            0.000           0.000                0.075     1.0653         4.1077       0.025      0.550                   0.735             0.035        0.9418                  0.000              0.025      3.3228         2.3704
1d  4  voltimed       500  499.140   0.0078          0.075            0.080          0.035            0.000           0.000                0.080     1.1767         2.2377       0.290      0.880                   0.810             0.060        1.0476                  0.000              0.290      3.1827         3.1108
1d  4  voltimed      2000 1967.685   0.0078          0.060            0.060          0.015            0.000           0.000                0.060     1.0268         1.1272       0.990      1.000                   0.990             0.080        1.0585                  0.000              0.990      3.1221         2.7102
1d  4 hourtimed       150  150.135   0.0078          0.050            0.045          0.010            0.000           0.000                0.045     1.1193         4.1595       0.025      0.445                   0.660             0.060        1.0621                  0.000              0.025      3.0566         3.2255
1d  4 hourtimed       500  500.075   0.0078          0.075            0.065          0.010            0.000           0.000                0.065     1.0017         2.2988       0.220      0.930                   0.840             0.050        0.9833                  0.000              0.220      2.9630         2.3570
1d  4 hourtimed      2000 2000.135   0.0078          0.055            0.055          0.005            0.000           0.000                0.055     1.0081         1.1512       0.970      1.000                   0.970             0.055        0.9626                  0.000              0.970      2.8592         2.2415
1d 16       iid       150  150.745   0.0174          0.065            0.055          0.015            0.000           0.000                0.055     0.9819         4.1091       0.025      0.535                   0.770             0.065        1.0309                  0.000              0.025      2.8679         2.7601
1d 16       iid       500  501.825   0.0174          0.025            0.020          0.010            0.000           0.000                0.030     0.9500         2.2125       0.300      0.935                   0.865             0.070        0.9912                  0.000              0.300      3.1604         2.7236
1d 16       iid      2000 1996.255   0.0174          0.070            0.065          0.020            0.000           0.000                0.060     1.0527         1.1143       0.980      1.000                   0.985             0.060        1.0599                  0.000              0.980      2.7978         3.5928
1d 16    burst4       150  147.805   0.0174          0.065            0.055          0.015            0.000           0.000                0.195     1.1183         7.9334       0.000      0.205                   0.565             0.050        1.0816                  0.000              0.000      2.4290         2.9026
1d 16    burst4       500  480.495   0.0174          0.055            0.060          0.010            0.000           0.000                0.145     0.9973         4.3394       0.030      0.465                   0.705             0.040        1.0212                  0.000              0.030      2.4090         2.5327
1d 16    burst4      2000 1762.805   0.0174          0.055            0.055          0.000            0.000           0.000                0.180     1.0355         2.2423       0.255      0.895                   0.850             0.015        1.0630                  0.000              0.255      2.2110         2.5842
1d 16  voltimed       150  147.990   0.0174          0.025            0.030          0.005            0.000           0.000                0.030     0.9675         4.0301       0.005      0.550                   0.745             0.040        0.9996                  0.000              0.005      2.8954         2.3832
1d 16  voltimed       500  500.170   0.0174          0.035            0.040          0.015            0.000           0.000                0.045     1.0200         2.1775       0.305      0.930                   0.855             0.035        1.0435                  0.000              0.305      3.0570         2.6379
1d 16  voltimed      2000 1966.710   0.0174          0.060            0.065          0.015            0.000           0.000                0.065     1.1036         1.0919       0.975      1.000                   0.980             0.065        1.1126                  0.000              0.975      2.5819         2.6989
1d 16 hourtimed       150  149.630   0.0174          0.040            0.040          0.015            0.000           0.000                0.045     1.0674         4.1249       0.025      0.445                   0.675             0.060        1.1023                  0.000              0.025      3.5185         3.2711
1d 16 hourtimed       500  499.855   0.0174          0.060            0.065          0.010            0.000           0.000                0.070     1.0192         2.2518       0.270      0.930                   0.845             0.055        1.0287                  0.000              0.270      3.1408         2.7525
1d 16 hourtimed      2000 2001.360   0.0174          0.040            0.055          0.015            0.000           0.000                0.055     1.0957         1.1336       0.970      1.000                   0.970             0.035        1.0122                  0.000              0.970      3.2454         2.6721
1d 64       iid       150  149.365   0.0446          0.085            0.080          0.035            0.000           0.000                0.045     1.1395         3.2557       0.095      0.640                   0.750             0.085        1.1890                  0.000              0.095      2.9832         4.9428
1d 64       iid       500  499.385   0.0446          0.060            0.070          0.020            0.000           0.000                0.050     1.1485         1.7525       0.480      0.970                   0.845             0.050        1.2427                  0.000              0.480      3.7753         4.8529
1d 64       iid      2000 2001.025   0.0446          0.055            0.060          0.015            0.000           0.000                0.035     1.0803         0.8890       0.990      1.000                   0.995             0.050        1.0699                  0.000              0.990      3.0868         3.4940
1d 64    burst4       150  149.370   0.0446          0.085            0.095          0.045            0.015           0.015                0.210     1.2762         6.4383       0.045      0.330                   0.660             0.080        1.2306                  0.015              0.040      5.2257         4.9350
1d 64    burst4       500  480.520   0.0446          0.090            0.090          0.030            0.000           0.000                0.225     1.2483         3.5513       0.105      0.660                   0.785             0.065        1.2081                  0.000              0.095      3.3582         4.1383
1d 64    burst4      2000 1754.255   0.0446          0.085            0.090          0.030            0.005           0.000                0.185     1.2005         1.8008       0.470      0.980                   0.880             0.080        1.2116                  0.000              0.470      3.9738         3.4410
1d 64  voltimed       150  150.170   0.0446          0.095            0.085          0.030            0.000           0.000                0.065     1.1122         3.2793       0.115      0.680                   0.795             0.090        1.2147                  0.000              0.110      3.2172         3.2447
1d 64  voltimed       500  499.825   0.0446          0.050            0.060          0.000            0.000           0.000                0.030     1.0294         1.7311       0.540      0.990                   0.915             0.070        1.0802                  0.000              0.540      2.3215         2.8856
1d 64  voltimed      2000 1958.720   0.0446          0.045            0.050          0.010            0.000           0.000                0.040     0.9691         0.8968       0.990      1.000                   1.000             0.060        1.0690                  0.000              0.990      2.4488         2.6366
1d 64 hourtimed       150  150.720   0.0446          0.095            0.080          0.050            0.000           0.000                0.075     1.2799         3.2082       0.105      0.690                   0.725             0.100        1.2206                  0.000              0.105      3.4631         3.3712
1d 64 hourtimed       500  497.895   0.0446          0.050            0.050          0.015            0.000           0.000                0.025     1.2224         1.7212       0.500      0.950                   0.855             0.060        1.1165                  0.000              0.500      3.1706         3.1196
1d 64 hourtimed      2000 1999.280   0.0446          0.065            0.065          0.035            0.000           0.000                0.040     1.1575         0.8701       0.985      1.000                   0.985             0.060        1.1425                  0.000              0.985      3.3033         3.5194
saved out/controls_is_1d.csv 102s
END 2026-09-29T12:21:47 rc=0 wall_s=103
