START 2026-09-29T12:17:40 python3 run_controls.py --tf 4h --split is --reps 200 --out out
tf  H      kind  n_target   n_mean  mu_star  null_rate_p05  null_rate_emp05  null_rate_p01  null_rate_holm1  null_rate_gate  null_rate_naive_t05  null_z_sd  mde80_over_mu  power_gate  power_p05  planted_frac_fwd_ge_mu  vn_null_rate_p05  vn_null_z_sd  null_rate_gate_and_vn  power_gate_and_vn  null_max_z  vn_null_max_z
4h  4       iid       150  149.710   0.0037          0.030            0.025          0.005            0.000           0.000                0.040     0.8676         3.6174       0.020      0.655                   0.780             0.040        0.9308                    0.0              0.020      2.3282         2.1014
4h  4       iid       500  499.905   0.0037          0.050            0.055          0.015            0.000           0.000                0.055     1.0505         1.9946       0.360      0.975                   0.880             0.040        0.9273                    0.0              0.360      2.8229         2.0952
4h  4       iid      2000 1999.810   0.0037          0.055            0.050          0.025            0.000           0.000                0.055     1.0439         0.9858       0.995      1.000                   0.995             0.075        1.0281                    0.0              0.995      2.8644         3.0242
4h  4    burst4       150  148.505   0.0037          0.035            0.030          0.010            0.005           0.005                0.115     1.0055         6.0964       0.010      0.260                   0.660             0.035        0.9131                    0.0              0.010      5.4598         2.0100
4h  4    burst4       500  495.485   0.0037          0.050            0.055          0.015            0.000           0.000                0.200     0.9656         3.3153       0.050      0.740                   0.850             0.060        1.0081                    0.0              0.050      2.7377         3.6301
4h  4    burst4      2000 1970.540   0.0037          0.065            0.055          0.010            0.000           0.000                0.200     1.0573         1.6484       0.630      0.990                   0.915             0.050        0.9897                    0.0              0.630      2.7317         2.5280
4h  4  voltimed       150  149.500   0.0037          0.065            0.060          0.030            0.000           0.000                0.045     1.1290         3.5991       0.055      0.585                   0.700             0.045        0.9249                    0.0              0.050      3.1261         2.8363
4h  4  voltimed       500  502.115   0.0037          0.090            0.090          0.005            0.000           0.000                0.050     1.1424         1.9633       0.420      0.945                   0.820             0.025        0.9811                    0.0              0.420      2.6642         2.2887
4h  4  voltimed      2000 2003.155   0.0037          0.070            0.075          0.005            0.000           0.000                0.040     1.1311         0.9848       0.980      1.000                   0.980             0.050        1.0295                    0.0              0.980      2.3354         2.2175
4h  4 hourtimed       150  149.985   0.0037          0.050            0.060          0.005            0.000           0.000                0.055     0.9363         3.6002       0.030      0.595                   0.770             0.025        0.9689                    0.0              0.030      2.6223         3.1084
4h  4 hourtimed       500  499.355   0.0037          0.030            0.030          0.005            0.000           0.000                0.040     0.9886         1.9682       0.355      0.935                   0.880             0.040        1.0334                    0.0              0.355      2.4109         2.2514
4h  4 hourtimed      2000 1997.895   0.0037          0.040            0.035          0.005            0.000           0.000                0.040     0.9654         0.9937       0.985      1.000                   0.985             0.055        0.9655                    0.0              0.985      2.6731         2.4495
4h 16       iid       150  148.760   0.0065          0.045            0.045          0.005            0.000           0.000                0.040     0.9999         4.0810       0.010      0.575                   0.770             0.070        1.0070                    0.0              0.010      2.9130         2.4168
4h 16       iid       500  500.510   0.0065          0.075            0.075          0.015            0.000           0.000                0.075     1.0381         2.2261       0.255      0.930                   0.860             0.060        1.0589                    0.0              0.255      3.3291         2.8922
4h 16       iid      2000 2000.080   0.0065          0.035            0.035          0.010            0.000           0.000                0.035     0.9875         1.1168       0.980      1.000                   0.980             0.030        1.0064                    0.0              0.980      2.4764         2.4074
4h 16    burst4       150  149.005   0.0065          0.075            0.080          0.025            0.000           0.000                0.210     1.0118         7.8488       0.005      0.210                   0.610             0.045        0.9889                    0.0              0.000      2.8406         3.3274
4h 16    burst4       500  496.615   0.0065          0.050            0.050          0.015            0.005           0.005                0.190     1.0138         4.2855       0.025      0.475                   0.690             0.045        0.9896                    0.0              0.025      3.8192         3.7376
4h 16    burst4      2000 1962.235   0.0065          0.015            0.025          0.005            0.000           0.000                0.175     0.9633         2.1590       0.255      0.925                   0.855             0.035        0.9077                    0.0              0.255      2.5509         1.8630
4h 16  voltimed       150  150.150   0.0065          0.065            0.060          0.015            0.005           0.005                0.055     1.1308         4.0308       0.030      0.540                   0.700             0.050        0.9655                    0.0              0.030      4.1072         3.1741
4h 16  voltimed       500  501.200   0.0065          0.090            0.095          0.030            0.000           0.000                0.075     1.1198         2.1999       0.315      0.945                   0.845             0.060        0.9875                    0.0              0.315      3.3477         3.3556
4h 16  voltimed      2000 2002.795   0.0065          0.075            0.055          0.000            0.000           0.000                0.035     1.0187         1.1125       0.970      1.000                   0.970             0.045        0.9402                    0.0              0.970      2.1879         2.7002
4h 16 hourtimed       150  148.945   0.0065          0.060            0.055          0.010            0.000           0.000                0.050     1.0348         4.0836       0.015      0.530                   0.730             0.050        0.9789                    0.0              0.015      2.9328         3.0179
4h 16 hourtimed       500  500.915   0.0065          0.080            0.070          0.010            0.000           0.000                0.080     0.9712         2.2158       0.285      0.955                   0.900             0.080        0.9802                    0.0              0.285      3.0472         3.1101
4h 16 hourtimed      2000 2001.740   0.0065          0.030            0.035          0.015            0.000           0.000                0.035     0.9914         1.1196       0.985      1.000                   0.985             0.050        1.0199                    0.0              0.985      3.0517         3.1639
4h 64       iid       150  150.190   0.0136          0.055            0.055          0.015            0.000           0.000                0.065     1.0380         4.1690       0.020      0.530                   0.695             0.030        0.9450                    0.0              0.020      2.6581         2.4114
4h 64       iid       500  500.530   0.0136          0.050            0.050          0.015            0.000           0.000                0.040     1.0376         2.2581       0.235      0.915                   0.835             0.065        1.1051                    0.0              0.235      2.7940         2.8527
4h 64       iid      2000 2003.565   0.0136          0.065            0.065          0.010            0.000           0.000                0.060     1.0187         1.1219       0.990      1.000                   0.990             0.055        0.9768                    0.0              0.990      2.6178         2.6959
4h 64    burst4       150  147.665   0.0136          0.060            0.060          0.015            0.000           0.000                0.250     1.0696         8.2782       0.010      0.245                   0.695             0.075        1.0634                    0.0              0.005      3.6905         2.8862
4h 64    burst4       500  505.500   0.0136          0.060            0.055          0.015            0.000           0.000                0.230     1.0660         4.5557       0.015      0.485                   0.720             0.075        1.1167                    0.0              0.015      3.7568         3.2529
4h 64    burst4      2000 1965.380   0.0136          0.045            0.055          0.000            0.000           0.000                0.185     1.1108         2.2527       0.275      0.860                   0.765             0.040        1.1143                    0.0              0.275      2.2313         2.5576
4h 64  voltimed       150  149.935   0.0136          0.080            0.070          0.025            0.000           0.000                0.055     1.0446         4.0703       0.035      0.515                   0.675             0.045        0.9221                    0.0              0.025      3.5646         2.8045
4h 64  voltimed       500  498.470   0.0136          0.070            0.060          0.025            0.000           0.000                0.070     1.0501         2.2786       0.250      0.915                   0.830             0.045        0.9873                    0.0              0.245      3.7551         3.0151
4h 64  voltimed      2000 2004.145   0.0136          0.055            0.050          0.020            0.000           0.000                0.045     1.0225         1.1214       0.980      1.000                   0.980             0.040        0.9607                    0.0              0.980      2.5425         2.2335
4h 64 hourtimed       150  149.910   0.0136          0.060            0.060          0.005            0.000           0.000                0.040     0.9253         4.1243       0.010      0.475                   0.700             0.050        0.9414                    0.0              0.010      2.4061         2.6843
4h 64 hourtimed       500  498.725   0.0136          0.030            0.040          0.005            0.000           0.000                0.050     1.0373         2.2683       0.260      0.875                   0.800             0.060        1.0366                    0.0              0.260      2.3675         3.0354
4h 64 hourtimed      2000 1998.310   0.0136          0.070            0.065          0.015            0.000           0.000                0.065     1.0641         1.1260       0.965      1.000                   0.965             0.050        0.9684                    0.0              0.965      3.2664         3.0404
saved out/controls_is_4h.csv 142s
END 2026-09-29T12:20:04 rc=0 wall_s=144
