START 2026-09-29T12:14:53 python3 run_controls.py --tf 1h --split is --reps 200 --out out
tf  H      kind  n_target   n_mean  mu_star  null_rate_p05  null_rate_emp05  null_rate_p01  null_rate_holm1  null_rate_gate  null_rate_naive_t05  null_z_sd  mde80_over_mu  power_gate  power_p05  planted_frac_fwd_ge_mu  vn_null_rate_p05  vn_null_z_sd  null_rate_gate_and_vn  power_gate_and_vn  null_max_z  vn_null_max_z
1h  4       iid       150  150.175   0.0025          0.050            0.050          0.015            0.000           0.000                0.060     1.0274         2.7528       0.110      0.790                   0.765             0.030        0.9900                    0.0              0.110      3.1006         2.8298
1h  4       iid       500  500.310   0.0025          0.050            0.045          0.020            0.005           0.005                0.055     1.0481         1.4967       0.805      0.990                   0.945             0.070        1.0545                    0.0              0.805      3.9011         2.6370
1h  4       iid      2000 2001.300   0.0025          0.060            0.060          0.010            0.000           0.000                0.055     1.0226         0.7519       1.000      1.000                   1.000             0.070        1.0650                    0.0              1.000      3.2887         2.8303
1h  4    burst4       150  145.290   0.0025          0.055            0.055          0.010            0.005           0.005                0.200     1.0823         4.5819       0.020      0.405                   0.690             0.045        0.9793                    0.0              0.020      4.2350         2.3379
1h  4    burst4       500  502.545   0.0025          0.050            0.060          0.015            0.000           0.000                0.155     0.9954         2.4786       0.160      0.880                   0.845             0.065        0.9962                    0.0              0.160      2.7522         2.8120
1h  4    burst4      2000 1992.085   0.0025          0.065            0.055          0.015            0.000           0.000                0.160     0.9936         1.2405       0.960      1.000                   0.965             0.050        1.0308                    0.0              0.960      2.9065         3.4499
1h  4  voltimed       150  150.175   0.0025          0.155            0.160          0.045            0.005           0.005                0.060     1.5282         2.7362       0.250      0.705                   0.680             0.045        0.9599                    0.0              0.235      4.4433         2.5650
1h  4  voltimed       500  499.545   0.0025          0.150            0.145          0.065            0.005           0.005                0.060     1.5075         1.5009       0.735      0.975                   0.860             0.045        0.9832                    0.0              0.735      4.1014         2.5710
1h  4  voltimed      2000 1999.735   0.0025          0.150            0.145          0.075            0.005           0.000                0.050     1.6505         0.7476       0.975      1.000                   0.975             0.060        1.0931                    0.0              0.975      4.0873         2.9071
1h  4 hourtimed       150  150.275   0.0025          0.070            0.070          0.015            0.000           0.000                0.040     1.1007         2.7514       0.110      0.780                   0.770             0.050        0.9995                    0.0              0.110      3.3882         2.4825
1h  4 hourtimed       500  502.180   0.0025          0.055            0.060          0.015            0.000           0.000                0.050     1.0974         1.4971       0.770      0.995                   0.915             0.040        1.0196                    0.0              0.770      3.6435         2.1406
1h  4 hourtimed      2000 2002.605   0.0025          0.035            0.040          0.000            0.000           0.000                0.025     1.0282         0.7492       1.000      1.000                   1.000             0.035        0.9602                    0.0              1.000      2.2657         2.5733
1h 16       iid       150  150.020   0.0037          0.045            0.040          0.005            0.000           0.000                0.045     1.0275         3.6148       0.025      0.580                   0.730             0.060        1.0218                    0.0              0.025      2.4874         2.5263
1h 16       iid       500  497.715   0.0037          0.050            0.050          0.010            0.000           0.000                0.055     0.9457         1.9968       0.370      0.995                   0.895             0.045        0.9654                    0.0              0.370      3.1065         3.5667
1h 16       iid      2000 1995.630   0.0037          0.020            0.025          0.015            0.000           0.000                0.030     1.0037         0.9932       0.990      1.000                   0.990             0.040        1.0153                    0.0              0.990      3.0652         3.1498
1h 16    burst4       150  152.070   0.0037          0.055            0.060          0.015            0.000           0.000                0.190     0.9741         6.8531       0.000      0.215                   0.650             0.050        1.0464                    0.0              0.000      2.6847         3.8679
1h 16    burst4       500  499.595   0.0037          0.060            0.065          0.015            0.005           0.005                0.180     1.0323         3.8301       0.040      0.570                   0.680             0.060        1.0375                    0.0              0.040      4.6486         2.8241
1h 16    burst4      2000 1999.375   0.0037          0.030            0.040          0.005            0.000           0.000                0.210     1.0330         1.9020       0.435      0.965                   0.875             0.060        1.0484                    0.0              0.435      3.1537         3.5930
1h 16  voltimed       150  149.195   0.0037          0.105            0.095          0.055            0.000           0.000                0.060     1.4828         3.6127       0.080      0.530                   0.610             0.030        0.9550                    0.0              0.035      3.4296         2.4263
1h 16  voltimed       500  504.485   0.0037          0.120            0.115          0.030            0.005           0.005                0.040     1.3563         1.9693       0.475      0.940                   0.870             0.045        0.9730                    0.0              0.470      4.1161         2.6623
1h 16  voltimed      2000 2003.950   0.0037          0.180            0.185          0.065            0.005           0.000                0.075     1.4278         0.9815       0.980      1.000                   0.980             0.080        1.0342                    0.0              0.980      4.5451         3.0803
1h 16 hourtimed       150  148.995   0.0037          0.055            0.065          0.005            0.000           0.000                0.070     0.9950         3.6515       0.025      0.575                   0.695             0.045        0.9890                    0.0              0.025      3.0314         2.6637
1h 16 hourtimed       500  500.745   0.0037          0.045            0.050          0.010            0.000           0.000                0.055     1.0167         1.9877       0.375      0.955                   0.885             0.055        0.9797                    0.0              0.375      3.1751         2.4464
1h 16 hourtimed      2000 1998.755   0.0037          0.055            0.055          0.005            0.000           0.000                0.045     0.9863         0.9931       0.985      1.000                   0.985             0.045        1.0017                    0.0              0.985      2.5375         2.6719
1h 64       iid       150  150.370   0.0065          0.060            0.055          0.010            0.000           0.000                0.045     1.0177         4.0596       0.015      0.510                   0.705             0.060        1.0126                    0.0              0.010      2.9838         2.9709
1h 64       iid       500  501.505   0.0065          0.050            0.050          0.010            0.000           0.000                0.050     0.9637         2.2262       0.255      0.925                   0.875             0.045        0.9503                    0.0              0.255      2.3923         2.5765
1h 64       iid      2000 1999.025   0.0065          0.035            0.030          0.010            0.000           0.000                0.030     1.0350         1.1144       0.980      1.000                   0.980             0.030        0.9951                    0.0              0.980      2.6333         2.7846
1h 64    burst4       150  149.485   0.0065          0.060            0.065          0.005            0.000           0.000                0.235     0.9775         8.1303       0.000      0.240                   0.640             0.050        1.0105                    0.0              0.000      2.4771         2.2019
1h 64    burst4       500  507.930   0.0065          0.060            0.040          0.010            0.000           0.000                0.225     1.0578         4.3846       0.020      0.490                   0.705             0.050        1.0453                    0.0              0.020      2.9559         3.2529
1h 64    burst4      2000 1996.880   0.0065          0.075            0.070          0.025            0.000           0.000                0.230     1.0926         2.1965       0.270      0.935                   0.820             0.060        1.0456                    0.0              0.270      3.6345         3.0332
1h 64  voltimed       150  148.585   0.0065          0.085            0.080          0.020            0.000           0.000                0.035     1.1810         4.0729       0.050      0.565                   0.725             0.050        0.9000                    0.0              0.020      3.1847         2.3822
1h 64  voltimed       500  499.470   0.0065          0.085            0.080          0.005            0.000           0.000                0.030     1.1130         2.2315       0.275      0.890                   0.805             0.030        0.9151                    0.0              0.260      2.6959         2.5559
1h 64  voltimed      2000 2000.330   0.0065          0.060            0.060          0.030            0.000           0.000                0.055     1.1898         1.1103       0.950      1.000                   0.950             0.040        0.9793                    0.0              0.950      3.0260         2.9435
1h 64 hourtimed       150  150.390   0.0065          0.025            0.030          0.005            0.000           0.000                0.035     0.9320         4.0380       0.005      0.490                   0.655             0.035        0.9566                    0.0              0.005      2.6446         2.4963
1h 64 hourtimed       500  501.195   0.0065          0.050            0.050          0.010            0.000           0.000                0.050     1.0484         2.2293       0.230      0.890                   0.815             0.085        1.0928                    0.0              0.230      3.0556         2.4613
1h 64 hourtimed      2000 2000.475   0.0065          0.065            0.065          0.010            0.000           0.000                0.070     1.0029         1.1075       0.985      1.000                   0.985             0.065        0.9977                    0.0              0.985      2.9400         2.8222
saved out/controls_is_1h.csv 166s
END 2026-09-29T12:17:40 rc=0 wall_s=167
