START 2026-09-29T12:14:46 python3 run_gate_tf.py --tf 1h --split is --out out
loaded 7 coins: BTCUSD:26304 2021-07-01..2024-06-30 23:00 gaps=0 misaligned=0, ETHUSD:26304 2021-07-01..2024-06-30 23:00 gaps=0 misaligned=0, SOLUSD:24096 2021-10-01..2024-06-30 23:00 gaps=0 misaligned=0, XRPUSD:26304 2021-07-01..2024-06-30 23:00 gaps=0 misaligned=0, DOGEUSD:25560 2021-08-01..2024-06-30 23:00 gaps=0 misaligned=0, LTCUSD:26304 2021-07-01..2024-06-30 23:00 gaps=0 misaligned=0, BCHUSD:26304 2021-07-01..2024-06-30 23:00 gaps=0 misaligned=0
  1h BTCUSD S2_ST_ROC          bars=26304 sig=2476 0.1s
  1h BTCUSD S5_DONCHIAN_MFI    bars=26304 sig=56 0.0s
  1h BTCUSD S6_EMA_DMI_ADX     bars=26304 sig=288 0.0s
  1h BTCUSD N01_ST_EMA         bars=26304 sig=780 0.1s
  1h BTCUSD N02_ST_KST         bars=26304 sig=670 0.1s
  1h BTCUSD N03_ADX_GC         bars=26304 sig=27 0.0s
  1h BTCUSD N07_ICHI_CMO       bars=26304 sig=345 0.0s
  1h BTCUSD N08_ICHI_WR        bars=26304 sig=46 0.0s
  1h BTCUSD N09_ALLIG_AROON    bars=26304 sig=429 0.0s
  1h BTCUSD N10_HA_PSAR        bars=26304 sig=803 0.0s
  1h BTCUSD N12_ICHI_AO        bars=26304 sig=392 0.0s
  1h BTCUSD N14_ICHI_RSI       bars=26304 sig=1 0.0s
  1h BTCUSD N17_KC_RSI         bars=26304 sig=4090 0.0s
  1h BTCUSD N18_VWMA_MACD      bars=26304 sig=2331 0.0s
  1h BTCUSD N21_ST_RSI_ADX     bars=26304 sig=1 0.1s
  1h BTCUSD N22_VORTEX_PSAR    bars=26304 sig=2022 0.0s
  1h BTCUSD N23_HA_ST          bars=26304 sig=2605 0.1s
  1h BTCUSD N24_DMI            bars=26304 sig=1074 0.0s
  1h BTCUSD N25_DST_CCI        bars=26304 sig=1073 0.3s
  1h BTCUSD S1_EMA_RSI_CHOP    bars=26304 sig=16 0.0s
  1h BTCUSD S3_CMO_SANDWICH    bars=26304 sig=204 0.0s
  1h BTCUSD S4_BB_BBP          bars=26304 sig=790 0.0s
  1h BTCUSD N04_ST_KLINGER     bars=26304 sig=2162 0.1s
  1h BTCUSD N05_PSAR_POC       bars=26304 sig=222 1.1s
  1h BTCUSD N06_MACD_ORB       bars=26304 sig=367 0.0s
  1h BTCUSD N11_BREAKAWAY      bars=26304 sig=9 0.0s
  1h BTCUSD N13_3OUTSIDE       bars=26304 sig=116 0.0s
  1h BTCUSD N15_KC_AO          bars=26304 sig=6 0.0s
  1h BTCUSD N16_BBRSI          bars=26304 sig=391 2.8s
  1h BTCUSD N19_FIB_CHOP       bars=26304 sig=184 0.0s
  1h BTCUSD N20_EMA9_CHOP      bars=26304 sig=1064 0.0s
  1h BTCUSD V39_ALL            bars=26304 sig=902 1.3s
  1h BTCUSD OBV_S              bars=26304 sig=333 0.3s
  1h BTCUSD OBV_B              bars=26304 sig=939 0.2s
  1h BTCUSD V45_AMB            bars=26304 sig=280 1.1s
  1h BTCUSD DOGE_L             bars=26304 sig=232 0.1s
  1h BTCUSD DOGE_S             bars=26304 sig=196 0.1s
  1h ETHUSD S2_ST_ROC          bars=26304 sig=2284 0.2s
  1h ETHUSD S5_DONCHIAN_MFI    bars=26304 sig=56 0.0s
  1h ETHUSD S6_EMA_DMI_ADX     bars=26304 sig=283 0.0s
  1h ETHUSD N01_ST_EMA         bars=26304 sig=725 0.2s
  1h ETHUSD N02_ST_KST         bars=26304 sig=646 0.2s
  1h ETHUSD N03_ADX_GC         bars=26304 sig=26 0.0s
  1h ETHUSD N07_ICHI_CMO       bars=26304 sig=305 0.0s
  1h ETHUSD N08_ICHI_WR        bars=26304 sig=33 0.0s
  1h ETHUSD N09_ALLIG_AROON    bars=26304 sig=370 0.0s
  1h ETHUSD N10_HA_PSAR        bars=26304 sig=852 0.0s
  1h ETHUSD N12_ICHI_AO        bars=26304 sig=366 0.0s
  1h ETHUSD N14_ICHI_RSI       bars=26304 sig=0 0.0s
  1h ETHUSD N17_KC_RSI         bars=26304 sig=4317 0.0s
  1h ETHUSD N18_VWMA_MACD      bars=26304 sig=2318 0.0s
  1h ETHUSD N21_ST_RSI_ADX     bars=26304 sig=0 0.1s
  1h ETHUSD N22_VORTEX_PSAR    bars=26304 sig=1823 0.0s
  1h ETHUSD N23_HA_ST          bars=26304 sig=2612 0.1s
  1h ETHUSD N24_DMI            bars=26304 sig=1026 0.0s
  1h ETHUSD N25_DST_CCI        bars=26304 sig=1115 0.2s
  1h ETHUSD S1_EMA_RSI_CHOP    bars=26304 sig=7 0.0s
  1h ETHUSD S3_CMO_SANDWICH    bars=26304 sig=206 0.0s
  1h ETHUSD S4_BB_BBP          bars=26304 sig=827 0.0s
  1h ETHUSD N04_ST_KLINGER     bars=26304 sig=2423 0.2s
  1h ETHUSD N05_PSAR_POC       bars=26304 sig=215 1.4s
  1h ETHUSD N06_MACD_ORB       bars=26304 sig=330 0.0s
  1h ETHUSD N11_BREAKAWAY      bars=26304 sig=18 0.0s
  1h ETHUSD N13_3OUTSIDE       bars=26304 sig=137 0.0s
  1h ETHUSD N15_KC_AO          bars=26304 sig=2 0.0s
  1h ETHUSD N16_BBRSI          bars=26304 sig=318 3.2s
  1h ETHUSD N19_FIB_CHOP       bars=26304 sig=163 0.0s
  1h ETHUSD N20_EMA9_CHOP      bars=26304 sig=991 0.0s
  1h ETHUSD V39_ALL            bars=26304 sig=882 0.9s
  1h ETHUSD OBV_S              bars=26304 sig=341 0.2s
  1h ETHUSD OBV_B              bars=26304 sig=929 0.2s
  1h ETHUSD V45_AMB            bars=26304 sig=302 0.9s
  1h ETHUSD DOGE_L             bars=26304 sig=257 0.1s
  1h ETHUSD DOGE_S             bars=26304 sig=233 0.1s
  1h SOLUSD S2_ST_ROC          bars=24096 sig=2014 0.1s
  1h SOLUSD S5_DONCHIAN_MFI    bars=24096 sig=46 0.0s
  1h SOLUSD S6_EMA_DMI_ADX     bars=24096 sig=272 0.0s
  1h SOLUSD N01_ST_EMA         bars=24096 sig=645 0.1s
  1h SOLUSD N02_ST_KST         bars=24096 sig=601 0.1s
  1h SOLUSD N03_ADX_GC         bars=24096 sig=21 0.0s
  1h SOLUSD N07_ICHI_CMO       bars=24096 sig=281 0.0s
  1h SOLUSD N08_ICHI_WR        bars=24096 sig=43 0.0s
  1h SOLUSD N09_ALLIG_AROON    bars=24096 sig=308 0.0s
  1h SOLUSD N10_HA_PSAR        bars=24096 sig=884 0.0s
  1h SOLUSD N12_ICHI_AO        bars=24096 sig=330 0.0s
  1h SOLUSD N14_ICHI_RSI       bars=24096 sig=0 0.0s
  1h SOLUSD N17_KC_RSI         bars=24096 sig=3347 0.0s
  1h SOLUSD N18_VWMA_MACD      bars=24096 sig=2099 0.0s
  1h SOLUSD N21_ST_RSI_ADX     bars=24096 sig=0 0.2s
  1h SOLUSD N22_VORTEX_PSAR    bars=24096 sig=1683 0.0s
  1h SOLUSD N23_HA_ST          bars=24096 sig=2638 0.1s
  1h SOLUSD N24_DMI            bars=24096 sig=945 0.0s
  1h SOLUSD N25_DST_CCI        bars=24096 sig=962 0.3s
  1h SOLUSD S1_EMA_RSI_CHOP    bars=24096 sig=4 0.0s
  1h SOLUSD S3_CMO_SANDWICH    bars=24096 sig=169 0.0s
  1h SOLUSD S4_BB_BBP          bars=24096 sig=732 0.0s
  1h SOLUSD N04_ST_KLINGER     bars=24096 sig=2223 0.1s
  1h SOLUSD N05_PSAR_POC       bars=24096 sig=142 1.2s
  1h SOLUSD N06_MACD_ORB       bars=24096 sig=315 0.0s
  1h SOLUSD N11_BREAKAWAY      bars=24096 sig=14 0.0s
  1h SOLUSD N13_3OUTSIDE       bars=24096 sig=173 0.0s
  1h SOLUSD N15_KC_AO          bars=24096 sig=3 0.0s
  1h SOLUSD N16_BBRSI          bars=24096 sig=277 3.3s
  1h SOLUSD N19_FIB_CHOP       bars=24096 sig=167 0.0s
  1h SOLUSD N20_EMA9_CHOP      bars=24096 sig=858 0.0s
  1h SOLUSD V39_ALL            bars=24096 sig=779 1.4s
  1h SOLUSD OBV_S              bars=24096 sig=271 0.2s
  1h SOLUSD OBV_B              bars=24096 sig=857 0.2s
  1h SOLUSD V45_AMB            bars=24096 sig=308 0.8s
  1h SOLUSD DOGE_L             bars=24096 sig=261 0.1s
  1h SOLUSD DOGE_S             bars=24096 sig=272 0.1s
  1h XRPUSD S2_ST_ROC          bars=26304 sig=2373 0.2s
  1h XRPUSD S5_DONCHIAN_MFI    bars=26304 sig=76 0.0s
  1h XRPUSD S6_EMA_DMI_ADX     bars=26304 sig=220 0.0s
  1h XRPUSD N01_ST_EMA         bars=26304 sig=770 0.1s
  1h XRPUSD N02_ST_KST         bars=26304 sig=678 0.2s
  1h XRPUSD N03_ADX_GC         bars=26304 sig=25 0.0s
  1h XRPUSD N07_ICHI_CMO       bars=26304 sig=350 0.0s
  1h XRPUSD N08_ICHI_WR        bars=26304 sig=38 0.0s
  1h XRPUSD N09_ALLIG_AROON    bars=26304 sig=377 0.0s
  1h XRPUSD N10_HA_PSAR        bars=26304 sig=923 0.1s
  1h XRPUSD N12_ICHI_AO        bars=26304 sig=371 0.0s
  1h XRPUSD N14_ICHI_RSI       bars=26304 sig=1 0.0s
  1h XRPUSD N17_KC_RSI         bars=26304 sig=3196 0.0s
  1h XRPUSD N18_VWMA_MACD      bars=26304 sig=2480 0.0s
  1h XRPUSD N21_ST_RSI_ADX     bars=26304 sig=0 0.1s
  1h XRPUSD N22_VORTEX_PSAR    bars=26304 sig=1948 0.0s
  1h XRPUSD N23_HA_ST          bars=26304 sig=2801 0.1s
  1h XRPUSD N24_DMI            bars=26304 sig=1040 0.0s
  1h XRPUSD N25_DST_CCI        bars=26304 sig=1180 0.3s
  1h XRPUSD S1_EMA_RSI_CHOP    bars=26304 sig=4 0.0s
  1h XRPUSD S3_CMO_SANDWICH    bars=26304 sig=176 0.0s
  1h XRPUSD S4_BB_BBP          bars=26304 sig=817 0.0s
  1h XRPUSD N04_ST_KLINGER     bars=26304 sig=2260 0.2s
  1h XRPUSD N05_PSAR_POC       bars=26304 sig=201 1.7s
  1h XRPUSD N06_MACD_ORB       bars=26304 sig=383 0.0s
  1h XRPUSD N11_BREAKAWAY      bars=26304 sig=10 0.0s
  1h XRPUSD N13_3OUTSIDE       bars=26304 sig=178 0.0s
  1h XRPUSD N15_KC_AO          bars=26304 sig=4 0.0s
  1h XRPUSD N16_BBRSI          bars=26304 sig=279 4.7s
  1h XRPUSD N19_FIB_CHOP       bars=26304 sig=235 0.0s
  1h XRPUSD N20_EMA9_CHOP      bars=26304 sig=1108 0.0s
  1h XRPUSD V39_ALL            bars=26304 sig=882 1.4s
  1h XRPUSD OBV_S              bars=26304 sig=333 0.5s
  1h XRPUSD OBV_B              bars=26304 sig=913 0.2s
  1h XRPUSD V45_AMB            bars=26304 sig=324 1.2s
  1h XRPUSD DOGE_L             bars=26304 sig=251 0.1s
  1h XRPUSD DOGE_S             bars=26304 sig=268 0.1s
  1h DOGEUSD S2_ST_ROC          bars=25560 sig=2201 0.2s
  1h DOGEUSD S5_DONCHIAN_MFI    bars=25560 sig=35 0.0s
  1h DOGEUSD S6_EMA_DMI_ADX     bars=25560 sig=263 0.0s
  1h DOGEUSD N01_ST_EMA         bars=25560 sig=784 0.2s
  1h DOGEUSD N02_ST_KST         bars=25560 sig=671 0.2s
  1h DOGEUSD N03_ADX_GC         bars=25560 sig=24 0.0s
  1h DOGEUSD N07_ICHI_CMO       bars=25560 sig=335 0.0s
  1h DOGEUSD N08_ICHI_WR        bars=25560 sig=34 0.0s
  1h DOGEUSD N09_ALLIG_AROON    bars=25560 sig=383 0.0s
  1h DOGEUSD N10_HA_PSAR        bars=25560 sig=801 0.0s
  1h DOGEUSD N12_ICHI_AO        bars=25560 sig=358 0.0s
  1h DOGEUSD N14_ICHI_RSI       bars=25560 sig=0 0.0s
  1h DOGEUSD N17_KC_RSI         bars=25560 sig=3147 0.0s
  1h DOGEUSD N18_VWMA_MACD      bars=25560 sig=2241 0.0s
  1h DOGEUSD N21_ST_RSI_ADX     bars=25560 sig=0 0.1s
  1h DOGEUSD N22_VORTEX_PSAR    bars=25560 sig=1836 0.0s
  1h DOGEUSD N23_HA_ST          bars=25560 sig=2612 0.1s
  1h DOGEUSD N24_DMI            bars=25560 sig=1036 0.0s
  1h DOGEUSD N25_DST_CCI        bars=25560 sig=1138 0.4s
  1h DOGEUSD S1_EMA_RSI_CHOP    bars=25560 sig=10 0.0s
  1h DOGEUSD S3_CMO_SANDWICH    bars=25560 sig=183 0.0s
  1h DOGEUSD S4_BB_BBP          bars=25560 sig=799 0.0s
  1h DOGEUSD N04_ST_KLINGER     bars=25560 sig=2329 0.1s
  1h DOGEUSD N05_PSAR_POC       bars=25560 sig=186 1.6s
  1h DOGEUSD N06_MACD_ORB       bars=25560 sig=344 0.0s
  1h DOGEUSD N11_BREAKAWAY      bars=25560 sig=10 0.0s
  1h DOGEUSD N13_3OUTSIDE       bars=25560 sig=153 0.0s
  1h DOGEUSD N15_KC_AO          bars=25560 sig=2 0.0s
  1h DOGEUSD N16_BBRSI          bars=25560 sig=307 3.1s
  1h DOGEUSD N19_FIB_CHOP       bars=25560 sig=247 0.0s
  1h DOGEUSD N20_EMA9_CHOP      bars=25560 sig=1047 0.0s
  1h DOGEUSD V39_ALL            bars=25560 sig=818 1.1s
  1h DOGEUSD OBV_S              bars=25560 sig=311 0.2s
  1h DOGEUSD OBV_B              bars=25560 sig=946 0.1s
  1h DOGEUSD V45_AMB            bars=25560 sig=359 0.8s
  1h DOGEUSD DOGE_L             bars=25560 sig=244 0.1s
  1h DOGEUSD DOGE_S             bars=25560 sig=250 0.1s
  1h LTCUSD S2_ST_ROC          bars=26304 sig=2330 0.1s
  1h LTCUSD S5_DONCHIAN_MFI    bars=26304 sig=39 0.0s
  1h LTCUSD S6_EMA_DMI_ADX     bars=26304 sig=260 0.0s
  1h LTCUSD N01_ST_EMA         bars=26304 sig=790 0.1s
  1h LTCUSD N02_ST_KST         bars=26304 sig=693 0.1s
  1h LTCUSD N03_ADX_GC         bars=26304 sig=35 0.0s
  1h LTCUSD N07_ICHI_CMO       bars=26304 sig=275 0.0s
  1h LTCUSD N08_ICHI_WR        bars=26304 sig=51 0.0s
  1h LTCUSD N09_ALLIG_AROON    bars=26304 sig=404 0.0s
  1h LTCUSD N10_HA_PSAR        bars=26304 sig=872 0.0s
  1h LTCUSD N12_ICHI_AO        bars=26304 sig=336 0.0s
  1h LTCUSD N14_ICHI_RSI       bars=26304 sig=2 0.0s
  1h LTCUSD N17_KC_RSI         bars=26304 sig=3591 0.0s
  1h LTCUSD N18_VWMA_MACD      bars=26304 sig=2381 0.0s
  1h LTCUSD N21_ST_RSI_ADX     bars=26304 sig=0 0.1s
  1h LTCUSD N22_VORTEX_PSAR    bars=26304 sig=1896 0.0s
  1h LTCUSD N23_HA_ST          bars=26304 sig=2681 0.2s
  1h LTCUSD N24_DMI            bars=26304 sig=1075 0.0s
  1h LTCUSD N25_DST_CCI        bars=26304 sig=1214 0.2s
  1h LTCUSD S1_EMA_RSI_CHOP    bars=26304 sig=4 0.0s
  1h LTCUSD S3_CMO_SANDWICH    bars=26304 sig=187 0.0s
  1h LTCUSD S4_BB_BBP          bars=26304 sig=875 0.0s
  1h LTCUSD N04_ST_KLINGER     bars=26304 sig=2569 0.2s
  1h LTCUSD N05_PSAR_POC       bars=26304 sig=244 1.2s
  1h LTCUSD N06_MACD_ORB       bars=26304 sig=344 0.0s
  1h LTCUSD N11_BREAKAWAY      bars=26304 sig=5 0.0s
  1h LTCUSD N13_3OUTSIDE       bars=26304 sig=193 0.0s
  1h LTCUSD N15_KC_AO          bars=26304 sig=3 0.0s
  1h LTCUSD N16_BBRSI          bars=26304 sig=319 3.9s
  1h LTCUSD N19_FIB_CHOP       bars=26304 sig=193 0.0s
  1h LTCUSD N20_EMA9_CHOP      bars=26304 sig=1102 0.0s
  1h LTCUSD V39_ALL            bars=26304 sig=867 1.3s
  1h LTCUSD OBV_S              bars=26304 sig=320 0.2s
  1h LTCUSD OBV_B              bars=26304 sig=1007 0.3s
  1h LTCUSD V45_AMB            bars=26304 sig=361 0.9s
  1h LTCUSD DOGE_L             bars=26304 sig=263 0.1s
  1h LTCUSD DOGE_S             bars=26304 sig=254 0.1s
  1h BCHUSD S2_ST_ROC          bars=26304 sig=2271 0.1s
  1h BCHUSD S5_DONCHIAN_MFI    bars=26304 sig=63 0.0s
  1h BCHUSD S6_EMA_DMI_ADX     bars=26304 sig=229 0.0s
  1h BCHUSD N01_ST_EMA         bars=26304 sig=776 0.1s
  1h BCHUSD N02_ST_KST         bars=26304 sig=697 0.2s
  1h BCHUSD N03_ADX_GC         bars=26304 sig=25 0.0s
  1h BCHUSD N07_ICHI_CMO       bars=26304 sig=312 0.0s
  1h BCHUSD N08_ICHI_WR        bars=26304 sig=52 0.0s
  1h BCHUSD N09_ALLIG_AROON    bars=26304 sig=391 0.0s
  1h BCHUSD N10_HA_PSAR        bars=26304 sig=1047 0.0s
  1h BCHUSD N12_ICHI_AO        bars=26304 sig=357 0.0s
  1h BCHUSD N14_ICHI_RSI       bars=26304 sig=0 0.0s
  1h BCHUSD N17_KC_RSI         bars=26304 sig=3707 0.0s
  1h BCHUSD N18_VWMA_MACD      bars=26304 sig=2423 0.0s
  1h BCHUSD N21_ST_RSI_ADX     bars=26304 sig=0 0.1s
  1h BCHUSD N22_VORTEX_PSAR    bars=26304 sig=1862 0.1s
  1h BCHUSD N23_HA_ST          bars=26304 sig=2776 0.2s
  1h BCHUSD N24_DMI            bars=26304 sig=1043 0.0s
  1h BCHUSD N25_DST_CCI        bars=26304 sig=1210 0.2s
  1h BCHUSD S1_EMA_RSI_CHOP    bars=26304 sig=4 0.0s
  1h BCHUSD S3_CMO_SANDWICH    bars=26304 sig=184 0.0s
  1h BCHUSD S4_BB_BBP          bars=26304 sig=793 0.0s
  1h BCHUSD N04_ST_KLINGER     bars=26304 sig=2323 0.2s
  1h BCHUSD N05_PSAR_POC       bars=26304 sig=179 1.4s
  1h BCHUSD N06_MACD_ORB       bars=26304 sig=357 0.0s
  1h BCHUSD N11_BREAKAWAY      bars=26304 sig=9 0.0s
  1h BCHUSD N13_3OUTSIDE       bars=26304 sig=209 0.0s
  1h BCHUSD N15_KC_AO          bars=26304 sig=3 0.0s
  1h BCHUSD N16_BBRSI          bars=26304 sig=366 3.4s
  1h BCHUSD N19_FIB_CHOP       bars=26304 sig=225 0.0s
  1h BCHUSD N20_EMA9_CHOP      bars=26304 sig=1102 0.0s
  1h BCHUSD V39_ALL            bars=26304 sig=852 1.0s
  1h BCHUSD OBV_S              bars=26304 sig=327 0.2s
  1h BCHUSD OBV_B              bars=26304 sig=940 0.2s
  1h BCHUSD V45_AMB            bars=26304 sig=359 0.8s
  1h BCHUSD DOGE_L             bars=26304 sig=268 0.1s
  1h BCHUSD DOGE_S             bars=26304 sig=282 0.1s
signals 64s, gate 4s -> out/gate_is_1h.csv (111 rows)
END 2026-09-29T12:15:56 rc=0 wall_s=70
