START 2026-09-29T12:15:56 python3 run_gate_tf.py --tf 4h --split is --out out
loaded 7 coins: BTCUSD:6576 2021-07-01..2024-06-30 20:00 gaps=0 misaligned=0, ETHUSD:6576 2021-07-01..2024-06-30 20:00 gaps=0 misaligned=0, SOLUSD:6024 2021-10-01..2024-06-30 20:00 gaps=0 misaligned=0, XRPUSD:6576 2021-07-01..2024-06-30 20:00 gaps=0 misaligned=0, DOGEUSD:6390 2021-08-01..2024-06-30 20:00 gaps=0 misaligned=0, LTCUSD:6576 2021-07-01..2024-06-30 20:00 gaps=0 misaligned=0, BCHUSD:6576 2021-07-01..2024-06-30 20:00 gaps=0 misaligned=0
  4h BTCUSD S2_ST_ROC          bars=6576 sig=566 0.0s
  4h BTCUSD S5_DONCHIAN_MFI    bars=6576 sig=17 0.0s
  4h BTCUSD S6_EMA_DMI_ADX     bars=6576 sig=82 0.0s
  4h BTCUSD N01_ST_EMA         bars=6576 sig=173 0.0s
  4h BTCUSD N02_ST_KST         bars=6576 sig=165 0.0s
  4h BTCUSD N03_ADX_GC         bars=6576 sig=1 0.0s
  4h BTCUSD N07_ICHI_CMO       bars=6576 sig=83 0.0s
  4h BTCUSD N08_ICHI_WR        bars=6576 sig=6 0.0s
  4h BTCUSD N09_ALLIG_AROON    bars=6576 sig=99 0.0s
  4h BTCUSD N10_HA_PSAR        bars=6576 sig=221 0.0s
  4h BTCUSD N12_ICHI_AO        bars=6576 sig=99 0.0s
  4h BTCUSD N14_ICHI_RSI       bars=6576 sig=2 0.0s
  4h BTCUSD N17_KC_RSI         bars=6576 sig=1203 0.0s
  4h BTCUSD N18_VWMA_MACD      bars=6576 sig=610 0.0s
  4h BTCUSD N21_ST_RSI_ADX     bars=6576 sig=0 0.0s
  4h BTCUSD N22_VORTEX_PSAR    bars=6576 sig=478 0.0s
  4h BTCUSD N23_HA_ST          bars=6576 sig=671 0.0s
  4h BTCUSD N24_DMI            bars=6576 sig=229 0.0s
  4h BTCUSD N25_DST_CCI        bars=6576 sig=228 0.1s
  4h BTCUSD S1_EMA_RSI_CHOP    bars=6576 sig=4 0.0s
  4h BTCUSD S3_CMO_SANDWICH    bars=6576 sig=46 0.0s
  4h BTCUSD S4_BB_BBP          bars=6576 sig=212 0.0s
  4h BTCUSD N04_ST_KLINGER     bars=6576 sig=605 0.0s
  4h BTCUSD N05_PSAR_POC       bars=6576 sig=49 0.2s
  4h BTCUSD N06_MACD_ORB       bars=6576 sig=102 0.0s
  4h BTCUSD N11_BREAKAWAY      bars=6576 sig=1 0.0s
  4h BTCUSD N13_3OUTSIDE       bars=6576 sig=27 0.0s
  4h BTCUSD N15_KC_AO          bars=6576 sig=1 0.0s
  4h BTCUSD N16_BBRSI          bars=6576 sig=105 1.2s
  4h BTCUSD N19_FIB_CHOP       bars=6576 sig=50 0.0s
  4h BTCUSD N20_EMA9_CHOP      bars=6576 sig=221 0.0s
  4h BTCUSD V39_ALL            bars=6576 sig=230 0.4s
  4h BTCUSD OBV_S              bars=6576 sig=81 0.0s
  4h BTCUSD OBV_B              bars=6576 sig=227 0.1s
  4h BTCUSD V45_AMB            bars=6576 sig=51 0.3s
  4h BTCUSD DOGE_L             bars=6576 sig=0 0.0s
  4h BTCUSD DOGE_S             bars=6576 sig=0 0.0s
  4h ETHUSD S2_ST_ROC          bars=6576 sig=579 0.0s
  4h ETHUSD S5_DONCHIAN_MFI    bars=6576 sig=9 0.0s
  4h ETHUSD S6_EMA_DMI_ADX     bars=6576 sig=61 0.0s
  4h ETHUSD N01_ST_EMA         bars=6576 sig=176 0.0s
  4h ETHUSD N02_ST_KST         bars=6576 sig=162 0.0s
  4h ETHUSD N03_ADX_GC         bars=6576 sig=6 0.0s
  4h ETHUSD N07_ICHI_CMO       bars=6576 sig=91 0.0s
  4h ETHUSD N08_ICHI_WR        bars=6576 sig=7 0.0s
  4h ETHUSD N09_ALLIG_AROON    bars=6576 sig=94 0.0s
  4h ETHUSD N10_HA_PSAR        bars=6576 sig=223 0.0s
  4h ETHUSD N12_ICHI_AO        bars=6576 sig=81 0.0s
  4h ETHUSD N14_ICHI_RSI       bars=6576 sig=0 0.0s
  4h ETHUSD N17_KC_RSI         bars=6576 sig=1145 0.0s
  4h ETHUSD N18_VWMA_MACD      bars=6576 sig=571 0.0s
  4h ETHUSD N21_ST_RSI_ADX     bars=6576 sig=0 0.0s
  4h ETHUSD N22_VORTEX_PSAR    bars=6576 sig=493 0.0s
  4h ETHUSD N23_HA_ST          bars=6576 sig=685 0.0s
  4h ETHUSD N24_DMI            bars=6576 sig=254 0.0s
  4h ETHUSD N25_DST_CCI        bars=6576 sig=250 0.1s
  4h ETHUSD S1_EMA_RSI_CHOP    bars=6576 sig=1 0.0s
  4h ETHUSD S3_CMO_SANDWICH    bars=6576 sig=49 0.0s
  4h ETHUSD S4_BB_BBP          bars=6576 sig=203 0.0s
  4h ETHUSD N04_ST_KLINGER     bars=6576 sig=658 0.0s
  4h ETHUSD N05_PSAR_POC       bars=6576 sig=38 0.3s
  4h ETHUSD N06_MACD_ORB       bars=6576 sig=84 0.0s
  4h ETHUSD N11_BREAKAWAY      bars=6576 sig=9 0.0s
  4h ETHUSD N13_3OUTSIDE       bars=6576 sig=46 0.0s
  4h ETHUSD N15_KC_AO          bars=6576 sig=1 0.0s
  4h ETHUSD N16_BBRSI          bars=6576 sig=84 1.0s
  4h ETHUSD N19_FIB_CHOP       bars=6576 sig=56 0.0s
  4h ETHUSD N20_EMA9_CHOP      bars=6576 sig=223 0.0s
  4h ETHUSD V39_ALL            bars=6576 sig=218 0.3s
  4h ETHUSD OBV_S              bars=6576 sig=64 0.1s
  4h ETHUSD OBV_B              bars=6576 sig=245 0.0s
  4h ETHUSD V45_AMB            bars=6576 sig=55 0.3s
  4h ETHUSD DOGE_L             bars=6576 sig=0 0.1s
  4h ETHUSD DOGE_S             bars=6576 sig=0 0.0s
  4h SOLUSD S2_ST_ROC          bars=6024 sig=470 0.0s
  4h SOLUSD S5_DONCHIAN_MFI    bars=6024 sig=7 0.0s
  4h SOLUSD S6_EMA_DMI_ADX     bars=6024 sig=71 0.0s
  4h SOLUSD N01_ST_EMA         bars=6024 sig=141 0.0s
  4h SOLUSD N02_ST_KST         bars=6024 sig=145 0.0s
  4h SOLUSD N03_ADX_GC         bars=6024 sig=3 0.0s
  4h SOLUSD N07_ICHI_CMO       bars=6024 sig=65 0.0s
  4h SOLUSD N08_ICHI_WR        bars=6024 sig=11 0.0s
  4h SOLUSD N09_ALLIG_AROON    bars=6024 sig=64 0.0s
  4h SOLUSD N10_HA_PSAR        bars=6024 sig=210 0.0s
  4h SOLUSD N12_ICHI_AO        bars=6024 sig=65 0.0s
  4h SOLUSD N14_ICHI_RSI       bars=6024 sig=0 0.0s
  4h SOLUSD N17_KC_RSI         bars=6024 sig=941 0.0s
  4h SOLUSD N18_VWMA_MACD      bars=6024 sig=541 0.0s
  4h SOLUSD N21_ST_RSI_ADX     bars=6024 sig=0 0.0s
  4h SOLUSD N22_VORTEX_PSAR    bars=6024 sig=374 0.0s
  4h SOLUSD N23_HA_ST          bars=6024 sig=662 0.0s
  4h SOLUSD N24_DMI            bars=6024 sig=197 0.0s
  4h SOLUSD N25_DST_CCI        bars=6024 sig=240 0.1s
  4h SOLUSD S1_EMA_RSI_CHOP    bars=6024 sig=1 0.0s
  4h SOLUSD S3_CMO_SANDWICH    bars=6024 sig=25 0.0s
  4h SOLUSD S4_BB_BBP          bars=6024 sig=186 0.0s
  4h SOLUSD N04_ST_KLINGER     bars=6024 sig=579 0.0s
  4h SOLUSD N05_PSAR_POC       bars=6024 sig=32 0.3s
  4h SOLUSD N06_MACD_ORB       bars=6024 sig=95 0.0s
  4h SOLUSD N11_BREAKAWAY      bars=6024 sig=2 0.0s
  4h SOLUSD N13_3OUTSIDE       bars=6024 sig=41 0.0s
  4h SOLUSD N15_KC_AO          bars=6024 sig=0 0.0s
  4h SOLUSD N16_BBRSI          bars=6024 sig=69 0.9s
  4h SOLUSD N19_FIB_CHOP       bars=6024 sig=30 0.0s
  4h SOLUSD N20_EMA9_CHOP      bars=6024 sig=172 0.0s
  4h SOLUSD V39_ALL            bars=6024 sig=193 0.3s
  4h SOLUSD OBV_S              bars=6024 sig=56 0.0s
  4h SOLUSD OBV_B              bars=6024 sig=203 0.0s
  4h SOLUSD V45_AMB            bars=6024 sig=50 0.2s
  4h SOLUSD DOGE_L             bars=6024 sig=0 0.1s
  4h SOLUSD DOGE_S             bars=6024 sig=0 0.0s
  4h XRPUSD S2_ST_ROC          bars=6576 sig=591 0.0s
  4h XRPUSD S5_DONCHIAN_MFI    bars=6576 sig=13 0.0s
  4h XRPUSD S6_EMA_DMI_ADX     bars=6576 sig=66 0.0s
  4h XRPUSD N01_ST_EMA         bars=6576 sig=195 0.0s
  4h XRPUSD N02_ST_KST         bars=6576 sig=172 0.0s
  4h XRPUSD N03_ADX_GC         bars=6576 sig=6 0.0s
  4h XRPUSD N07_ICHI_CMO       bars=6576 sig=100 0.0s
  4h XRPUSD N08_ICHI_WR        bars=6576 sig=16 0.0s
  4h XRPUSD N09_ALLIG_AROON    bars=6576 sig=84 0.0s
  4h XRPUSD N10_HA_PSAR        bars=6576 sig=220 0.0s
  4h XRPUSD N12_ICHI_AO        bars=6576 sig=96 0.0s
  4h XRPUSD N14_ICHI_RSI       bars=6576 sig=0 0.0s
  4h XRPUSD N17_KC_RSI         bars=6576 sig=867 0.0s
  4h XRPUSD N18_VWMA_MACD      bars=6576 sig=644 0.0s
  4h XRPUSD N21_ST_RSI_ADX     bars=6576 sig=0 0.1s
  4h XRPUSD N22_VORTEX_PSAR    bars=6576 sig=489 0.0s
  4h XRPUSD N23_HA_ST          bars=6576 sig=686 0.1s
  4h XRPUSD N24_DMI            bars=6576 sig=272 0.0s
  4h XRPUSD N25_DST_CCI        bars=6576 sig=277 0.1s
  4h XRPUSD S1_EMA_RSI_CHOP    bars=6576 sig=1 0.0s
  4h XRPUSD S3_CMO_SANDWICH    bars=6576 sig=52 0.0s
  4h XRPUSD S4_BB_BBP          bars=6576 sig=209 0.0s
  4h XRPUSD N04_ST_KLINGER     bars=6576 sig=606 0.0s
  4h XRPUSD N05_PSAR_POC       bars=6576 sig=59 0.3s
  4h XRPUSD N06_MACD_ORB       bars=6576 sig=100 0.0s
  4h XRPUSD N11_BREAKAWAY      bars=6576 sig=1 0.0s
  4h XRPUSD N13_3OUTSIDE       bars=6576 sig=27 0.0s
  4h XRPUSD N15_KC_AO          bars=6576 sig=0 0.0s
  4h XRPUSD N16_BBRSI          bars=6576 sig=63 1.4s
  4h XRPUSD N19_FIB_CHOP       bars=6576 sig=73 0.0s
  4h XRPUSD N20_EMA9_CHOP      bars=6576 sig=282 0.0s
  4h XRPUSD V39_ALL            bars=6576 sig=233 0.4s
  4h XRPUSD OBV_S              bars=6576 sig=99 0.1s
  4h XRPUSD OBV_B              bars=6576 sig=229 0.1s
  4h XRPUSD V45_AMB            bars=6576 sig=51 0.4s
  4h XRPUSD DOGE_L             bars=6576 sig=0 0.0s
  4h XRPUSD DOGE_S             bars=6576 sig=0 0.0s
  4h DOGEUSD S2_ST_ROC          bars=6390 sig=561 0.0s
  4h DOGEUSD S5_DONCHIAN_MFI    bars=6390 sig=9 0.0s
  4h DOGEUSD S6_EMA_DMI_ADX     bars=6390 sig=61 0.0s
  4h DOGEUSD N01_ST_EMA         bars=6390 sig=182 0.0s
  4h DOGEUSD N02_ST_KST         bars=6390 sig=155 0.0s
  4h DOGEUSD N03_ADX_GC         bars=6390 sig=7 0.0s
  4h DOGEUSD N07_ICHI_CMO       bars=6390 sig=91 0.0s
  4h DOGEUSD N08_ICHI_WR        bars=6390 sig=8 0.0s
  4h DOGEUSD N09_ALLIG_AROON    bars=6390 sig=91 0.0s
  4h DOGEUSD N10_HA_PSAR        bars=6390 sig=203 0.0s
  4h DOGEUSD N12_ICHI_AO        bars=6390 sig=81 0.0s
  4h DOGEUSD N14_ICHI_RSI       bars=6390 sig=0 0.0s
  4h DOGEUSD N17_KC_RSI         bars=6390 sig=872 0.0s
  4h DOGEUSD N18_VWMA_MACD      bars=6390 sig=607 0.0s
  4h DOGEUSD N21_ST_RSI_ADX     bars=6390 sig=0 0.1s
  4h DOGEUSD N22_VORTEX_PSAR    bars=6390 sig=455 0.0s
  4h DOGEUSD N23_HA_ST          bars=6390 sig=645 0.1s
  4h DOGEUSD N24_DMI            bars=6390 sig=249 0.0s
  4h DOGEUSD N25_DST_CCI        bars=6390 sig=244 0.2s
  4h DOGEUSD S1_EMA_RSI_CHOP    bars=6390 sig=2 0.0s
  4h DOGEUSD S3_CMO_SANDWICH    bars=6390 sig=43 0.0s
  4h DOGEUSD S4_BB_BBP          bars=6390 sig=202 0.0s
  4h DOGEUSD N04_ST_KLINGER     bars=6390 sig=601 0.1s
  4h DOGEUSD N05_PSAR_POC       bars=6390 sig=49 0.3s
  4h DOGEUSD N06_MACD_ORB       bars=6390 sig=104 0.0s
  4h DOGEUSD N11_BREAKAWAY      bars=6390 sig=2 0.0s
  4h DOGEUSD N13_3OUTSIDE       bars=6390 sig=34 0.0s
  4h DOGEUSD N15_KC_AO          bars=6390 sig=1 0.0s
  4h DOGEUSD N16_BBRSI          bars=6390 sig=71 0.9s
  4h DOGEUSD N19_FIB_CHOP       bars=6390 sig=78 0.0s
  4h DOGEUSD N20_EMA9_CHOP      bars=6390 sig=219 0.0s
  4h DOGEUSD V39_ALL            bars=6390 sig=210 0.5s
  4h DOGEUSD OBV_S              bars=6390 sig=86 0.1s
  4h DOGEUSD OBV_B              bars=6390 sig=243 0.1s
  4h DOGEUSD V45_AMB            bars=6390 sig=81 0.2s
  4h DOGEUSD DOGE_L             bars=6390 sig=0 0.0s
  4h DOGEUSD DOGE_S             bars=6390 sig=0 0.0s
  4h LTCUSD S2_ST_ROC          bars=6576 sig=548 0.0s
  4h LTCUSD S5_DONCHIAN_MFI    bars=6576 sig=7 0.0s
  4h LTCUSD S6_EMA_DMI_ADX     bars=6576 sig=64 0.0s
  4h LTCUSD N01_ST_EMA         bars=6576 sig=183 0.1s
  4h LTCUSD N02_ST_KST         bars=6576 sig=175 0.1s
  4h LTCUSD N03_ADX_GC         bars=6576 sig=4 0.0s
  4h LTCUSD N07_ICHI_CMO       bars=6576 sig=94 0.0s
  4h LTCUSD N08_ICHI_WR        bars=6576 sig=16 0.0s
  4h LTCUSD N09_ALLIG_AROON    bars=6576 sig=92 0.0s
  4h LTCUSD N10_HA_PSAR        bars=6576 sig=228 0.0s
  4h LTCUSD N12_ICHI_AO        bars=6576 sig=90 0.0s
  4h LTCUSD N14_ICHI_RSI       bars=6576 sig=0 0.0s
  4h LTCUSD N17_KC_RSI         bars=6576 sig=898 0.0s
  4h LTCUSD N18_VWMA_MACD      bars=6576 sig=598 0.0s
  4h LTCUSD N21_ST_RSI_ADX     bars=6576 sig=0 0.0s
  4h LTCUSD N22_VORTEX_PSAR    bars=6576 sig=503 0.0s
  4h LTCUSD N23_HA_ST          bars=6576 sig=675 0.0s
  4h LTCUSD N24_DMI            bars=6576 sig=261 0.0s
  4h LTCUSD N25_DST_CCI        bars=6576 sig=266 0.1s
  4h LTCUSD S1_EMA_RSI_CHOP    bars=6576 sig=1 0.0s
  4h LTCUSD S3_CMO_SANDWICH    bars=6576 sig=40 0.0s
  4h LTCUSD S4_BB_BBP          bars=6576 sig=218 0.0s
  4h LTCUSD N04_ST_KLINGER     bars=6576 sig=658 0.0s
  4h LTCUSD N05_PSAR_POC       bars=6576 sig=49 0.4s
  4h LTCUSD N06_MACD_ORB       bars=6576 sig=97 0.0s
  4h LTCUSD N11_BREAKAWAY      bars=6576 sig=1 0.0s
  4h LTCUSD N13_3OUTSIDE       bars=6576 sig=38 0.0s
  4h LTCUSD N15_KC_AO          bars=6576 sig=0 0.0s
  4h LTCUSD N16_BBRSI          bars=6576 sig=74 0.8s
  4h LTCUSD N19_FIB_CHOP       bars=6576 sig=61 0.0s
  4h LTCUSD N20_EMA9_CHOP      bars=6576 sig=234 0.0s
  4h LTCUSD V39_ALL            bars=6576 sig=215 0.3s
  4h LTCUSD OBV_S              bars=6576 sig=76 0.0s
  4h LTCUSD OBV_B              bars=6576 sig=225 0.0s
  4h LTCUSD V45_AMB            bars=6576 sig=49 0.2s
  4h LTCUSD DOGE_L             bars=6576 sig=0 0.0s
  4h LTCUSD DOGE_S             bars=6576 sig=0 0.0s
  4h BCHUSD S2_ST_ROC          bars=6576 sig=567 0.0s
  4h BCHUSD S5_DONCHIAN_MFI    bars=6576 sig=8 0.0s
  4h BCHUSD S6_EMA_DMI_ADX     bars=6576 sig=55 0.0s
  4h BCHUSD N01_ST_EMA         bars=6576 sig=189 0.1s
  4h BCHUSD N02_ST_KST         bars=6576 sig=168 0.0s
  4h BCHUSD N03_ADX_GC         bars=6576 sig=5 0.0s
  4h BCHUSD N07_ICHI_CMO       bars=6576 sig=70 0.0s
  4h BCHUSD N08_ICHI_WR        bars=6576 sig=8 0.0s
  4h BCHUSD N09_ALLIG_AROON    bars=6576 sig=91 0.0s
  4h BCHUSD N10_HA_PSAR        bars=6576 sig=218 0.0s
  4h BCHUSD N12_ICHI_AO        bars=6576 sig=81 0.0s
  4h BCHUSD N14_ICHI_RSI       bars=6576 sig=0 0.0s
  4h BCHUSD N17_KC_RSI         bars=6576 sig=1003 0.0s
  4h BCHUSD N18_VWMA_MACD      bars=6576 sig=585 0.0s
  4h BCHUSD N21_ST_RSI_ADX     bars=6576 sig=0 0.0s
  4h BCHUSD N22_VORTEX_PSAR    bars=6576 sig=444 0.0s
  4h BCHUSD N23_HA_ST          bars=6576 sig=715 0.0s
  4h BCHUSD N24_DMI            bars=6576 sig=269 0.0s
  4h BCHUSD N25_DST_CCI        bars=6576 sig=267 0.1s
  4h BCHUSD S1_EMA_RSI_CHOP    bars=6576 sig=1 0.0s
  4h BCHUSD S3_CMO_SANDWICH    bars=6576 sig=38 0.0s
  4h BCHUSD S4_BB_BBP          bars=6576 sig=213 0.0s
  4h BCHUSD N04_ST_KLINGER     bars=6576 sig=596 0.0s
  4h BCHUSD N05_PSAR_POC       bars=6576 sig=51 0.2s
  4h BCHUSD N06_MACD_ORB       bars=6576 sig=102 0.0s
  4h BCHUSD N11_BREAKAWAY      bars=6576 sig=4 0.0s
  4h BCHUSD N13_3OUTSIDE       bars=6576 sig=44 0.0s
  4h BCHUSD N15_KC_AO          bars=6576 sig=0 0.0s
  4h BCHUSD N16_BBRSI          bars=6576 sig=100 0.8s
  4h BCHUSD N19_FIB_CHOP       bars=6576 sig=45 0.0s
  4h BCHUSD N20_EMA9_CHOP      bars=6576 sig=263 0.0s
  4h BCHUSD V39_ALL            bars=6576 sig=225 0.3s
  4h BCHUSD OBV_S              bars=6576 sig=92 0.0s
  4h BCHUSD OBV_B              bars=6576 sig=212 0.0s
  4h BCHUSD V45_AMB            bars=6576 sig=46 0.3s
  4h BCHUSD DOGE_L             bars=6576 sig=0 0.1s
  4h BCHUSD DOGE_S             bars=6576 sig=0 0.1s
signals 18s, gate 2s -> out/gate_is_4h.csv (111 rows)
END 2026-09-29T12:16:17 rc=0 wall_s=21
