START 2026-09-29T12:16:17 python3 run_gate_tf.py --tf 1d --split is --out out
loaded 7 coins: BTCUSD:1096 2021-07-01..2024-06-30 00:00 gaps=0 misaligned=0, ETHUSD:1096 2021-07-01..2024-06-30 00:00 gaps=0 misaligned=0, SOLUSD:1004 2021-10-01..2024-06-30 00:00 gaps=0 misaligned=0, XRPUSD:1096 2021-07-01..2024-06-30 00:00 gaps=0 misaligned=0, DOGEUSD:1065 2021-08-01..2024-06-30 00:00 gaps=0 misaligned=0, LTCUSD:1096 2021-07-01..2024-06-30 00:00 gaps=0 misaligned=0, BCHUSD:1096 2021-07-01..2024-06-30 00:00 gaps=0 misaligned=0
  1d BTCUSD S2_ST_ROC          bars=1096 sig=85 0.0s
  1d BTCUSD S5_DONCHIAN_MFI    bars=1096 sig=0 0.0s
  1d BTCUSD S6_EMA_DMI_ADX     bars=1096 sig=14 0.0s
  1d BTCUSD N01_ST_EMA         bars=1096 sig=25 0.0s
  1d BTCUSD N02_ST_KST         bars=1096 sig=27 0.0s
  1d BTCUSD N03_ADX_GC         bars=1096 sig=0 0.0s
  1d BTCUSD N07_ICHI_CMO       bars=1096 sig=14 0.0s
  1d BTCUSD N08_ICHI_WR        bars=1096 sig=2 0.0s
  1d BTCUSD N09_ALLIG_AROON    bars=1096 sig=15 0.0s
  1d BTCUSD N10_HA_PSAR        bars=1096 sig=41 0.0s
  1d BTCUSD N12_ICHI_AO        bars=1096 sig=13 0.0s
  1d BTCUSD N14_ICHI_RSI       bars=1096 sig=0 0.0s
  1d BTCUSD N17_KC_RSI         bars=1096 sig=217 0.0s
  1d BTCUSD N18_VWMA_MACD      bars=1096 sig=81 0.0s
  1d BTCUSD N21_ST_RSI_ADX     bars=1096 sig=0 0.0s
  1d BTCUSD N22_VORTEX_PSAR    bars=1096 sig=68 0.0s
  1d BTCUSD N23_HA_ST          bars=1096 sig=109 0.0s
  1d BTCUSD N24_DMI            bars=1096 sig=38 0.0s
  1d BTCUSD N25_DST_CCI        bars=1096 sig=46 0.0s
  1d BTCUSD S1_EMA_RSI_CHOP    bars=1096 sig=0 0.0s
  1d BTCUSD S3_CMO_SANDWICH    bars=1096 sig=2 0.0s
  1d BTCUSD S4_BB_BBP          bars=1096 sig=37 0.0s
  1d BTCUSD N04_ST_KLINGER     bars=1096 sig=101 0.0s
  1d BTCUSD N05_PSAR_POC       bars=1096 sig=7 0.1s
  1d BTCUSD N06_MACD_ORB       bars=1096 sig=0 0.0s
  1d BTCUSD N11_BREAKAWAY      bars=1096 sig=1 0.0s
  1d BTCUSD N13_3OUTSIDE       bars=1096 sig=5 0.0s
  1d BTCUSD N15_KC_AO          bars=1096 sig=0 0.0s
  1d BTCUSD N16_BBRSI          bars=1096 sig=12 0.1s
  1d BTCUSD N19_FIB_CHOP       bars=1096 sig=5 0.0s
  1d BTCUSD N20_EMA9_CHOP      bars=1096 sig=33 0.0s
  1d BTCUSD V39_ALL            bars=1096 sig=34 0.0s
  1d BTCUSD OBV_S              bars=1096 sig=20 0.0s
  1d BTCUSD OBV_B              bars=1096 sig=32 0.0s
  1d BTCUSD V45_AMB            bars=1096 sig=13 0.1s
  1d BTCUSD DOGE_L             bars=1096 sig=0 0.0s
  1d BTCUSD DOGE_S             bars=1096 sig=0 0.0s
  1d ETHUSD S2_ST_ROC          bars=1096 sig=85 0.0s
  1d ETHUSD S5_DONCHIAN_MFI    bars=1096 sig=0 0.0s
  1d ETHUSD S6_EMA_DMI_ADX     bars=1096 sig=12 0.0s
  1d ETHUSD N01_ST_EMA         bars=1096 sig=23 0.0s
  1d ETHUSD N02_ST_KST         bars=1096 sig=25 0.0s
  1d ETHUSD N03_ADX_GC         bars=1096 sig=0 0.0s
  1d ETHUSD N07_ICHI_CMO       bars=1096 sig=6 0.0s
  1d ETHUSD N08_ICHI_WR        bars=1096 sig=0 0.0s
  1d ETHUSD N09_ALLIG_AROON    bars=1096 sig=18 0.0s
  1d ETHUSD N10_HA_PSAR        bars=1096 sig=40 0.0s
  1d ETHUSD N12_ICHI_AO        bars=1096 sig=13 0.0s
  1d ETHUSD N14_ICHI_RSI       bars=1096 sig=0 0.0s
  1d ETHUSD N17_KC_RSI         bars=1096 sig=205 0.0s
  1d ETHUSD N18_VWMA_MACD      bars=1096 sig=76 0.0s
  1d ETHUSD N21_ST_RSI_ADX     bars=1096 sig=0 0.0s
  1d ETHUSD N22_VORTEX_PSAR    bars=1096 sig=68 0.0s
  1d ETHUSD N23_HA_ST          bars=1096 sig=126 0.0s
  1d ETHUSD N24_DMI            bars=1096 sig=32 0.0s
  1d ETHUSD N25_DST_CCI        bars=1096 sig=47 0.0s
  1d ETHUSD S1_EMA_RSI_CHOP    bars=1096 sig=0 0.0s
  1d ETHUSD S3_CMO_SANDWICH    bars=1096 sig=5 0.0s
  1d ETHUSD S4_BB_BBP          bars=1096 sig=34 0.0s
  1d ETHUSD N04_ST_KLINGER     bars=1096 sig=110 0.0s
  1d ETHUSD N05_PSAR_POC       bars=1096 sig=7 0.1s
  1d ETHUSD N06_MACD_ORB       bars=1096 sig=0 0.0s
  1d ETHUSD N11_BREAKAWAY      bars=1096 sig=2 0.0s
  1d ETHUSD N13_3OUTSIDE       bars=1096 sig=11 0.0s
  1d ETHUSD N15_KC_AO          bars=1096 sig=0 0.0s
  1d ETHUSD N16_BBRSI          bars=1096 sig=15 0.2s
  1d ETHUSD N19_FIB_CHOP       bars=1096 sig=5 0.0s
  1d ETHUSD N20_EMA9_CHOP      bars=1096 sig=29 0.0s
  1d ETHUSD V39_ALL            bars=1096 sig=27 0.0s
  1d ETHUSD OBV_S              bars=1096 sig=16 0.0s
  1d ETHUSD OBV_B              bars=1096 sig=37 0.0s
  1d ETHUSD V45_AMB            bars=1096 sig=10 0.0s
  1d ETHUSD DOGE_L             bars=1096 sig=0 0.0s
  1d ETHUSD DOGE_S             bars=1096 sig=0 0.0s
  1d SOLUSD S2_ST_ROC          bars=1004 sig=73 0.0s
  1d SOLUSD S5_DONCHIAN_MFI    bars=1004 sig=0 0.0s
  1d SOLUSD S6_EMA_DMI_ADX     bars=1004 sig=5 0.0s
  1d SOLUSD N01_ST_EMA         bars=1004 sig=30 0.0s
  1d SOLUSD N02_ST_KST         bars=1004 sig=23 0.0s
  1d SOLUSD N03_ADX_GC         bars=1004 sig=2 0.0s
  1d SOLUSD N07_ICHI_CMO       bars=1004 sig=12 0.0s
  1d SOLUSD N08_ICHI_WR        bars=1004 sig=1 0.0s
  1d SOLUSD N09_ALLIG_AROON    bars=1004 sig=12 0.0s
  1d SOLUSD N10_HA_PSAR        bars=1004 sig=34 0.0s
  1d SOLUSD N12_ICHI_AO        bars=1004 sig=12 0.0s
  1d SOLUSD N14_ICHI_RSI       bars=1004 sig=0 0.0s
  1d SOLUSD N17_KC_RSI         bars=1004 sig=184 0.0s
  1d SOLUSD N18_VWMA_MACD      bars=1004 sig=87 0.0s
  1d SOLUSD N21_ST_RSI_ADX     bars=1004 sig=0 0.0s
  1d SOLUSD N22_VORTEX_PSAR    bars=1004 sig=65 0.0s
  1d SOLUSD N23_HA_ST          bars=1004 sig=109 0.0s
  1d SOLUSD N24_DMI            bars=1004 sig=37 0.0s
  1d SOLUSD N25_DST_CCI        bars=1004 sig=36 0.0s
  1d SOLUSD S1_EMA_RSI_CHOP    bars=1004 sig=1 0.0s
  1d SOLUSD S3_CMO_SANDWICH    bars=1004 sig=6 0.0s
  1d SOLUSD S4_BB_BBP          bars=1004 sig=28 0.0s
  1d SOLUSD N04_ST_KLINGER     bars=1004 sig=105 0.0s
  1d SOLUSD N05_PSAR_POC       bars=1004 sig=4 0.0s
  1d SOLUSD N06_MACD_ORB       bars=1004 sig=0 0.0s
  1d SOLUSD N11_BREAKAWAY      bars=1004 sig=1 0.0s
  1d SOLUSD N13_3OUTSIDE       bars=1004 sig=10 0.0s
  1d SOLUSD N15_KC_AO          bars=1004 sig=0 0.0s
  1d SOLUSD N16_BBRSI          bars=1004 sig=8 0.1s
  1d SOLUSD N19_FIB_CHOP       bars=1004 sig=2 0.0s
  1d SOLUSD N20_EMA9_CHOP      bars=1004 sig=35 0.0s
  1d SOLUSD V39_ALL            bars=1004 sig=24 0.0s
  1d SOLUSD OBV_S              bars=1004 sig=9 0.0s
  1d SOLUSD OBV_B              bars=1004 sig=35 0.0s
  1d SOLUSD V45_AMB            bars=1004 sig=7 0.0s
  1d SOLUSD DOGE_L             bars=1004 sig=0 0.0s
  1d SOLUSD DOGE_S             bars=1004 sig=0 0.0s
  1d XRPUSD S2_ST_ROC          bars=1096 sig=94 0.0s
  1d XRPUSD S5_DONCHIAN_MFI    bars=1096 sig=1 0.0s
  1d XRPUSD S6_EMA_DMI_ADX     bars=1096 sig=6 0.0s
  1d XRPUSD N01_ST_EMA         bars=1096 sig=29 0.0s
  1d XRPUSD N02_ST_KST         bars=1096 sig=20 0.0s
  1d XRPUSD N03_ADX_GC         bars=1096 sig=1 0.0s
  1d XRPUSD N07_ICHI_CMO       bars=1096 sig=12 0.0s
  1d XRPUSD N08_ICHI_WR        bars=1096 sig=0 0.0s
  1d XRPUSD N09_ALLIG_AROON    bars=1096 sig=15 0.0s
  1d XRPUSD N10_HA_PSAR        bars=1096 sig=34 0.0s
  1d XRPUSD N12_ICHI_AO        bars=1096 sig=14 0.0s
  1d XRPUSD N14_ICHI_RSI       bars=1096 sig=0 0.0s
  1d XRPUSD N17_KC_RSI         bars=1096 sig=127 0.0s
  1d XRPUSD N18_VWMA_MACD      bars=1096 sig=75 0.0s
  1d XRPUSD N21_ST_RSI_ADX     bars=1096 sig=0 0.0s
  1d XRPUSD N22_VORTEX_PSAR    bars=1096 sig=65 0.0s
  1d XRPUSD N23_HA_ST          bars=1096 sig=122 0.0s
  1d XRPUSD N24_DMI            bars=1096 sig=41 0.0s
  1d XRPUSD N25_DST_CCI        bars=1096 sig=66 0.0s
  1d XRPUSD S1_EMA_RSI_CHOP    bars=1096 sig=0 0.0s
  1d XRPUSD S3_CMO_SANDWICH    bars=1096 sig=5 0.0s
  1d XRPUSD S4_BB_BBP          bars=1096 sig=37 0.0s
  1d XRPUSD N04_ST_KLINGER     bars=1096 sig=94 0.0s
  1d XRPUSD N05_PSAR_POC       bars=1096 sig=8 0.0s
  1d XRPUSD N06_MACD_ORB       bars=1096 sig=0 0.0s
  1d XRPUSD N11_BREAKAWAY      bars=1096 sig=1 0.0s
  1d XRPUSD N13_3OUTSIDE       bars=1096 sig=5 0.0s
  1d XRPUSD N15_KC_AO          bars=1096 sig=0 0.0s
  1d XRPUSD N16_BBRSI          bars=1096 sig=6 0.1s
  1d XRPUSD N19_FIB_CHOP       bars=1096 sig=23 0.0s
  1d XRPUSD N20_EMA9_CHOP      bars=1096 sig=50 0.0s
  1d XRPUSD V39_ALL            bars=1096 sig=29 0.1s
  1d XRPUSD OBV_S              bars=1096 sig=19 0.0s
  1d XRPUSD OBV_B              bars=1096 sig=57 0.0s
  1d XRPUSD V45_AMB            bars=1096 sig=7 0.1s
  1d XRPUSD DOGE_L             bars=1096 sig=0 0.0s
  1d XRPUSD DOGE_S             bars=1096 sig=0 0.0s
  1d DOGEUSD S2_ST_ROC          bars=1065 sig=98 0.0s
  1d DOGEUSD S5_DONCHIAN_MFI    bars=1065 sig=1 0.0s
  1d DOGEUSD S6_EMA_DMI_ADX     bars=1065 sig=15 0.0s
  1d DOGEUSD N01_ST_EMA         bars=1065 sig=27 0.0s
  1d DOGEUSD N02_ST_KST         bars=1065 sig=21 0.0s
  1d DOGEUSD N03_ADX_GC         bars=1065 sig=0 0.0s
  1d DOGEUSD N07_ICHI_CMO       bars=1065 sig=12 0.0s
  1d DOGEUSD N08_ICHI_WR        bars=1065 sig=0 0.0s
  1d DOGEUSD N09_ALLIG_AROON    bars=1065 sig=14 0.0s
  1d DOGEUSD N10_HA_PSAR        bars=1065 sig=27 0.0s
  1d DOGEUSD N12_ICHI_AO        bars=1065 sig=11 0.0s
  1d DOGEUSD N14_ICHI_RSI       bars=1065 sig=0 0.0s
  1d DOGEUSD N17_KC_RSI         bars=1065 sig=119 0.0s
  1d DOGEUSD N18_VWMA_MACD      bars=1065 sig=60 0.0s
  1d DOGEUSD N21_ST_RSI_ADX     bars=1065 sig=0 0.0s
  1d DOGEUSD N22_VORTEX_PSAR    bars=1065 sig=70 0.0s
  1d DOGEUSD N23_HA_ST          bars=1065 sig=110 0.0s
  1d DOGEUSD N24_DMI            bars=1065 sig=41 0.0s
  1d DOGEUSD N25_DST_CCI        bars=1065 sig=51 0.0s
  1d DOGEUSD S1_EMA_RSI_CHOP    bars=1065 sig=0 0.0s
  1d DOGEUSD S3_CMO_SANDWICH    bars=1065 sig=4 0.0s
  1d DOGEUSD S4_BB_BBP          bars=1065 sig=34 0.0s
  1d DOGEUSD N04_ST_KLINGER     bars=1065 sig=91 0.0s
  1d DOGEUSD N05_PSAR_POC       bars=1065 sig=7 0.0s
  1d DOGEUSD N06_MACD_ORB       bars=1065 sig=0 0.0s
  1d DOGEUSD N11_BREAKAWAY      bars=1065 sig=0 0.0s
  1d DOGEUSD N13_3OUTSIDE       bars=1065 sig=4 0.0s
  1d DOGEUSD N15_KC_AO          bars=1065 sig=1 0.0s
  1d DOGEUSD N16_BBRSI          bars=1065 sig=11 0.1s
  1d DOGEUSD N19_FIB_CHOP       bars=1065 sig=7 0.0s
  1d DOGEUSD N20_EMA9_CHOP      bars=1065 sig=29 0.0s
  1d DOGEUSD V39_ALL            bars=1065 sig=35 0.0s
  1d DOGEUSD OBV_S              bars=1065 sig=14 0.0s
  1d DOGEUSD OBV_B              bars=1065 sig=48 0.0s
  1d DOGEUSD V45_AMB            bars=1065 sig=8 0.1s
  1d DOGEUSD DOGE_L             bars=1065 sig=0 0.0s
  1d DOGEUSD DOGE_S             bars=1065 sig=0 0.0s
  1d LTCUSD S2_ST_ROC          bars=1096 sig=93 0.0s
  1d LTCUSD S5_DONCHIAN_MFI    bars=1096 sig=0 0.0s
  1d LTCUSD S6_EMA_DMI_ADX     bars=1096 sig=11 0.0s
  1d LTCUSD N01_ST_EMA         bars=1096 sig=28 0.0s
  1d LTCUSD N02_ST_KST         bars=1096 sig=28 0.0s
  1d LTCUSD N03_ADX_GC         bars=1096 sig=2 0.0s
  1d LTCUSD N07_ICHI_CMO       bars=1096 sig=14 0.0s
  1d LTCUSD N08_ICHI_WR        bars=1096 sig=0 0.0s
  1d LTCUSD N09_ALLIG_AROON    bars=1096 sig=16 0.0s
  1d LTCUSD N10_HA_PSAR        bars=1096 sig=36 0.0s
  1d LTCUSD N12_ICHI_AO        bars=1096 sig=18 0.0s
  1d LTCUSD N14_ICHI_RSI       bars=1096 sig=0 0.0s
  1d LTCUSD N17_KC_RSI         bars=1096 sig=124 0.0s
  1d LTCUSD N18_VWMA_MACD      bars=1096 sig=78 0.0s
  1d LTCUSD N21_ST_RSI_ADX     bars=1096 sig=0 0.0s
  1d LTCUSD N22_VORTEX_PSAR    bars=1096 sig=78 0.0s
  1d LTCUSD N23_HA_ST          bars=1096 sig=129 0.0s
  1d LTCUSD N24_DMI            bars=1096 sig=43 0.0s
  1d LTCUSD N25_DST_CCI        bars=1096 sig=42 0.0s
  1d LTCUSD S1_EMA_RSI_CHOP    bars=1096 sig=0 0.0s
  1d LTCUSD S3_CMO_SANDWICH    bars=1096 sig=2 0.0s
  1d LTCUSD S4_BB_BBP          bars=1096 sig=38 0.0s
  1d LTCUSD N04_ST_KLINGER     bars=1096 sig=110 0.0s
  1d LTCUSD N05_PSAR_POC       bars=1096 sig=10 0.0s
  1d LTCUSD N06_MACD_ORB       bars=1096 sig=0 0.0s
  1d LTCUSD N11_BREAKAWAY      bars=1096 sig=1 0.0s
  1d LTCUSD N13_3OUTSIDE       bars=1096 sig=9 0.0s
  1d LTCUSD N15_KC_AO          bars=1096 sig=1 0.0s
  1d LTCUSD N16_BBRSI          bars=1096 sig=15 0.2s
  1d LTCUSD N19_FIB_CHOP       bars=1096 sig=5 0.0s
  1d LTCUSD N20_EMA9_CHOP      bars=1096 sig=49 0.0s
  1d LTCUSD V39_ALL            bars=1096 sig=30 0.1s
  1d LTCUSD OBV_S              bars=1096 sig=16 0.0s
  1d LTCUSD OBV_B              bars=1096 sig=37 0.0s
  1d LTCUSD V45_AMB            bars=1096 sig=6 0.1s
  1d LTCUSD DOGE_L             bars=1096 sig=0 0.0s
  1d LTCUSD DOGE_S             bars=1096 sig=0 0.0s
  1d BCHUSD S2_ST_ROC          bars=1096 sig=88 0.0s
  1d BCHUSD S5_DONCHIAN_MFI    bars=1096 sig=0 0.0s
  1d BCHUSD S6_EMA_DMI_ADX     bars=1096 sig=16 0.0s
  1d BCHUSD N01_ST_EMA         bars=1096 sig=27 0.0s
  1d BCHUSD N02_ST_KST         bars=1096 sig=29 0.0s
  1d BCHUSD N03_ADX_GC         bars=1096 sig=0 0.0s
  1d BCHUSD N07_ICHI_CMO       bars=1096 sig=20 0.0s
  1d BCHUSD N08_ICHI_WR        bars=1096 sig=2 0.0s
  1d BCHUSD N09_ALLIG_AROON    bars=1096 sig=15 0.0s
  1d BCHUSD N10_HA_PSAR        bars=1096 sig=39 0.0s
  1d BCHUSD N12_ICHI_AO        bars=1096 sig=23 0.0s
  1d BCHUSD N14_ICHI_RSI       bars=1096 sig=0 0.0s
  1d BCHUSD N17_KC_RSI         bars=1096 sig=162 0.0s
  1d BCHUSD N18_VWMA_MACD      bars=1096 sig=89 0.0s
  1d BCHUSD N21_ST_RSI_ADX     bars=1096 sig=0 0.0s
  1d BCHUSD N22_VORTEX_PSAR    bars=1096 sig=72 0.0s
  1d BCHUSD N23_HA_ST          bars=1096 sig=122 0.0s
  1d BCHUSD N24_DMI            bars=1096 sig=47 0.0s
  1d BCHUSD N25_DST_CCI        bars=1096 sig=41 0.0s
  1d BCHUSD S1_EMA_RSI_CHOP    bars=1096 sig=0 0.0s
  1d BCHUSD S3_CMO_SANDWICH    bars=1096 sig=8 0.0s
  1d BCHUSD S4_BB_BBP          bars=1096 sig=33 0.0s
  1d BCHUSD N04_ST_KLINGER     bars=1096 sig=105 0.0s
  1d BCHUSD N05_PSAR_POC       bars=1096 sig=16 0.0s
  1d BCHUSD N06_MACD_ORB       bars=1096 sig=0 0.0s
  1d BCHUSD N11_BREAKAWAY      bars=1096 sig=0 0.0s
  1d BCHUSD N13_3OUTSIDE       bars=1096 sig=9 0.0s
  1d BCHUSD N15_KC_AO          bars=1096 sig=0 0.0s
  1d BCHUSD N16_BBRSI          bars=1096 sig=8 0.1s
  1d BCHUSD N19_FIB_CHOP       bars=1096 sig=4 0.0s
  1d BCHUSD N20_EMA9_CHOP      bars=1096 sig=41 0.0s
  1d BCHUSD V39_ALL            bars=1096 sig=25 0.0s
  1d BCHUSD OBV_S              bars=1096 sig=14 0.0s
  1d BCHUSD OBV_B              bars=1096 sig=44 0.0s
  1d BCHUSD V45_AMB            bars=1096 sig=5 0.1s
  1d BCHUSD DOGE_L             bars=1096 sig=0 0.0s
  1d BCHUSD DOGE_S             bars=1096 sig=0 0.0s
signals 4s, gate 0s -> out/gate_is_1d.csv (111 rows)
END 2026-09-29T12:16:23 rc=0 wall_s=6
