START 2026-09-29T12:25:37 python3 tail_check.py --tf 1d --reps 500 --cells N01_ST_EMA:64,N23_HA_ST:64,N04_ST_KLINGER:64,N25_DST_CCI:64,S2_ST_ROC:64,N02_ST_KST:64,N02_ST_KST:4,N18_VWMA_MACD:4,N23_HA_ST:4,N23_HA_ST:16
N01_ST_EMA 1d 64 1s
N23_HA_ST 1d 64 3s
N04_ST_KLINGER 1d 64 5s
N25_DST_CCI 1d 64 6s
S2_ST_ROC 1d 64 8s
N02_ST_KST 1d 64 9s
N02_ST_KST 1d 4 11s
N18_VWMA_MACD 1d 4 12s
N23_HA_ST 1d 4 15s
N23_HA_ST 1d 16 18s
      strategy tf  H  reps   n   z_sd  zvn_sd  z_max  zvn_max  rate_z_gt_thr  rate_zvn_gt_thr  rate_both_gt_thr  rate_fwd_ge_mu  gate_spec  gate_A1  corr_z_zvn
    N01_ST_EMA 1d 64   500 146 1.3968  1.4400 3.7211   5.1697          0.000            0.012             0.000           0.198      0.000    0.000      0.9297
    N02_ST_KST 1d  4   500 149 1.1598  0.9041 3.4792   2.7453          0.000            0.000             0.000           0.188      0.000    0.000      0.7065
    N02_ST_KST 1d 64   500 140 1.5503  1.3545 3.7384   4.2136          0.000            0.002             0.000           0.304      0.000    0.000      0.8929
N04_ST_KLINGER 1d 64   500 576 1.3375  1.5313 3.9102   5.0537          0.002            0.016             0.002           0.230      0.002    0.002      0.9150
 N18_VWMA_MACD 1d  4   500 461 1.1507  0.9705 3.0292   2.8633          0.000            0.000             0.000           0.144      0.000    0.000      0.7388
     N23_HA_ST 1d  4   500 650 1.2370  1.0432 3.8378   3.2330          0.002            0.000             0.000           0.040      0.002    0.000      0.7723
     N23_HA_ST 1d 16   500 642 1.2731  1.2693 3.1897   3.0205          0.000            0.000             0.000           0.118      0.000    0.000      0.9066
     N23_HA_ST 1d 64   500 612 1.4505  1.5514 3.3748   3.4095          0.000            0.000             0.000           0.230      0.000    0.000      0.8808
   N25_DST_CCI 1d 64   500 241 1.7028  1.4943 4.3709   4.6354          0.008            0.006             0.002           0.220      0.008    0.002      0.8941
     S2_ST_ROC 1d 64   500 488 1.4408  1.4842 4.2090   5.1100          0.006            0.006             0.006           0.124      0.006    0.006      0.9101
thr_z 3.791
END 2026-09-29T12:25:57 rc=0 wall_s=20
