START 2026-09-29T12:21:41 python3 run_strategy_timing_controls.py --tf 1d --reps 200 --out out
1d H=4 done 10s
1d H=16 done 19s
1d H=64 done 28s
       strategy tf  H   n  mu_star  null_sd  mde80_holm1  mde80_over_mu  reps  n_episodes  sig_per_episode  rs_z_mean  rs_z_sd  rs_rate_p05  rs_z_max  rs_zvn_mean  rs_zvn_sd  rs_rate_pvn05  rs_zvn_max  rs_rate_both05  sec_total
      S2_ST_ROC 1d  4 522    0.008    0.005        0.025          3.148   200       397.0            1.315     -0.031    1.002        0.065     2.524       -0.020      0.979          0.050       2.852           0.015     28.148
S5_DONCHIAN_MFI 1d  4   2    0.008    0.063        0.292         37.390     0         NaN              NaN        NaN      NaN          NaN       NaN          NaN        NaN            NaN         NaN             NaN     28.148
 S6_EMA_DMI_ADX 1d  4  61    0.008    0.011        0.050          6.412     0         NaN              NaN        NaN      NaN          NaN       NaN          NaN        NaN            NaN         NaN             NaN     28.148
     N01_ST_EMA 1d  4 161    0.008    0.009        0.040          5.172   200       156.0            1.032     -0.152    0.979        0.030     2.297       -0.190      0.988          0.025       2.197           0.005     28.148
     N02_ST_KST 1d  4 149    0.008    0.009        0.040          5.092   200       146.0            1.021     -0.058    1.112        0.080     2.877       -0.013      0.981          0.060       3.207           0.030     28.148
     N03_ADX_GC 1d  4   5    0.008    0.042        0.195         25.035     0         NaN              NaN        NaN      NaN          NaN       NaN          NaN        NaN            NaN         NaN             NaN     28.148
   N07_ICHI_CMO 1d  4  78    0.008    0.012        0.055          7.035     0         NaN              NaN        NaN      NaN          NaN       NaN          NaN        NaN            NaN         NaN             NaN     28.148
    N08_ICHI_WR 1d  4   4    0.008    0.038        0.174         22.316     0         NaN              NaN        NaN      NaN          NaN       NaN          NaN        NaN            NaN         NaN             NaN     28.148
N09_ALLIG_AROON 1d  4  89    0.008    0.010        0.048          6.152     0         NaN              NaN        NaN      NaN          NaN       NaN          NaN        NaN            NaN         NaN             NaN     28.148
    N10_HA_PSAR 1d  4 192    0.008    0.007        0.033          4.165   200       187.0            1.027     -0.043    0.965        0.055     2.510       -0.041      1.006          0.060       2.690           0.025     28.148
    N12_ICHI_AO 1d  4  83    0.008    0.011        0.051          6.494     0         NaN              NaN        NaN      NaN          NaN       NaN          NaN        NaN            NaN         NaN             NaN     28.148
   N14_ICHI_RSI 1d  4   0    0.008      NaN          NaN            NaN     0         NaN              NaN        NaN      NaN          NaN       NaN          NaN        NaN            NaN         NaN             NaN     28.148
     N17_KC_RSI 1d  4 912    0.008    0.007        0.034          4.317   200       115.0            7.930     -0.012    1.276        0.100     3.187       -0.118      1.082          0.035       2.548           0.035     28.148
  N18_VWMA_MACD 1d  4 461    0.008    0.008        0.039          4.974   200       146.0            3.158     -0.053    1.060        0.065     2.853       -0.058      1.008          0.050       2.678           0.030     28.148
 N21_ST_RSI_ADX 1d  4   0    0.008      NaN          NaN            NaN     0         NaN              NaN        NaN      NaN          NaN       NaN          NaN        NaN            NaN         NaN             NaN     28.148
N22_VORTEX_PSAR 1d  4 409    0.008    0.005        0.023          2.912   200       362.0            1.130     -0.016    1.141        0.085     2.873        0.021      1.029          0.045       2.372           0.020     28.148
      N23_HA_ST 1d  4 650    0.008    0.005        0.023          2.996   200       492.0            1.321      0.132    1.334        0.130     3.399        0.103      1.081          0.055       2.981           0.040     28.148
        N24_DMI 1d  4 233    0.008    0.007        0.033          4.209   200       212.0            1.099     -0.153    0.882        0.025     1.999       -0.218      0.934          0.025       2.116           0.010     28.148
    N25_DST_CCI 1d  4 262    0.008    0.007        0.033          4.269   200       234.0            1.120      0.012    0.844        0.010     1.860        0.024      0.953          0.030       2.611           0.005     28.148
S1_EMA_RSI_CHOP 1d  4   1    0.008    0.114        0.526         67.440     0         NaN              NaN        NaN      NaN          NaN       NaN          NaN        NaN            NaN         NaN             NaN     28.148
S3_CMO_SANDWICH 1d  4  25    0.008    0.019        0.087         11.102     0         NaN              NaN        NaN      NaN          NaN       NaN          NaN        NaN            NaN         NaN             NaN     28.148
      S4_BB_BBP 1d  4 220    0.008    0.009        0.042          5.441   200       168.0            1.310     -0.039    0.984        0.025     2.427        0.014      1.040          0.080       3.199           0.025     28.148
 N04_ST_KLINGER 1d  4 608    0.008    0.005        0.022          2.844   200       443.0            1.372      0.012    1.098        0.065     4.052       -0.018      1.104          0.075       2.932           0.040     28.148
   N05_PSAR_POC 1d  4  54    0.008    0.014        0.064          8.258     0         NaN              NaN        NaN      NaN          NaN       NaN          NaN        NaN            NaN         NaN             NaN     28.148
   N06_MACD_ORB 1d  4   0    0.008      NaN          NaN            NaN     0         NaN              NaN        NaN      NaN          NaN       NaN          NaN        NaN            NaN         NaN             NaN     28.148
  N11_BREAKAWAY 1d  4   5    0.008    0.031        0.145         18.630     0         NaN              NaN        NaN      NaN          NaN       NaN          NaN        NaN            NaN         NaN             NaN     28.148
   N13_3OUTSIDE 1d  4  38    0.008    0.015        0.071          9.053     0         NaN              NaN        NaN      NaN          NaN       NaN          NaN        NaN            NaN         NaN             NaN     28.148
      N15_KC_AO 1d  4   1    0.008    0.076        0.354         45.336     0         NaN              NaN        NaN      NaN          NaN       NaN          NaN        NaN            NaN         NaN             NaN     28.148
      N16_BBRSI 1d  4  64    0.008    0.012        0.054          6.905     0         NaN              NaN        NaN      NaN          NaN       NaN          NaN        NaN            NaN         NaN             NaN     28.148
   N19_FIB_CHOP 1d  4  47    0.008    0.014        0.063          8.059     0         NaN              NaN        NaN      NaN          NaN       NaN          NaN        NaN            NaN         NaN             NaN     28.148
  N20_EMA9_CHOP 1d  4 232    0.008    0.007        0.032          4.069   200       164.0            1.415     -0.157    1.019        0.055     2.408       -0.110      1.061          0.055       2.972           0.015     28.148
        V39_ALL 1d  4 182    0.008    0.009        0.043          5.494   200       160.0            1.138      0.040    0.960        0.025     2.877        0.036      0.993          0.025       3.728           0.010     28.148
          OBV_S 1d  4  87    0.008    0.010        0.048          6.183     0         NaN              NaN        NaN      NaN          NaN       NaN          NaN        NaN            NaN         NaN             NaN     28.148
          OBV_B 1d  4 236    0.008    0.007        0.034          4.387   200       210.0            1.124      0.003    0.802        0.020     2.950        0.004      0.984          0.045       2.856           0.015     28.148
        V45_AMB 1d  4  23    0.008    0.018        0.084         10.773     0         NaN              NaN        NaN      NaN          NaN       NaN          NaN        NaN            NaN         NaN             NaN     28.148
         DOGE_L 1d  4   0    0.008      NaN          NaN            NaN     0         NaN              NaN        NaN      NaN          NaN       NaN          NaN        NaN            NaN         NaN             NaN     28.148
         DOGE_S 1d  4   0    0.008      NaN          NaN            NaN     0         NaN              NaN        NaN      NaN          NaN       NaN          NaN        NaN            NaN         NaN             NaN     28.148
      S2_ST_ROC 1d 16 515    0.017    0.015        0.067          3.873   200       163.0            3.160     -0.106    0.937        0.020     2.539       -0.099      1.055          0.045       3.370           0.015     28.148
S5_DONCHIAN_MFI 1d 16   2    0.017    0.133        0.616         35.464     0         NaN              NaN        NaN      NaN          NaN       NaN          NaN        NaN            NaN         NaN             NaN     28.148
 S6_EMA_DMI_ADX 1d 16  61    0.017    0.025        0.114          6.539     0         NaN              NaN        NaN      NaN          NaN       NaN          NaN        NaN            NaN         NaN             NaN     28.148
     N01_ST_EMA 1d 16 161    0.017    0.023        0.107          6.144   200       123.0            1.309     -0.105    0.807        0.020     2.062       -0.200      1.011          0.035       2.719           0.010     28.148
     N02_ST_KST 1d 16 148    0.017    0.023        0.105          6.021   200       136.0            1.088      0.102    1.111        0.070     2.926        0.056      1.042          0.055       2.718           0.030     28.148
     N03_ADX_GC 1d 16   5    0.017    0.090        0.415         23.880     0         NaN              NaN        NaN      NaN          NaN       NaN          NaN        NaN            NaN         NaN             NaN     28.148
   N07_ICHI_CMO 1d 16  77    0.017    0.027        0.125          7.215     0         NaN              NaN        NaN      NaN          NaN       NaN          NaN        NaN            NaN         NaN             NaN     28.148
    N08_ICHI_WR 1d 16   4    0.017    0.089        0.412         23.692     0         NaN              NaN        NaN      NaN          NaN       NaN          NaN        NaN            NaN         NaN             NaN     28.148
N09_ALLIG_AROON 1d 16  88    0.017    0.022        0.100          5.736     0         NaN              NaN        NaN      NaN          NaN       NaN          NaN        NaN            NaN         NaN             NaN     28.148
    N10_HA_PSAR 1d 16 190    0.017    0.015        0.071          4.098   200       157.0            1.210      0.046    0.820        0.030     2.318        0.043      0.931          0.035       2.581           0.020     28.148
    N12_ICHI_AO 1d 16  83    0.017    0.025        0.116          6.670     0         NaN              NaN        NaN      NaN          NaN       NaN          NaN        NaN            NaN         NaN             NaN     28.148
   N14_ICHI_RSI 1d 16   0    0.017      NaN          NaN            NaN     0         NaN              NaN        NaN      NaN          NaN       NaN          NaN        NaN            NaN         NaN             NaN     28.148
     N17_KC_RSI 1d 16 892    0.017    0.024        0.111          6.381   200        90.0            9.911      0.004    1.163        0.085     2.627       -0.045      1.022          0.040       2.296           0.025     28.148
  N18_VWMA_MACD 1d 16 459    0.017    0.020        0.095          5.445   200       125.0            3.672      0.008    1.036        0.055     3.238       -0.072      1.174          0.050       3.770           0.040     28.148
 N21_ST_RSI_ADX 1d 16   0    0.017      NaN          NaN            NaN     0         NaN              NaN        NaN      NaN          NaN       NaN          NaN        NaN            NaN         NaN             NaN     28.148
N22_VORTEX_PSAR 1d 16 409    0.017    0.011        0.051          2.943   200       300.0            1.363      0.045    1.025        0.055     2.701        0.089      1.089          0.070       3.403           0.035     28.148
      N23_HA_ST 1d 16 642    0.017    0.014        0.064          3.680   200       113.0            5.681     -0.016    1.285        0.085     3.907       -0.047      1.265          0.075       3.643           0.055     28.148
        N24_DMI 1d 16 231    0.017    0.014        0.065          3.754   200       145.0            1.593     -0.047    0.730        0.015     2.316       -0.017      0.949          0.045       2.860           0.010     28.148
    N25_DST_CCI 1d 16 255    0.017    0.020        0.093          5.351   200       131.0            1.947      0.047    0.814        0.030     2.060        0.003      0.876          0.040       2.305           0.015     28.148
S1_EMA_RSI_CHOP 1d 16   1    0.017    0.240        1.110         63.836     0         NaN              NaN        NaN      NaN          NaN       NaN          NaN        NaN            NaN         NaN             NaN     28.148
S3_CMO_SANDWICH 1d 16  25    0.017    0.048        0.222         12.793     0         NaN              NaN        NaN      NaN          NaN       NaN          NaN        NaN            NaN         NaN             NaN     28.148
      S4_BB_BBP 1d 16 218    0.017    0.023        0.109          6.244   200       148.0            1.473     -0.192    1.134        0.045     3.177       -0.192      1.145          0.050       2.886           0.015     28.148
 N04_ST_KLINGER 1d 16 599    0.017    0.014        0.065          3.716   200       130.0            4.608      0.070    0.923        0.045     2.216        0.040      0.971          0.045       2.890           0.020     28.148
   N05_PSAR_POC 1d 16  53    0.017    0.033        0.154          8.886     0         NaN              NaN        NaN      NaN          NaN       NaN          NaN        NaN            NaN         NaN             NaN     28.148
   N06_MACD_ORB 1d 16   0    0.017      NaN          NaN            NaN     0         NaN              NaN        NaN      NaN          NaN       NaN          NaN        NaN            NaN         NaN             NaN     28.148
  N11_BREAKAWAY 1d 16   5    0.017    0.061        0.284         16.341     0         NaN              NaN        NaN      NaN          NaN       NaN          NaN        NaN            NaN         NaN             NaN     28.148
   N13_3OUTSIDE 1d 16  38    0.017    0.034        0.158          9.073     0         NaN              NaN        NaN      NaN          NaN       NaN          NaN        NaN            NaN         NaN             NaN     28.148
      N15_KC_AO 1d 16   1    0.017    0.134        0.623         35.832     0         NaN              NaN        NaN      NaN          NaN       NaN          NaN        NaN            NaN         NaN             NaN     28.148
      N16_BBRSI 1d 16  64    0.017    0.026        0.121          6.982     0         NaN              NaN        NaN      NaN          NaN       NaN          NaN        NaN            NaN         NaN             NaN     28.148
   N19_FIB_CHOP 1d 16  47    0.017    0.028        0.129          7.415     0         NaN              NaN        NaN      NaN          NaN       NaN          NaN        NaN            NaN         NaN             NaN     28.148
  N20_EMA9_CHOP 1d 16 232    0.017    0.018        0.085          4.901   200        73.0            3.178     -0.156    0.928        0.010     2.235       -0.148      0.962          0.015       2.135           0.000     28.148
        V39_ALL 1d 16 181    0.017    0.025        0.115          6.588   200       101.0            1.792     -0.070    1.008        0.055     2.495       -0.101      1.013          0.035       2.263           0.030     28.148
          OBV_S 1d 16  87    0.017    0.025        0.114          6.557     0         NaN              NaN        NaN      NaN          NaN       NaN          NaN        NaN            NaN         NaN             NaN     28.148
          OBV_B 1d 16 233    0.017    0.018        0.082          4.724   200       175.0            1.331     -0.012    0.917        0.025     2.661       -0.008      0.922          0.035       2.563           0.010     28.148
        V45_AMB 1d 16  17    0.017    0.064        0.298         17.171     0         NaN              NaN        NaN      NaN          NaN       NaN          NaN        NaN            NaN         NaN             NaN     28.148
         DOGE_L 1d 16   0    0.017      NaN          NaN            NaN     0         NaN              NaN        NaN      NaN          NaN       NaN          NaN        NaN            NaN         NaN             NaN     28.148
         DOGE_S 1d 16   0    0.017      NaN          NaN            NaN     0         NaN              NaN        NaN      NaN          NaN       NaN          NaN        NaN            NaN         NaN             NaN     28.148
      S2_ST_ROC 1d 64 488    0.045    0.044        0.204          4.560   200        42.0           11.619     -0.052    1.233        0.095     2.758        0.015      1.336          0.095       3.844           0.075     28.148
S5_DONCHIAN_MFI 1d 64   2    0.045    0.224        1.038         23.255     0         NaN              NaN        NaN      NaN          NaN       NaN          NaN        NaN            NaN         NaN             NaN     28.148
 S6_EMA_DMI_ADX 1d 64  59    0.045    0.036        0.168          3.766     0         NaN              NaN        NaN      NaN          NaN       NaN          NaN        NaN            NaN         NaN             NaN     28.148
     N01_ST_EMA 1d 64 146    0.045    0.064        0.298          6.666   200        39.0            3.744      0.093    1.274        0.135     2.827        0.041      1.262          0.105       3.359           0.090     28.148
     N02_ST_KST 1d 64 140    0.045    0.048        0.224          5.025   200        44.0            3.182      0.169    1.452        0.140     3.584        0.167      1.231          0.085       3.671           0.060     28.148
     N03_ADX_GC 1d 64   5    0.045    0.172        0.795         17.815     0         NaN              NaN        NaN      NaN          NaN       NaN          NaN        NaN            NaN         NaN             NaN     28.148
   N07_ICHI_CMO 1d 64  68    0.045    0.059        0.275          6.153     0         NaN              NaN        NaN      NaN          NaN       NaN          NaN        NaN            NaN         NaN             NaN     28.148
    N08_ICHI_WR 1d 64   4    0.045    0.250        1.160         25.985     0         NaN              NaN        NaN      NaN          NaN       NaN          NaN        NaN            NaN         NaN             NaN     28.148
N09_ALLIG_AROON 1d 64  77    0.045    0.033        0.153          3.418     0         NaN              NaN        NaN      NaN          NaN       NaN          NaN        NaN            NaN         NaN             NaN     28.148
    N10_HA_PSAR 1d 64 183    0.045    0.027        0.123          2.755   200       109.0            1.679     -0.063    1.346        0.115     5.150       -0.100      1.169          0.070       3.994           0.060     28.148
    N12_ICHI_AO 1d 64  76    0.045    0.039        0.180          4.038     0         NaN              NaN        NaN      NaN          NaN       NaN          NaN        NaN            NaN         NaN             NaN     28.148
   N14_ICHI_RSI 1d 64   0    0.045      NaN          NaN            NaN     0         NaN              NaN        NaN      NaN          NaN       NaN          NaN        NaN            NaN         NaN             NaN     28.148
     N17_KC_RSI 1d 64 883    0.045    0.060        0.277          6.201   200        66.0           13.379     -0.234    1.532        0.110     3.371       -0.191      1.156          0.055       3.678           0.045     28.148
  N18_VWMA_MACD 1d 64 422    0.045    0.046        0.212          4.750   200        69.0            6.116     -0.112    1.494        0.140     3.432       -0.081      1.334          0.120       3.143           0.085     28.148
 N21_ST_RSI_ADX 1d 64   0    0.045      NaN          NaN            NaN     0         NaN              NaN        NaN      NaN          NaN       NaN          NaN        NaN            NaN         NaN             NaN     28.148
N22_VORTEX_PSAR 1d 64 380    0.045    0.014        0.065          1.448   200       230.0            1.652      0.080    1.209        0.085     5.131        0.068      1.058          0.080       3.154           0.065     28.148
      N23_HA_ST 1d 64 612    0.045    0.038        0.176          3.944   200        42.0           14.571     -0.033    1.422        0.140     3.093       -0.106      1.446          0.105       3.469           0.085     28.148
        N24_DMI 1d 64 217    0.045    0.027        0.125          2.805   200        86.0            2.523     -0.145    1.178        0.065     3.338       -0.081      1.247          0.095       3.355           0.055     28.148
    N25_DST_CCI 1d 64 241    0.045    0.062        0.286          6.409   200        64.0            3.766     -0.005    1.726        0.170     4.121       -0.049      1.568          0.110       4.409           0.085     28.148
S1_EMA_RSI_CHOP 1d 64   1    0.045    0.749        3.469         77.742     0         NaN              NaN        NaN      NaN          NaN       NaN          NaN        NaN            NaN         NaN             NaN     28.148
S3_CMO_SANDWICH 1d 64  23    0.045    0.083        0.383          8.572     0         NaN              NaN        NaN      NaN          NaN       NaN          NaN        NaN            NaN         NaN             NaN     28.148
      S4_BB_BBP 1d 64 195    0.045    0.042        0.195          4.365   200       101.0            1.931      0.006    1.529        0.150     3.978        0.057      1.598          0.150       5.381           0.115     28.148
 N04_ST_KLINGER 1d 64 576    0.045    0.040        0.183          4.104   200        40.0           14.400     -0.026    1.337        0.105     2.913       -0.013      1.436          0.125       4.148           0.085     28.148
   N05_PSAR_POC 1d 64  49    0.045    0.067        0.312          6.989     0         NaN              NaN        NaN      NaN          NaN       NaN          NaN        NaN            NaN         NaN             NaN     28.148
   N06_MACD_ORB 1d 64   0    0.045      NaN          NaN            NaN     0         NaN              NaN        NaN      NaN          NaN       NaN          NaN        NaN            NaN         NaN             NaN     28.148
  N11_BREAKAWAY 1d 64   5    0.045    0.084        0.389          8.709     0         NaN              NaN        NaN      NaN          NaN       NaN          NaN        NaN            NaN         NaN             NaN     28.148
   N13_3OUTSIDE 1d 64  38    0.045    0.091        0.423          9.482     0         NaN              NaN        NaN      NaN          NaN       NaN          NaN        NaN            NaN         NaN             NaN     28.148
      N15_KC_AO 1d 64   1    0.045    0.222        1.026         22.998     0         NaN              NaN        NaN      NaN          NaN       NaN          NaN        NaN            NaN         NaN             NaN     28.148
      N16_BBRSI 1d 64  62    0.045    0.045        0.210          4.695     0         NaN              NaN        NaN      NaN          NaN       NaN          NaN        NaN            NaN         NaN             NaN     28.148
   N19_FIB_CHOP 1d 64  45    0.045    0.076        0.353          7.904     0         NaN              NaN        NaN      NaN          NaN       NaN          NaN        NaN            NaN         NaN             NaN     28.148
  N20_EMA9_CHOP 1d 64 207    0.045    0.042        0.193          4.330   200        33.0            6.273      0.075    1.485        0.135     3.643        0.083      1.484          0.130       4.382           0.115     28.148
        V39_ALL 1d 64 174    0.045    0.059        0.271          6.079   200        65.0            2.677     -0.055    0.827        0.015     2.371       -0.042      0.980          0.030       2.931           0.015     28.148
          OBV_S 1d 64  79    0.045    0.048        0.222          4.972     0         NaN              NaN        NaN      NaN          NaN       NaN          NaN        NaN            NaN         NaN             NaN     28.148
          OBV_B 1d 64 222    0.045    0.033        0.154          3.448   200       121.0            1.835      0.063    1.055        0.075     3.394        0.016      1.069          0.055       2.913           0.035     28.148
        V45_AMB 1d 64  15    0.045    0.176        0.815         18.262     0         NaN              NaN        NaN      NaN          NaN       NaN          NaN        NaN            NaN         NaN             NaN     28.148
         DOGE_L 1d 64   0    0.045      NaN          NaN            NaN     0         NaN              NaN        NaN      NaN          NaN       NaN          NaN        NaN            NaN         NaN             NaN     28.148
         DOGE_S 1d 64   0    0.045      NaN          NaN            NaN     0         NaN              NaN        NaN      NaN          NaN       NaN          NaN        NaN            NaN         NaN             NaN     28.148
saved out/strategy_timing_controls_is_1d.csv 28s
END 2026-09-29T12:22:11 rc=0 wall_s=30
