START 2026-09-29T12:17:52 python3 run_strategy_timing_controls.py --tf 4h --reps 200 --out out
4h H=4 done 87s
4h H=16 done 162s
4h H=64 done 228s
       strategy tf  H    n  mu_star  null_sd  mde80_holm1  mde80_over_mu  reps  n_episodes  sig_per_episode  rs_z_mean  rs_z_sd  rs_rate_p05  rs_z_max  rs_zvn_mean  rs_zvn_sd  rs_rate_pvn05  rs_zvn_max  rs_rate_both05  sec_total
      S2_ST_ROC 4h  4 3715    0.004    0.001        0.004          1.013   200      2825.0            1.315      0.052    1.019        0.070     2.928        0.069      1.087          0.085       3.479           0.045    228.275
S5_DONCHIAN_MFI 4h  4   70    0.004    0.004        0.020          5.470     0         NaN              NaN        NaN      NaN          NaN       NaN          NaN        NaN            NaN         NaN             NaN    228.275
 S6_EMA_DMI_ADX 4h  4  441    0.004    0.002        0.008          2.296   200       441.0            1.000     -0.013    1.140        0.075     3.709        0.018      0.945          0.025       3.096           0.015    228.275
     N01_ST_EMA 4h  4 1195    0.004    0.001        0.006          1.745   200      1138.0            1.050     -0.058    0.957        0.040     2.286       -0.053      1.024          0.035       2.103           0.015    228.275
     N02_ST_KST 4h  4 1101    0.004    0.001        0.006          1.746   200      1081.0            1.019      0.030    1.258        0.120     3.368        0.041      1.063          0.090       2.917           0.045    228.275
     N03_ADX_GC 4h  4   32    0.004    0.007        0.031          8.362     0         NaN              NaN        NaN      NaN          NaN       NaN          NaN        NaN            NaN         NaN             NaN    228.275
   N07_ICHI_CMO 4h  4  584    0.004    0.002        0.008          2.193   200       565.0            1.034      0.031    0.819        0.020     2.188        0.035      0.999          0.040       2.435           0.015    228.275
    N08_ICHI_WR 4h  4   69    0.004    0.005        0.022          6.083     0         NaN              NaN        NaN      NaN          NaN       NaN          NaN        NaN            NaN         NaN             NaN    228.275
N09_ALLIG_AROON 4h  4  606    0.004    0.002        0.007          1.973   200       606.0            1.000     -0.033    0.808        0.015     2.176       -0.043      1.054          0.055       2.492           0.015    228.275
    N10_HA_PSAR 4h  4 1419    0.004    0.001        0.005          1.393   200      1387.0            1.023      0.076    1.028        0.070     2.427        0.075      1.030          0.050       3.372           0.015    228.275
    N12_ICHI_AO 4h  4  583    0.004    0.002        0.008          2.115   200       573.0            1.017     -0.066    1.007        0.045     2.740       -0.020      1.080          0.090       2.843           0.025    228.275
   N14_ICHI_RSI 4h  4    2    0.004    0.022        0.101         27.479     0         NaN              NaN        NaN      NaN          NaN       NaN          NaN        NaN            NaN         NaN             NaN    228.275
     N17_KC_RSI 4h  4 6637    0.004    0.001        0.006          1.548   200       822.0            8.074      0.149    1.250        0.130     3.604        0.132      0.939          0.060       3.343           0.050    228.275
  N18_VWMA_MACD 4h  4 3945    0.004    0.001        0.005          1.473   200      1275.0            3.094      0.018    1.071        0.060     2.837       -0.022      1.037          0.055       2.725           0.030    228.275
 N21_ST_RSI_ADX 4h  4    0    0.004      NaN          NaN            NaN     0         NaN              NaN        NaN      NaN          NaN       NaN          NaN        NaN            NaN         NaN             NaN    228.275
N22_VORTEX_PSAR 4h  4 3109    0.004    0.001        0.004          1.046   200      2687.0            1.157     -0.063    0.876        0.035     2.200        0.045      1.007          0.060       2.634           0.020    228.275
      N23_HA_ST 4h  4 4484    0.004    0.001        0.004          1.059   200      3484.0            1.287      0.013    1.090        0.060     2.663        0.030      1.063          0.050       3.173           0.025    228.275
        N24_DMI 4h  4 1659    0.004    0.001        0.005          1.252   200      1497.0            1.108      0.047    0.869        0.020     2.142        0.095      1.007          0.075       2.990           0.020    228.275
    N25_DST_CCI 4h  4 1695    0.004    0.001        0.006          1.548   200      1463.0            1.159     -0.117    0.771        0.010     2.318       -0.083      0.916          0.035       2.922           0.010    228.275
S1_EMA_RSI_CHOP 4h  4   11    0.004    0.010        0.048         12.975     0         NaN              NaN        NaN      NaN          NaN       NaN          NaN        NaN            NaN         NaN             NaN    228.275
S3_CMO_SANDWICH 4h  4  279    0.004    0.003        0.012          3.278   200       254.0            1.098     -0.035    0.982        0.045     2.411        0.072      1.085          0.080       2.784           0.035    228.275
      S4_BB_BBP 4h  4 1403    0.004    0.001        0.006          1.578   200      1165.0            1.204      0.028    1.022        0.055     2.763        0.027      1.042          0.055       2.841           0.020    228.275
 N04_ST_KLINGER 4h  4 4137    0.004    0.001        0.004          0.963   200      3023.0            1.369      0.070    1.072        0.060     2.761       -0.028      1.033          0.050       2.515           0.040    228.275
   N05_PSAR_POC 4h  4  315    0.004    0.002        0.009          2.472   200       296.0            1.064      0.007    0.965        0.050     2.872       -0.071      1.051          0.050       2.767           0.030    228.275
   N06_MACD_ORB 4h  4  651    0.004    0.002        0.008          2.193   200       630.0            1.033     -0.000    1.035        0.070     2.960        0.098      0.925          0.065       3.068           0.035    228.275
  N11_BREAKAWAY 4h  4   19    0.004    0.009        0.040         10.975     0         NaN              NaN        NaN      NaN          NaN       NaN          NaN        NaN            NaN         NaN             NaN    228.275
   N13_3OUTSIDE 4h  4  238    0.004    0.003        0.013          3.505   200       238.0            1.000     -0.017    0.874        0.030     2.063       -0.053      0.910          0.030       2.256           0.020    228.275
      N15_KC_AO 4h  4    3    0.004    0.017        0.079         21.441     0         NaN              NaN        NaN      NaN          NaN       NaN          NaN        NaN            NaN         NaN             NaN    228.275
      N16_BBRSI 4h  4  550    0.004    0.002        0.008          2.110   200       541.0            1.017     -0.015    0.962        0.040     2.153       -0.018      0.947          0.040       2.265           0.010    228.275
   N19_FIB_CHOP 4h  4  383    0.004    0.002        0.012          3.156   200       270.0            1.419     -0.038    0.890        0.010     2.543        0.021      0.975          0.055       2.345           0.000    228.275
  N20_EMA9_CHOP 4h  4 1542    0.004    0.001        0.005          1.385   200      1117.0            1.380     -0.055    0.919        0.035     2.917       -0.085      1.019          0.035       3.089           0.020    228.275
        V39_ALL 4h  4 1474    0.004    0.001        0.006          1.625   200      1317.0            1.119     -0.016    0.966        0.045     2.166       -0.034      1.017          0.065       2.669           0.030    228.275
          OBV_S 4h  4  536    0.004    0.002        0.009          2.380   200       448.0            1.196      0.022    0.822        0.040     2.017        0.057      1.001          0.045       2.792           0.020    228.275
          OBV_B 4h  4 1528    0.004    0.001        0.006          1.541   200      1405.0            1.088      0.092    0.850        0.045     2.159        0.074      0.879          0.035       2.409           0.020    228.275
        V45_AMB 4h  4  351    0.004    0.003        0.013          3.439   200       239.0            1.469     -0.044    0.699        0.005     1.971       -0.037      0.994          0.050       2.593           0.005    228.275
         DOGE_L 4h  4    0    0.004      NaN          NaN            NaN     0         NaN              NaN        NaN      NaN          NaN       NaN          NaN        NaN            NaN         NaN             NaN    228.275
         DOGE_S 4h  4    0    0.004      NaN          NaN            NaN     0         NaN              NaN        NaN      NaN          NaN       NaN          NaN        NaN            NaN         NaN             NaN    228.275
      S2_ST_ROC 4h 16 3711    0.006    0.003        0.012          1.810   200      1130.0            3.284      0.023    0.938        0.025     2.370        0.031      0.994          0.045       3.241           0.010    228.275
S5_DONCHIAN_MFI 4h 16   70    0.006    0.008        0.039          6.039     0         NaN              NaN        NaN      NaN          NaN       NaN          NaN        NaN            NaN         NaN             NaN    228.275
 S6_EMA_DMI_ADX 4h 16  441    0.006    0.003        0.015          2.376   200       440.0            1.002     -0.060    1.033        0.050     2.725        0.041      0.976          0.050       2.860           0.035    228.275
     N01_ST_EMA 4h 16 1190    0.006    0.003        0.016          2.451   200       858.0            1.387     -0.099    1.011        0.030     2.173       -0.091      1.119          0.080       2.363           0.020    228.275
     N02_ST_KST 4h 16 1098    0.006    0.003        0.015          2.262   200      1000.0            1.098      0.028    1.015        0.080     2.582       -0.022      1.016          0.055       2.828           0.030    228.275
     N03_ADX_GC 4h 16   32    0.006    0.013        0.058          8.998     0         NaN              NaN        NaN      NaN          NaN       NaN          NaN        NaN            NaN         NaN             NaN    228.275
   N07_ICHI_CMO 4h 16  579    0.006    0.004        0.017          2.658   200       523.0            1.107     -0.083    1.040        0.035     3.641       -0.051      1.027          0.055       2.723           0.030    228.275
    N08_ICHI_WR 4h 16   69    0.006    0.010        0.046          7.072     0         NaN              NaN        NaN      NaN          NaN       NaN          NaN        NaN            NaN         NaN             NaN    228.275
N09_ALLIG_AROON 4h 16  605    0.006    0.003        0.013          1.988   200       598.0            1.012      0.008    0.994        0.050     2.999       -0.087      1.069          0.050       3.557           0.040    228.275
    N10_HA_PSAR 4h 16 1418    0.006    0.002        0.009          1.463   200      1210.0            1.172      0.084    1.165        0.080     3.676        0.122      1.075          0.055       2.580           0.055    228.275
    N12_ICHI_AO 4h 16  581    0.006    0.004        0.018          2.754   200       554.0            1.049      0.040    0.935        0.045     3.024       -0.013      1.077          0.060       3.129           0.040    228.275
   N14_ICHI_RSI 4h 16    2    0.006    0.048        0.223         34.514     0         NaN              NaN        NaN      NaN          NaN       NaN          NaN        NaN            NaN         NaN             NaN    228.275
     N17_KC_RSI 4h 16 6636    0.006    0.004        0.020          3.049   200       640.0           10.369      0.014    1.408        0.135     3.676       -0.013      0.980          0.045       2.539           0.040    228.275
  N18_VWMA_MACD 4h 16 3938    0.006    0.003        0.014          2.207   200       958.0            4.111     -0.026    1.016        0.045     2.347       -0.027      1.086          0.045       2.348           0.025    228.275
 N21_ST_RSI_ADX 4h 16    0    0.006      NaN          NaN            NaN     0         NaN              NaN        NaN      NaN          NaN       NaN          NaN        NaN            NaN         NaN             NaN    228.275
N22_VORTEX_PSAR 4h 16 3101    0.006    0.001        0.007          1.052   200      2189.0            1.417     -0.036    0.938        0.045     2.672       -0.052      1.047          0.040       2.645           0.030    228.275
      N23_HA_ST 4h 16 4476    0.006    0.003        0.012          1.875   200       830.0            5.393      0.070    1.023        0.065     3.325        0.054      1.005          0.045       3.161           0.040    228.275
        N24_DMI 4h 16 1652    0.006    0.002        0.010          1.610   200      1031.0            1.602      0.160    0.969        0.055     3.067        0.156      1.039          0.080       3.089           0.045    228.275
    N25_DST_CCI 4h 16 1692    0.006    0.003        0.015          2.373   200       945.0            1.790      0.089    0.943        0.045     2.557        0.103      1.053          0.075       2.930           0.035    228.275
S1_EMA_RSI_CHOP 4h 16   11    0.006    0.022        0.100         15.469     0         NaN              NaN        NaN      NaN          NaN       NaN          NaN        NaN            NaN         NaN             NaN    228.275
S3_CMO_SANDWICH 4h 16  279    0.006    0.005        0.024          3.750   200       241.0            1.158     -0.040    0.778        0.010     1.924       -0.073      0.838          0.025       2.433           0.010    228.275
      S4_BB_BBP 4h 16 1402    0.006    0.003        0.013          1.988   200      1023.0            1.370      0.009    1.080        0.065     2.770       -0.003      1.122          0.065       3.213           0.040    228.275
 N04_ST_KLINGER 4h 16 4130    0.006    0.002        0.011          1.719   200       999.0            4.134     -0.029    0.965        0.025     2.542        0.008      0.975          0.040       3.070           0.010    228.275
   N05_PSAR_POC 4h 16  313    0.006    0.004        0.019          2.995   200       280.0            1.118     -0.108    1.002        0.050     2.507       -0.110      1.090          0.040       2.541           0.020    228.275
   N06_MACD_ORB 4h 16  651    0.006    0.004        0.018          2.775   200       540.0            1.206      0.106    1.041        0.080     3.610        0.034      1.021          0.070       3.276           0.045    228.275
  N11_BREAKAWAY 4h 16   19    0.006    0.017        0.078         12.131     0         NaN              NaN        NaN      NaN          NaN       NaN          NaN        NaN            NaN         NaN             NaN    228.275
   N13_3OUTSIDE 4h 16  236    0.006    0.005        0.021          3.314   200       233.0            1.013     -0.068    0.921        0.025     2.017       -0.077      0.947          0.030       2.369           0.000    228.275
      N15_KC_AO 4h 16    3    0.006    0.039        0.182         28.159     0         NaN              NaN        NaN      NaN          NaN       NaN          NaN        NaN            NaN         NaN             NaN    228.275
      N16_BBRSI 4h 16  548    0.006    0.004        0.017          2.576   200       496.0            1.105     -0.005    1.272        0.125     2.863       -0.026      0.993          0.060       2.701           0.045    228.275
   N19_FIB_CHOP 4h 16  383    0.006    0.006        0.030          4.632   200       226.0            1.695     -0.026    0.808        0.010     2.193       -0.011      1.000          0.045       2.848           0.005    228.275
  N20_EMA9_CHOP 4h 16 1539    0.006    0.003        0.012          1.849   200       511.0            3.012      0.013    0.894        0.040     2.463        0.008      1.053          0.060       2.845           0.030    228.275
        V39_ALL 4h 16 1471    0.006    0.003        0.016          2.403   200       844.0            1.743     -0.029    0.803        0.015     1.903        0.011      0.942          0.040       2.340           0.015    228.275
          OBV_S 4h 16  535    0.006    0.004        0.019          2.962   200       398.0            1.344     -0.002    0.947        0.040     2.607       -0.028      1.008          0.045       2.705           0.025    228.275
          OBV_B 4h 16 1527    0.006    0.002        0.011          1.780   200      1193.0            1.280     -0.078    1.134        0.045     2.312       -0.033      1.030          0.060       2.479           0.025    228.275
        V45_AMB 4h 16  350    0.006    0.007        0.032          4.973   200       181.0            1.934     -0.072    0.865        0.020     2.711       -0.003      0.951          0.050       2.619           0.010    228.275
         DOGE_L 4h 16    0    0.006      NaN          NaN            NaN     0         NaN              NaN        NaN      NaN          NaN       NaN          NaN        NaN            NaN         NaN             NaN    228.275
         DOGE_S 4h 16    0    0.006      NaN          NaN            NaN     0         NaN              NaN        NaN      NaN          NaN       NaN          NaN        NaN            NaN         NaN             NaN    228.275
      S2_ST_ROC 4h 64 3676    0.014    0.008        0.038          2.755   200       299.0           12.294     -0.007    1.126        0.090     2.901       -0.024      1.022          0.055       2.919           0.045    228.275
S5_DONCHIAN_MFI 4h 64   70    0.014    0.019        0.086          6.311     0         NaN              NaN        NaN      NaN          NaN       NaN          NaN        NaN            NaN         NaN             NaN    228.275
 S6_EMA_DMI_ADX 4h 64  438    0.014    0.006        0.030          2.208   200       404.0            1.084      0.072    0.829        0.020     2.069        0.116      0.899          0.040       2.460           0.015    228.275
     N01_ST_EMA 4h 64 1184    0.014    0.010        0.047          3.446   200       297.0            3.987      0.195    1.415        0.150     3.897        0.143      1.203          0.125       3.819           0.095    228.275
     N02_ST_KST 4h 64 1090    0.014    0.009        0.044          3.224   200       312.0            3.494      0.065    0.940        0.050     2.725       -0.007      0.908          0.030       2.309           0.020    228.275
     N03_ADX_GC 4h 64   32    0.014    0.030        0.139         10.186     0         NaN              NaN        NaN      NaN          NaN       NaN          NaN        NaN            NaN         NaN             NaN    228.275
   N07_ICHI_CMO 4h 64  577    0.014    0.007        0.034          2.512   200       399.0            1.446      0.020    0.988        0.040     2.485        0.000      1.061          0.050       2.913           0.025    228.275
    N08_ICHI_WR 4h 64   67    0.014    0.022        0.102          7.506     0         NaN              NaN        NaN      NaN          NaN       NaN          NaN        NaN            NaN         NaN             NaN    228.275
N09_ALLIG_AROON 4h 64  601    0.014    0.005        0.024          1.755   200       483.0            1.244      0.092    1.122        0.095     3.609        0.151      1.100          0.080       3.268           0.060    228.275
    N10_HA_PSAR 4h 64 1405    0.014    0.004        0.019          1.388   200       856.0            1.641      0.060    1.110        0.075     3.243        0.068      1.070          0.065       3.309           0.040    228.275
    N12_ICHI_AO 4h 64  576    0.014    0.007        0.034          2.521   200       408.0            1.412     -0.028    1.018        0.045     2.708       -0.045      0.993          0.035       3.562           0.025    228.275
   N14_ICHI_RSI 4h 64    2    0.014    0.098        0.455         33.357     0         NaN              NaN        NaN      NaN          NaN       NaN          NaN        NaN            NaN         NaN             NaN    228.275
     N17_KC_RSI 4h 64 6597    0.014    0.010        0.048          3.510   200       454.0           14.531     -0.021    1.224        0.100     3.511       -0.038      1.124          0.090       3.089           0.050    228.275
  N18_VWMA_MACD 4h 64 3899    0.014    0.007        0.034          2.488   200       542.0            7.194      0.082    1.083        0.090     3.309        0.081      1.152          0.095       3.223           0.070    228.275
 N21_ST_RSI_ADX 4h 64    0    0.014      NaN          NaN            NaN     0         NaN              NaN        NaN      NaN          NaN       NaN          NaN        NaN            NaN         NaN             NaN    228.275
N22_VORTEX_PSAR 4h 64 3065    0.014    0.002        0.011          0.842   200      1876.0            1.634     -0.074    0.982        0.035     2.230       -0.012      0.948          0.020       2.493           0.005    228.275
      N23_HA_ST 4h 64 4446    0.014    0.009        0.040          2.957   200       297.0           14.970      0.045    0.992        0.065     2.442        0.026      0.963          0.045       2.320           0.035    228.275
        N24_DMI 4h 64 1640    0.014    0.005        0.024          1.769   200       619.0            2.649      0.023    1.002        0.035     2.670       -0.011      0.966          0.030       2.707           0.015    228.275
    N25_DST_CCI 4h 64 1683    0.014    0.009        0.043          3.139   200       392.0            4.293      0.070    0.996        0.035     2.378        0.110      1.105          0.095       3.666           0.030    228.275
S1_EMA_RSI_CHOP 4h 64   11    0.014    0.048        0.223         16.374     0         NaN              NaN        NaN      NaN          NaN       NaN          NaN        NaN            NaN         NaN             NaN    228.275
S3_CMO_SANDWICH 4h 64  274    0.014    0.011        0.049          3.619   200       208.0            1.317     -0.030    0.993        0.060     2.388       -0.000      0.944          0.055       2.540           0.045    228.275
      S4_BB_BBP 4h 64 1393    0.014    0.006        0.027          1.957   200       707.0            1.970     -0.051    0.996        0.035     2.870        0.063      1.019          0.045       2.476           0.020    228.275
 N04_ST_KLINGER 4h 64 4100    0.014    0.008        0.039          2.888   200       295.0           13.898      0.118    1.112        0.080     3.661        0.085      1.166          0.100       2.971           0.075    228.275
   N05_PSAR_POC 4h 64  308    0.014    0.010        0.044          3.246   200       242.0            1.273     -0.064    0.983        0.055     3.073        0.006      0.961          0.050       3.338           0.035    228.275
   N06_MACD_ORB 4h 64  642    0.014    0.008        0.039          2.838   200       375.0            1.712     -0.147    0.946        0.030     2.958       -0.134      0.897          0.020       2.245           0.010    228.275
  N11_BREAKAWAY 4h 64   18    0.014    0.042        0.193         14.188     0         NaN              NaN        NaN      NaN          NaN       NaN          NaN        NaN            NaN         NaN             NaN    228.275
   N13_3OUTSIDE 4h 64  234    0.014    0.010        0.047          3.456   200       203.0            1.153     -0.070    1.277        0.135     3.220       -0.071      0.995          0.035       2.795           0.025    228.275
      N15_KC_AO 4h 64    3    0.014    0.085        0.392         28.730     0         NaN              NaN        NaN      NaN          NaN       NaN          NaN        NaN            NaN         NaN             NaN    228.275
      N16_BBRSI 4h 64  541    0.014    0.008        0.038          2.790   200       368.0            1.470     -0.105    0.924        0.045     3.247       -0.082      0.824          0.015       3.042           0.010    228.275
   N19_FIB_CHOP 4h 64  376    0.014    0.017        0.077          5.642   200       188.0            2.000      0.008    0.649        0.000     1.609       -0.041      0.898          0.035       2.551           0.000    228.275
  N20_EMA9_CHOP 4h 64 1533    0.014    0.007        0.031          2.256   200       227.0            6.753     -0.109    1.099        0.055     3.133       -0.099      1.042          0.060       3.071           0.045    228.275
        V39_ALL 4h 64 1453    0.014    0.008        0.039          2.875   200       452.0            3.215      0.037    0.896        0.030     2.237        0.056      0.956          0.055       2.091           0.025    228.275
          OBV_S 4h 64  527    0.014    0.011        0.052          3.792   200       311.0            1.695     -0.018    0.966        0.030     2.495       -0.021      1.088          0.055       3.103           0.025    228.275
          OBV_B 4h 64 1515    0.014    0.004        0.020          1.469   200       842.0            1.799      0.105    1.049        0.060     2.779        0.122      1.063          0.070       2.965           0.045    228.275
        V45_AMB 4h 64  347    0.014    0.021        0.096          7.063   200       137.0            2.533     -0.007    0.898        0.030     2.563       -0.022      1.127          0.050       3.105           0.030    228.275
         DOGE_L 4h 64    0    0.014      NaN          NaN            NaN     0         NaN              NaN        NaN      NaN          NaN       NaN          NaN        NaN            NaN         NaN             NaN    228.275
         DOGE_S 4h 64    0    0.014      NaN          NaN            NaN     0         NaN              NaN        NaN      NaN          NaN       NaN          NaN        NaN            NaN         NaN             NaN    228.275
saved out/strategy_timing_controls_is_4h.csv 228s
END 2026-09-29T12:21:41 rc=0 wall_s=229
