START 2026-09-29T12:22:11 python3 run_strategy_timing_controls.py --tf 1h --reps 40 --out out
1h H=4 done 60s
1h H=16 done 118s
1h H=64 done 175s
       strategy tf  H     n  mu_star  null_sd  mde80_holm1  mde80_over_mu  reps  n_episodes  sig_per_episode  rs_z_mean  rs_z_sd  rs_rate_p05  rs_z_max  rs_zvn_mean  rs_zvn_sd  rs_rate_pvn05  rs_zvn_max  rs_rate_both05  sec_total
      S2_ST_ROC 1h  4 15476    0.002    0.000        0.001          0.375    40     11763.0            1.316      0.125    0.879        0.050     2.493        0.153      0.956          0.025       2.090           0.000    175.123
S5_DONCHIAN_MFI 1h  4   367    0.002    0.001        0.005          1.882    40       361.0            1.017     -0.155    1.062        0.025     2.051       -0.080      1.041          0.075       2.310           0.025    175.123
 S6_EMA_DMI_ADX 1h  4  1750    0.002    0.001        0.002          0.945    40      1745.0            1.003      0.030    1.477        0.100     4.532       -0.043      1.214          0.100       2.386           0.050    175.123
     N01_ST_EMA 1h  4  5130    0.002    0.000        0.001          0.576    40      4799.0            1.069     -0.191    0.909        0.000     1.632       -0.190      0.983          0.025       1.987           0.000    175.123
     N02_ST_KST 1h  4  4534    0.002    0.000        0.002          0.629    40      4438.0            1.022     -0.044    0.938        0.025     1.953       -0.035      0.855          0.000       1.489           0.000    175.123
     N03_ADX_GC 1h  4   180    0.002    0.001        0.006          2.537    40       180.0            1.000     -0.077    1.810        0.175     3.285       -0.151      1.029          0.025       1.814           0.025    175.123
   N07_ICHI_CMO 1h  4  2154    0.002    0.000        0.002          0.892    40      2064.0            1.044     -0.047    0.967        0.050     2.186        0.063      0.850          0.025       1.976           0.000    175.123
    N08_ICHI_WR 1h  4   292    0.002    0.001        0.005          2.112    40       283.0            1.032     -0.068    1.145        0.050     1.944        0.041      1.033          0.050       2.452           0.000    175.123
N09_ALLIG_AROON 1h  4  2591    0.002    0.000        0.002          0.824    40      2589.0            1.001      0.083    0.875        0.000     1.482        0.178      1.111          0.025       2.540           0.000    175.123
    N10_HA_PSAR 1h  4  6003    0.002    0.000        0.001          0.480    40      5868.0            1.023     -0.015    1.083        0.125     2.139       -0.089      1.095          0.125       2.073           0.100    175.123
    N12_ICHI_AO 1h  4  2440    0.002    0.000        0.002          0.852    40      2400.0            1.017     -0.015    0.978        0.100     1.895        0.103      0.945          0.075       2.211           0.025    175.123
   N14_ICHI_RSI 1h  4     4    0.002    0.010        0.046         18.591     0         NaN              NaN        NaN      NaN          NaN       NaN          NaN        NaN            NaN         NaN             NaN    175.123
     N17_KC_RSI 1h  4 24611    0.002    0.000        0.001          0.574    40      3235.0            7.608     -0.196    1.156        0.100     2.552       -0.195      0.986          0.000       1.413           0.000    175.123
  N18_VWMA_MACD 1h  4 15789    0.002    0.000        0.001          0.534    40      5086.0            3.104      0.065    1.087        0.050     2.126        0.245      0.985          0.025       2.528           0.025    175.123
 N21_ST_RSI_ADX 1h  4     1    0.002    0.011        0.052         21.304     0         NaN              NaN        NaN      NaN          NaN       NaN          NaN        NaN            NaN         NaN             NaN    175.123
N22_VORTEX_PSAR 1h  4 12739    0.002    0.000        0.001          0.381    40     11179.0            1.140      0.145    0.901        0.100     2.681        0.102      0.913          0.050       2.622           0.050    175.123
      N23_HA_ST 1h  4 18151    0.002    0.000        0.001          0.384    40     14029.0            1.294     -0.159    1.189        0.050     2.483       -0.106      1.057          0.050       2.201           0.025    175.123
        N24_DMI 1h  4  7038    0.002    0.000        0.001          0.506    40      6322.0            1.113     -0.452    1.013        0.050     1.778       -0.300      0.985          0.050       2.164           0.025    175.123
    N25_DST_CCI 1h  4  7691    0.002    0.000        0.001          0.510    40      6545.0            1.175      0.022    1.027        0.050     1.996        0.021      0.936          0.050       1.940           0.000    175.123
S1_EMA_RSI_CHOP 1h  4    46    0.002    0.003        0.013          5.206     0         NaN              NaN        NaN      NaN          NaN       NaN          NaN        NaN            NaN         NaN             NaN    175.123
S3_CMO_SANDWICH 1h  4  1278    0.002    0.001        0.003          1.032    40      1202.0            1.063      0.229    1.124        0.125     3.136       -0.007      1.054          0.025       2.960           0.025    175.123
      S4_BB_BBP 1h  4  5491    0.002    0.000        0.002          0.624    40      4508.0            1.218     -0.143    0.818        0.000     1.611       -0.250      0.899          0.000       1.477           0.000    175.123
 N04_ST_KLINGER 1h  4 15848    0.002    0.000        0.001          0.342    40     11719.0            1.352     -0.325    0.918        0.050     1.742       -0.356      1.056          0.050       1.894           0.025    175.123
   N05_PSAR_POC 1h  4  1365    0.002    0.000        0.002          0.928    40      1267.0            1.077      0.150    0.990        0.075     2.218        0.054      1.032          0.075       2.264           0.075    175.123
   N06_MACD_ORB 1h  4  2360    0.002    0.000        0.002          0.820    40      2303.0            1.025      0.106    1.039        0.075     2.106       -0.116      1.120          0.050       2.681           0.025    175.123
  N11_BREAKAWAY 1h  4    75    0.002    0.002        0.011          4.326     0         NaN              NaN        NaN      NaN          NaN       NaN          NaN        NaN            NaN         NaN             NaN    175.123
   N13_3OUTSIDE 1h  4  1121    0.002    0.001        0.003          1.193    40      1116.0            1.004      0.274    0.794        0.050     2.244        0.279      0.930          0.050       2.467           0.050    175.123
      N15_KC_AO 1h  4    23    0.002    0.004        0.017          6.744     0         NaN              NaN        NaN      NaN          NaN       NaN          NaN        NaN            NaN         NaN             NaN    175.123
      N16_BBRSI 1h  4  2200    0.002    0.000        0.002          0.821    40      2156.0            1.020      0.149    0.884        0.025     1.757        0.238      0.810          0.025       1.764           0.000    175.123
   N19_FIB_CHOP 1h  4  1384    0.002    0.001        0.003          1.183    40      1011.0            1.369      0.048    1.268        0.125     2.811        0.173      0.931          0.050       3.076           0.050    175.123
  N20_EMA9_CHOP 1h  4  7074    0.002    0.000        0.001          0.484    40      5089.0            1.390     -0.109    0.689        0.025     1.980       -0.034      0.926          0.050       2.347           0.025    175.123
        V39_ALL 1h  4  5830    0.002    0.000        0.001          0.574    40      5096.0            1.144      0.139    1.045        0.075     2.572        0.102      1.019          0.025       2.260           0.025    175.123
          OBV_S 1h  4  2174    0.002    0.000        0.002          0.847    40      1852.0            1.174     -0.239    1.030        0.050     1.812        0.012      1.065          0.050       1.957           0.025    175.123
          OBV_B 1h  4  6365    0.002    0.000        0.001          0.515    40      5846.0            1.089     -0.292    0.934        0.000     1.499       -0.292      0.881          0.025       1.800           0.000    175.123
        V45_AMB 1h  4  2232    0.002    0.001        0.002          1.002    40      1532.0            1.457      0.052    0.883        0.025     2.078        0.136      1.082          0.075       2.382           0.025    175.123
         DOGE_L 1h  4  1718    0.002    0.001        0.002          0.951    40      1611.0            1.066     -0.056    0.999        0.000     1.572       -0.048      0.927          0.025       1.703           0.000    175.123
         DOGE_S 1h  4  1707    0.002    0.001        0.003          1.044    40      1582.0            1.079     -0.038    1.440        0.150     2.696       -0.043      1.309          0.075       4.208           0.075    175.123
      S2_ST_ROC 1h 16 15468    0.004    0.001        0.003          0.693    40      4535.0            3.411      0.064    0.821        0.025     2.269       -0.057      1.024          0.025       2.044           0.025    175.123
S5_DONCHIAN_MFI 1h 16   367    0.004    0.002        0.010          2.613    40       360.0            1.019     -0.197    0.897        0.000     1.394       -0.124      0.968          0.025       1.851           0.000    175.123
 S6_EMA_DMI_ADX 1h 16  1749    0.004    0.001        0.004          1.064    40      1732.0            1.010     -0.002    1.029        0.025     1.837        0.120      0.911          0.025       1.692           0.000    175.123
     N01_ST_EMA 1h 16  5127    0.004    0.001        0.004          0.958    40      3514.0            1.459      0.037    1.184        0.050     3.046       -0.039      0.946          0.050       2.251           0.025    175.123
     N02_ST_KST 1h 16  4532    0.004    0.001        0.004          0.987    40      4068.0            1.114      0.040    1.155        0.050     2.995        0.018      1.154          0.100       2.388           0.050    175.123
     N03_ADX_GC 1h 16   180    0.004    0.003        0.014          3.681    40       179.0            1.006     -0.133    1.006        0.000     1.599       -0.095      1.072          0.025       1.968           0.000    175.123
   N07_ICHI_CMO 1h 16  2153    0.004    0.001        0.005          1.278    40      1946.0            1.106      0.198    1.112        0.125     2.612        0.080      0.928          0.050       2.253           0.025    175.123
    N08_ICHI_WR 1h 16   292    0.004    0.002        0.011          2.992    40       274.0            1.066     -0.030    0.985        0.000     1.574        0.085      0.991          0.025       2.070           0.000    175.123
N09_ALLIG_AROON 1h 16  2586    0.004    0.001        0.004          0.983    40      2537.0            1.019      0.023    0.749        0.000     1.357        0.054      0.950          0.075       2.260           0.000    175.123
    N10_HA_PSAR 1h 16  6000    0.004    0.000        0.002          0.622    40      4977.0            1.206      0.158    0.988        0.100     2.370       -0.038      0.980          0.050       2.185           0.050    175.123
    N12_ICHI_AO 1h 16  2440    0.004    0.001        0.005          1.242    40      2320.0            1.052      0.128    1.002        0.100     2.142        0.181      0.857          0.025       2.539           0.025    175.123
   N14_ICHI_RSI 1h 16     4    0.004    0.019        0.090         24.529     0         NaN              NaN        NaN      NaN          NaN       NaN          NaN        NaN            NaN         NaN             NaN    175.123
     N17_KC_RSI 1h 16 24609    0.004    0.001        0.004          1.189    40      2505.0            9.824      0.240    1.089        0.100     2.801        0.243      0.974          0.075       2.257           0.050    175.123
  N18_VWMA_MACD 1h 16 15787    0.004    0.001        0.003          0.865    40      3886.0            4.063     -0.074    0.888        0.050     1.769       -0.191      1.038          0.050       1.893           0.025    175.123
 N21_ST_RSI_ADX 1h 16     1    0.004    0.023        0.108         29.476     0         NaN              NaN        NaN      NaN          NaN       NaN          NaN        NaN            NaN         NaN             NaN    175.123
N22_VORTEX_PSAR 1h 16 12731    0.004    0.000        0.002          0.476    40      9170.0            1.388      0.096    0.910        0.050     2.160        0.139      0.960          0.075       1.823           0.000    175.123
      N23_HA_ST 1h 16 18148    0.004    0.001        0.003          0.723    40      3475.0            5.222     -0.226    1.195        0.075     2.236       -0.309      1.137          0.075       1.989           0.050    175.123
        N24_DMI 1h 16  7035    0.004    0.001        0.003          0.725    40      4181.0            1.683      0.055    1.073        0.100     2.492       -0.012      1.098          0.100       3.157           0.050    175.123
    N25_DST_CCI 1h 16  7687    0.004    0.001        0.003          0.926    40      3902.0            1.970      0.199    0.827        0.025     2.487        0.254      1.052          0.075       2.780           0.025    175.123
S1_EMA_RSI_CHOP 1h 16    46    0.004    0.006        0.026          6.968     0         NaN              NaN        NaN      NaN          NaN       NaN          NaN        NaN            NaN         NaN             NaN    175.123
S3_CMO_SANDWICH 1h 16  1277    0.004    0.001        0.005          1.325    40      1173.0            1.089      0.062    0.967        0.075     3.013        0.039      1.050          0.075       2.888           0.050    175.123
      S4_BB_BBP 1h 16  5487    0.004    0.001        0.003          0.904    40      3935.0            1.394      0.365    0.784        0.075     1.835        0.281      0.878          0.050       2.348           0.025    175.123
 N04_ST_KLINGER 1h 16 15839    0.004    0.001        0.003          0.695    40      4141.0            3.825     -0.097    0.916        0.050     2.176        0.082      0.812          0.025       1.726           0.000    175.123
   N05_PSAR_POC 1h 16  1363    0.004    0.001        0.005          1.338    40      1181.0            1.154      0.124    1.019        0.050     2.263        0.002      0.926          0.050       2.462           0.025    175.123
   N06_MACD_ORB 1h 16  2359    0.004    0.001        0.004          1.142    40      1996.0            1.182      0.033    1.436        0.100     3.212       -0.110      1.223          0.075       2.435           0.050    175.123
  N11_BREAKAWAY 1h 16    75    0.004    0.005        0.022          5.878     0         NaN              NaN        NaN      NaN          NaN       NaN          NaN        NaN            NaN         NaN             NaN    175.123
   N13_3OUTSIDE 1h 16  1121    0.004    0.001        0.006          1.498    40      1085.0            1.033     -0.398    1.010        0.000     1.610       -0.372      1.161          0.025       2.055           0.000    175.123
      N15_KC_AO 1h 16    23    0.004    0.007        0.032          8.840     0         NaN              NaN        NaN      NaN          NaN       NaN          NaN        NaN            NaN         NaN             NaN    175.123
      N16_BBRSI 1h 16  2200    0.004    0.001        0.004          1.102    40      1986.0            1.108     -0.075    0.916        0.025     1.719       -0.171      0.977          0.025       2.144           0.025    175.123
   N19_FIB_CHOP 1h 16  1384    0.004    0.002        0.007          1.948    40       880.0            1.573      0.075    1.254        0.100     2.706        0.064      0.851          0.025       2.164           0.025    175.123
  N20_EMA9_CHOP 1h 16  7070    0.004    0.001        0.003          0.813    40      2139.0            3.305     -0.014    1.122        0.100     2.327       -0.029      1.276          0.125       2.203           0.075    175.123
        V39_ALL 1h 16  5829    0.004    0.001        0.004          1.040    40      3256.0            1.790     -0.141    0.887        0.000     1.506       -0.251      0.926          0.025       2.317           0.000    175.123
          OBV_S 1h 16  2174    0.004    0.001        0.005          1.322    40      1674.0            1.299     -0.007    0.994        0.025     2.146        0.199      0.944          0.050       2.178           0.000    175.123
          OBV_B 1h 16  6362    0.004    0.001        0.003          0.754    40      4967.0            1.281     -0.176    0.908        0.025     1.871       -0.227      0.991          0.025       2.092           0.000    175.123
        V45_AMB 1h 16  2232    0.004    0.001        0.006          1.659    40      1135.0            1.967      0.098    0.850        0.050     2.228        0.118      1.027          0.050       2.613           0.050    175.123
         DOGE_L 1h 16  1718    0.004    0.001        0.005          1.396    40      1308.0            1.313      0.376    1.035        0.100     2.919        0.244      0.815          0.050       1.940           0.050    175.123
         DOGE_S 1h 16  1707    0.004    0.001        0.005          1.431    40      1291.0            1.322     -0.271    1.172        0.075     2.182       -0.191      1.099          0.075       2.071           0.050    175.123
      S2_ST_ROC 1h 64 15440    0.006    0.002        0.008          1.187    40      1187.0           13.008     -0.006    0.799        0.000     1.539       -0.147      0.839          0.025       1.849           0.000    175.123
S5_DONCHIAN_MFI 1h 64   367    0.006    0.004        0.019          2.977    40       348.0            1.055      0.022    1.044        0.025     3.034        0.003      1.049          0.075       2.571           0.025    175.123
 S6_EMA_DMI_ADX 1h 64  1747    0.006    0.002        0.007          1.100    40      1597.0            1.094      0.058    0.990        0.025     2.029       -0.062      0.883          0.000       1.453           0.000    175.123
     N01_ST_EMA 1h 64  5114    0.006    0.002        0.010          1.464    40      1198.0            4.269      0.022    0.966        0.050     2.757       -0.123      0.916          0.000       1.509           0.000    175.123
     N02_ST_KST 1h 64  4522    0.006    0.002        0.009          1.328    40      1193.0            3.790     -0.071    1.099        0.050     2.669       -0.095      1.043          0.025       1.651           0.000    175.123
     N03_ADX_GC 1h 64   179    0.006    0.005        0.025          3.794    40       177.0            1.011      0.092    0.785        0.050     1.758        0.087      0.963          0.075       2.158           0.025    175.123
   N07_ICHI_CMO 1h 64  2149    0.006    0.002        0.010          1.523    40      1490.0            1.442     -0.144    1.000        0.050     2.089       -0.126      1.119          0.050       2.212           0.050    175.123
    N08_ICHI_WR 1h 64   290    0.006    0.005        0.022          3.396    40       252.0            1.151     -0.146    1.117        0.000     1.566       -0.134      1.223          0.025       1.681           0.000    175.123
N09_ALLIG_AROON 1h 64  2582    0.006    0.001        0.006          0.906    40      2050.0            1.260     -0.071    1.079        0.050     2.350       -0.224      1.099          0.025       2.044           0.025    175.123
    N10_HA_PSAR 1h 64  5995    0.006    0.001        0.004          0.663    40      3494.0            1.716      0.149    1.065        0.075     2.334        0.212      1.152          0.100       2.414           0.075    175.123
    N12_ICHI_AO 1h 64  2435    0.006    0.002        0.009          1.428    40      1637.0            1.487     -0.045    1.139        0.075     2.294       -0.088      1.155          0.050       2.301           0.025    175.123
   N14_ICHI_RSI 1h 64     4    0.006    0.038        0.178         27.474     0         NaN              NaN        NaN      NaN          NaN       NaN          NaN        NaN            NaN         NaN             NaN    175.123
     N17_KC_RSI 1h 64 24582    0.006    0.002        0.011          1.633    40      1714.0           14.342      0.045    1.397        0.100     3.576        0.149      0.966          0.050       2.281           0.050    175.123
  N18_VWMA_MACD 1h 64 15755    0.006    0.002        0.008          1.234    40      2142.0            7.355      0.110    1.106        0.125     2.284        0.103      1.124          0.125       2.050           0.075    175.123
 N21_ST_RSI_ADX 1h 64     1    0.006    0.051        0.234         36.092     0         NaN              NaN        NaN      NaN          NaN       NaN          NaN        NaN            NaN         NaN             NaN    175.123
N22_VORTEX_PSAR 1h 64 12713    0.006    0.001        0.003          0.439    40      7906.0            1.608     -0.008    1.079        0.025     2.814        0.113      1.260          0.100       2.547           0.025    175.123
      N23_HA_ST 1h 64 18130    0.006    0.002        0.008          1.265    40      1190.0           15.235     -0.086    0.922        0.025     1.925       -0.028      0.900          0.025       2.200           0.000    175.123
        N24_DMI 1h 64  7019    0.006    0.001        0.005          0.820    40      2544.0            2.759      0.017    0.885        0.075     2.127        0.070      1.038          0.125       2.956           0.075    175.123
    N25_DST_CCI 1h 64  7674    0.006    0.002        0.009          1.335    40      1576.0            4.869     -0.056    0.924        0.025     2.075        0.033      0.959          0.050       2.443           0.025    175.123
S1_EMA_RSI_CHOP 1h 64    46    0.006    0.012        0.054          8.305     0         NaN              NaN        NaN      NaN          NaN       NaN          NaN        NaN            NaN         NaN             NaN    175.123
S3_CMO_SANDWICH 1h 64  1272    0.006    0.002        0.010          1.465    40      1017.0            1.251     -0.202    1.045        0.050     2.175       -0.224      1.073          0.025       1.747           0.000    175.123
      S4_BB_BBP 1h 64  5466    0.006    0.001        0.007          1.040    40      2731.0            2.001     -0.160    0.720        0.000     1.263       -0.205      0.772          0.000       1.355           0.000    175.123
 N04_ST_KLINGER 1h 64 15821    0.006    0.002        0.008          1.175    40      1169.0           13.534     -0.105    0.887        0.000     1.621       -0.105      0.950          0.025       2.238           0.000    175.123
   N05_PSAR_POC 1h 64  1360    0.006    0.002        0.010          1.500    40      1051.0            1.294      0.106    1.069        0.075     2.529        0.130      1.155          0.100       3.190           0.075    175.123
   N06_MACD_ORB 1h 64  2355    0.006    0.002        0.010          1.497    40      1439.0            1.637     -0.202    1.013        0.025     2.528       -0.183      1.103          0.075       2.709           0.025    175.123
  N11_BREAKAWAY 1h 64    75    0.006    0.009        0.042          6.447     0         NaN              NaN        NaN      NaN          NaN       NaN          NaN        NaN            NaN         NaN             NaN    175.123
   N13_3OUTSIDE 1h 64  1119    0.006    0.002        0.010          1.571    40       945.0            1.184      0.059    0.861        0.000     1.434        0.013      0.892          0.050       1.679           0.000    175.123
      N15_KC_AO 1h 64    23    0.006    0.015        0.070         10.839     0         NaN              NaN        NaN      NaN          NaN       NaN          NaN        NaN            NaN         NaN             NaN    175.123
      N16_BBRSI 1h 64  2196    0.006    0.002        0.008          1.262    40      1541.0            1.425     -0.009    1.553        0.100     4.114       -0.028      1.190          0.100       2.706           0.075    175.123
   N19_FIB_CHOP 1h 64  1384    0.006    0.004        0.018          2.762    40       719.0            1.925     -0.086    1.049        0.050     2.581        0.135      0.948          0.075       2.630           0.025    175.123
  N20_EMA9_CHOP 1h 64  7051    0.006    0.001        0.007          1.057    40       859.0            8.208     -0.121    0.820        0.000     1.408       -0.169      0.936          0.000       1.540           0.000    175.123
        V39_ALL 1h 64  5822    0.006    0.002        0.010          1.467    40      1749.0            3.329     -0.154    1.019        0.075     2.801       -0.071      1.129          0.075       2.878           0.050    175.123
          OBV_S 1h 64  2170    0.006    0.002        0.010          1.507    40      1316.0            1.649      0.021    1.045        0.025     2.168        0.101      1.025          0.075       2.308           0.025    175.123
          OBV_B 1h 64  6354    0.006    0.001        0.005          0.762    40      3513.0            1.809      0.025    0.748        0.025     1.916       -0.011      0.866          0.050       1.838           0.000    175.123
        V45_AMB 1h 64  2231    0.006    0.004        0.017          2.571    40       782.0            2.853      0.127    0.911        0.025     1.760        0.053      0.955          0.000       1.610           0.000    175.123
         DOGE_L 1h 64  1717    0.006    0.002        0.011          1.707    40       817.0            2.102     -0.068    1.195        0.100     2.529        0.075      1.139          0.075       3.202           0.075    175.123
         DOGE_S 1h 64  1704    0.006    0.003        0.012          1.876    40       831.0            2.051     -0.048    1.065        0.050     1.876       -0.074      0.932          0.025       1.775           0.000    175.123
saved out/strategy_timing_controls_is_1h.csv 175s
END 2026-09-29T12:25:07 rc=0 wall_s=176
