tf  H      kind  n_target   n_mean  mu_star  null_rate_p05  null_rate_emp05  null_rate_p01  null_rate_holm1  null_rate_gate  null_rate_naive_t05  null_z_sd  mde80_over_mu  power_gate  power_p05  planted_frac_fwd_ge_mu  vn_null_rate_p05  vn_null_z_sd  null_rate_gate_and_vn  power_gate_and_vn  null_max_z  vn_null_max_z
5m  4  voltimed       150  149.895   0.0017          0.220            0.225          0.155            0.060           0.055                0.055     2.3058         1.1947       0.820      0.965                   0.830             0.075        1.1136                    0.0              0.820      5.6236         2.9907
5m  4  voltimed       500  499.595   0.0017          0.185            0.185          0.125            0.030           0.000                0.040     2.1239         0.6503       0.925      1.000                   0.925             0.040        0.9233                    0.0              0.925      4.3777         2.4862
5m  4  voltimed      2000 1995.235   0.0017          0.180            0.180          0.130            0.040           0.000                0.045     2.0237         0.3257       1.000      1.000                   1.000             0.040        0.9746                    0.0              1.000      7.2246         3.4884
5m  4 hourtimed       150  150.610   0.0017          0.065            0.055          0.015            0.000           0.000                0.060     0.9471         1.1954       0.985      1.000                   0.985             0.055        0.9711                    0.0              0.985      3.1665         2.7893
5m  4 hourtimed       500  501.750   0.0017          0.045            0.050          0.010            0.000           0.000                0.035     1.0277         0.6553       1.000      1.000                   1.000             0.065        1.0565                    0.0              1.000      2.8741         3.2856
5m  4 hourtimed      2000 2003.505   0.0017          0.040            0.040          0.005            0.000           0.000                0.035     1.0403         0.3279       1.000      1.000                   1.000             0.045        0.9677                    0.0              1.000      2.9165         2.5560
5m 16  voltimed       150  149.505   0.0020          0.205            0.205          0.145            0.045           0.045                0.070     1.9754         1.9862       0.405      0.875                   0.740             0.055        1.0419                    0.0              0.390      4.8971         2.7274
5m 16  voltimed       500  503.860   0.0020          0.195            0.175          0.115            0.035           0.030                0.045     1.9397         1.0817       0.880      0.990                   0.880             0.040        0.9904                    0.0              0.880      5.5317         3.2984
5m 16  voltimed      2000 1998.315   0.0020          0.205            0.205          0.100            0.015           0.000                0.035     1.8198         0.5412       0.990      1.000                   0.990             0.025        0.9407                    0.0              0.990      4.5193         3.4090
5m 16 hourtimed       150  151.075   0.0020          0.040            0.040          0.010            0.000           0.000                0.015     0.9631         1.9808       0.385      0.985                   0.890             0.035        0.9872                    0.0              0.385      3.4891         3.4265
5m 16 hourtimed       500  498.010   0.0020          0.050            0.040          0.015            0.000           0.000                0.050     1.0191         1.0938       0.975      1.000                   0.975             0.030        0.9387                    0.0              0.975      2.8317         2.5256
5m 16 hourtimed      2000 2001.415   0.0020          0.050            0.050          0.025            0.005           0.000                0.050     1.0904         0.5450       1.000      1.000                   1.000             0.050        1.0352                    0.0              1.000      3.9764         3.5880
5m 64  voltimed       150  148.245   0.0026          0.210            0.205          0.115            0.035           0.035                0.070     1.7654         2.9726       0.235      0.665                   0.690             0.065        0.9801                    0.0              0.150      5.3634         2.4665
5m 64  voltimed       500  498.760   0.0026          0.165            0.165          0.095            0.010           0.010                0.050     1.7686         1.6157       0.630      0.910                   0.800             0.040        1.0109                    0.0              0.620      4.7122         2.4037
5m 64  voltimed      2000 1997.350   0.0026          0.195            0.195          0.105            0.030           0.000                0.070     1.7546         0.8033       0.975      1.000                   0.975             0.050        1.0139                    0.0              0.975      4.6243         2.9412
5m 64 hourtimed       150  149.395   0.0026          0.070            0.055          0.005            0.000           0.000                0.055     1.0878         2.9596       0.105      0.730                   0.760             0.060        1.0312                    0.0              0.105      3.4539         2.6330
5m 64 hourtimed       500  501.635   0.0026          0.055            0.050          0.020            0.000           0.000                0.040     1.0483         1.6099       0.685      0.980                   0.905             0.020        0.9656                    0.0              0.685      2.8508         2.0690
5m 64 hourtimed      2000 1999.880   0.0026          0.050            0.045          0.020            0.000           0.000                0.055     1.0777         0.8049       1.000      1.000                   1.000             0.055        0.9977                    0.0              1.000      3.0470         2.5311
saved out/ctl_b/controls_is_5m.csv 508s
[timed] start=2026-09-29T11:57:16.159278Z end=2026-09-29T12:05:47.745091Z wall_s=511.6 user_s=402.5 sys_s=1.7 maxrss_MB=543 rc=0
