tf  H   kind  n_target   n_mean  mu_star  null_rate_p05  null_rate_emp05  null_rate_p01  null_rate_holm1  null_rate_gate  null_rate_naive_t05  null_z_sd  mde80_over_mu  power_gate  power_p05  planted_frac_fwd_ge_mu  vn_null_rate_p05  vn_null_z_sd  null_rate_gate_and_vn  power_gate_and_vn  null_max_z  vn_null_max_z
5m  4    iid       150  148.330   0.0017          0.040            0.040          0.015            0.000           0.000                0.060     1.0507         1.2028       0.975      1.000                   0.980             0.035        1.0105                    0.0              0.975      3.5567         3.1073
5m  4    iid       500  501.985   0.0017          0.035            0.035          0.005            0.000           0.000                0.050     1.0468         0.6545       1.000      1.000                   1.000             0.055        1.0388                    0.0              1.000      3.2728         3.3075
5m  4    iid      2000 2003.535   0.0017          0.080            0.075          0.020            0.000           0.000                0.065     1.0523         0.3284       1.000      1.000                   1.000             0.085        1.0153                    0.0              1.000      3.0531         2.4477
5m  4 burst4       150  150.425   0.0017          0.065            0.065          0.025            0.000           0.000                0.220     1.0378         1.9829       0.445      0.980                   0.875             0.070        1.0924                    0.0              0.445      3.6488         3.2381
5m  4 burst4       500  499.590   0.0017          0.055            0.050          0.005            0.000           0.000                0.170     1.0072         1.0799       0.990      1.000                   0.990             0.040        0.9898                    0.0              0.990      2.4471         2.3566
5m  4 burst4      2000 1999.100   0.0017          0.080            0.080          0.025            0.000           0.000                0.170     1.1367         0.5384       1.000      1.000                   1.000             0.055        1.0162                    0.0              1.000      2.8879         2.7283
5m 16    iid       150  148.850   0.0020          0.040            0.040          0.015            0.000           0.000                0.025     0.9999         2.0004       0.385      0.955                   0.885             0.020        0.9235                    0.0              0.385      3.0627         2.2904
5m 16    iid       500  499.590   0.0020          0.070            0.065          0.020            0.000           0.000                0.075     1.0348         1.0870       0.990      1.000                   0.990             0.035        0.9267                    0.0              0.990      2.9357         2.7131
5m 16    iid      2000 1999.860   0.0020          0.060            0.060          0.005            0.000           0.000                0.055     0.9923         0.5421       1.000      1.000                   1.000             0.060        0.9834                    0.0              1.000      2.3569         2.4480
5m 16 burst4       150  154.060   0.0020          0.065            0.075          0.020            0.005           0.005                0.235     1.0976         3.7307       0.035      0.600                   0.730             0.055        1.0934                    0.0              0.035      4.0901         4.0686
5m 16 burst4       500  496.935   0.0020          0.035            0.035          0.005            0.000           0.000                0.240     1.0089         2.0858       0.350      0.930                   0.845             0.030        0.9905                    0.0              0.350      2.6477         2.2136
5m 16 burst4      2000 1989.610   0.0020          0.030            0.035          0.000            0.000           0.000                0.165     0.9236         1.0449       0.985      1.000                   0.985             0.025        0.9527                    0.0              0.985      2.1835         2.5601
5m 64    iid       150  149.855   0.0026          0.045            0.045          0.005            0.000           0.000                0.040     0.9695         2.9600       0.045      0.770                   0.805             0.050        1.0711                    0.0              0.045      2.9457         3.0421
5m 64    iid       500  500.395   0.0026          0.055            0.050          0.005            0.000           0.000                0.055     1.0131         1.6172       0.690      0.995                   0.905             0.045        1.0434                    0.0              0.690      2.8008         3.7892
5m 64    iid      2000 2001.140   0.0026          0.025            0.025          0.005            0.000           0.000                0.025     1.0137         0.8108       0.995      1.000                   0.995             0.025        1.0231                    0.0              0.995      2.3507         2.1769
5m 64 burst4       150  148.705   0.0026          0.045            0.050          0.020            0.000           0.000                0.215     1.0212         5.7868       0.010      0.280                   0.650             0.040        0.9625                    0.0              0.005      3.1203         2.8610
5m 64 burst4       500  495.385   0.0026          0.065            0.065          0.005            0.000           0.000                0.215     1.1157         3.2269       0.070      0.695                   0.735             0.035        1.0778                    0.0              0.070      3.6713         4.8488
5m 64 burst4      2000 1997.665   0.0026          0.065            0.075          0.010            0.000           0.000                0.225     1.0422         1.6027       0.690      1.000                   0.900             0.085        1.0675                    0.0              0.690      2.5868         3.2186
saved out/ctl_a/controls_is_5m.csv 485s
[timed] start=2026-09-29T11:57:16.179909Z end=2026-09-29T12:05:23.571288Z wall_s=487.4 user_s=374.1 sys_s=1.2 maxrss_MB=510 rc=0
