loaded 7 coins: BTCUSD:315648 2021-07-01..2024-06-30 23:55 gaps=0 misaligned=0, ETHUSD:315648 2021-07-01..2024-06-30 23:55 gaps=0 misaligned=0, SOLUSD:289148 2021-10-01..2024-06-30 23:55 gaps=4 misaligned=0, XRPUSD:315356 2021-07-01..2024-06-30 23:55 gaps=282 misaligned=0, DOGEUSD:306719 2021-08-01..2024-06-30 23:55 gaps=1 misaligned=0, LTCUSD:315647 2021-07-01..2024-06-30 23:55 gaps=1 misaligned=0, BCHUSD:315603 2021-07-01..2024-06-30 23:55 gaps=31 misaligned=0
  5m BTCUSD S2_ST_ROC          bars=315648 sig=27729 2.1s
  5m BTCUSD N01_ST_EMA         bars=315648 sig=10343 1.8s
  5m BTCUSD N03_ADX_GC         bars=315648 sig=308 0.1s
  5m BTCUSD N07_ICHI_CMO       bars=315648 sig=3861 0.1s
  5m BTCUSD N09_ALLIG_AROON    bars=315648 sig=4217 0.3s
  5m BTCUSD N10_HA_PSAR        bars=315648 sig=8264 0.6s
  5m BTCUSD N14_ICHI_RSI       bars=315648 sig=1 0.1s
  5m BTCUSD N17_KC_RSI         bars=315648 sig=30800 0.1s
  5m BTCUSD N21_ST_RSI_ADX     bars=315648 sig=0 2.2s
  5m BTCUSD N24_DMI            bars=315648 sig=12647 0.1s
  5m BTCUSD S1_EMA_RSI_CHOP    bars=315648 sig=62 0.3s
  5m BTCUSD S3_CMO_SANDWICH    bars=315648 sig=2474 0.3s
  5m BTCUSD N05_PSAR_POC       bars=315648 sig=2987 18.6s
  5m BTCUSD N11_BREAKAWAY      bars=315648 sig=88 0.1s
  5m BTCUSD N20_EMA9_CHOP      bars=315648 sig=13473 0.2s
  5m BTCUSD V39_ALL            bars=315648 sig=10352 18.5s
  5m BTCUSD OBV_S              bars=315648 sig=3952 2.8s
  5m BTCUSD V45_AMB            bars=315648 sig=4522 12.3s
  5m BTCUSD DOGE_L             bars=315648 sig=1087 1.1s
  5m ETHUSD S2_ST_ROC          bars=315648 sig=27182 1.8s
  5m ETHUSD N01_ST_EMA         bars=315648 sig=10120 1.8s
  5m ETHUSD N03_ADX_GC         bars=315648 sig=293 0.2s
  5m ETHUSD N07_ICHI_CMO       bars=315648 sig=3845 0.1s
  5m ETHUSD N09_ALLIG_AROON    bars=315648 sig=4088 0.7s
  5m ETHUSD N10_HA_PSAR        bars=315648 sig=9728 0.6s
  5m ETHUSD N14_ICHI_RSI       bars=315648 sig=1 0.2s
  5m ETHUSD N17_KC_RSI         bars=315648 sig=34657 0.1s
  5m ETHUSD N21_ST_RSI_ADX     bars=315648 sig=0 2.5s
  5m ETHUSD N24_DMI            bars=315648 sig=12336 0.1s
  5m ETHUSD S1_EMA_RSI_CHOP    bars=315648 sig=48 0.2s
  5m ETHUSD S3_CMO_SANDWICH    bars=315648 sig=2432 0.3s
  5m ETHUSD N05_PSAR_POC       bars=315648 sig=2703 17.6s
  5m ETHUSD N11_BREAKAWAY      bars=315648 sig=95 0.1s
  5m ETHUSD N20_EMA9_CHOP      bars=315648 sig=13085 0.1s
  5m ETHUSD V39_ALL            bars=315648 sig=10787 19.2s
  5m ETHUSD OBV_S              bars=315648 sig=3719 3.0s
  5m ETHUSD V45_AMB            bars=315648 sig=4393 14.1s
  5m ETHUSD DOGE_L             bars=315648 sig=1219 1.0s
  5m SOLUSD S2_ST_ROC          bars=289148 sig=24366 2.5s
  5m SOLUSD N01_ST_EMA         bars=289148 sig=8868 1.4s
  5m SOLUSD N03_ADX_GC         bars=289148 sig=284 0.2s
  5m SOLUSD N07_ICHI_CMO       bars=289148 sig=3433 0.1s
  5m SOLUSD N09_ALLIG_AROON    bars=289148 sig=3603 0.2s
  5m SOLUSD N10_HA_PSAR        bars=289148 sig=11796 0.6s
  5m SOLUSD N14_ICHI_RSI       bars=289148 sig=0 0.1s
  5m SOLUSD N17_KC_RSI         bars=289148 sig=32221 0.1s
  5m SOLUSD N21_ST_RSI_ADX     bars=289148 sig=0 1.8s
  5m SOLUSD N24_DMI            bars=289148 sig=12157 0.1s
  5m SOLUSD S1_EMA_RSI_CHOP    bars=289148 sig=27 0.2s
  5m SOLUSD S3_CMO_SANDWICH    bars=289148 sig=1901 0.1s
  5m SOLUSD N05_PSAR_POC       bars=289148 sig=1916 15.0s
  5m SOLUSD N11_BREAKAWAY      bars=289148 sig=127 0.1s
  5m SOLUSD N20_EMA9_CHOP      bars=289148 sig=12982 0.1s
  5m SOLUSD V39_ALL            bars=289148 sig=9192 15.0s
  5m SOLUSD OBV_S              bars=289148 sig=3143 3.9s
  5m SOLUSD V45_AMB            bars=289148 sig=4172 18.7s
  5m SOLUSD DOGE_L             bars=289148 sig=1278 1.0s
  5m XRPUSD S2_ST_ROC          bars=315356 sig=27794 3.3s
  5m XRPUSD N01_ST_EMA         bars=315356 sig=9839 2.3s
  5m XRPUSD N03_ADX_GC         bars=315356 sig=326 0.2s
  5m XRPUSD N07_ICHI_CMO       bars=315356 sig=3767 0.2s
  5m XRPUSD N09_ALLIG_AROON    bars=315356 sig=4083 0.7s
  5m XRPUSD N10_HA_PSAR        bars=315356 sig=15169 0.8s
  5m XRPUSD N14_ICHI_RSI       bars=315356 sig=0 0.2s
  5m XRPUSD N17_KC_RSI         bars=315356 sig=30161 0.2s
  5m XRPUSD N21_ST_RSI_ADX     bars=315356 sig=0 2.8s
  5m XRPUSD N24_DMI            bars=315356 sig=13491 0.1s
  5m XRPUSD S1_EMA_RSI_CHOP    bars=315356 sig=27 0.4s
  5m XRPUSD S3_CMO_SANDWICH    bars=315356 sig=2161 0.3s
  5m XRPUSD N05_PSAR_POC       bars=315356 sig=2082 24.4s
  5m XRPUSD N11_BREAKAWAY      bars=315356 sig=125 0.2s
  5m XRPUSD N20_EMA9_CHOP      bars=315356 sig=14910 0.3s
  5m XRPUSD V39_ALL            bars=315356 sig=9308 24.6s
  5m XRPUSD OBV_S              bars=315356 sig=3864 3.7s
  5m XRPUSD V45_AMB            bars=315356 sig=4849 11.0s
  5m XRPUSD DOGE_L             bars=315356 sig=1298 1.3s
  5m DOGEUSD S2_ST_ROC          bars=306719 sig=26500 2.2s
  5m DOGEUSD N01_ST_EMA         bars=306719 sig=9787 2.4s
  5m DOGEUSD N03_ADX_GC         bars=306719 sig=334 0.2s
  5m DOGEUSD N07_ICHI_CMO       bars=306719 sig=3914 0.3s
  5m DOGEUSD N09_ALLIG_AROON    bars=306719 sig=4135 0.5s
  5m DOGEUSD N10_HA_PSAR        bars=306719 sig=11725 0.9s
  5m DOGEUSD N14_ICHI_RSI       bars=306719 sig=0 0.2s
  5m DOGEUSD N17_KC_RSI         bars=306719 sig=29743 0.2s
  5m DOGEUSD N21_ST_RSI_ADX     bars=306719 sig=0 2.9s
  5m DOGEUSD N24_DMI            bars=306719 sig=12659 0.1s
  5m DOGEUSD S1_EMA_RSI_CHOP    bars=306719 sig=26 0.4s
  5m DOGEUSD S3_CMO_SANDWICH    bars=306719 sig=2122 0.2s
  5m DOGEUSD N05_PSAR_POC       bars=306719 sig=2078 25.0s
  5m DOGEUSD N11_BREAKAWAY      bars=306719 sig=105 0.2s
  5m DOGEUSD N20_EMA9_CHOP      bars=306719 sig=13785 0.3s
  5m DOGEUSD V39_ALL            bars=306719 sig=10018 24.6s
  5m DOGEUSD OBV_S              bars=306719 sig=3715 6.8s
  5m DOGEUSD V45_AMB            bars=306719 sig=4688 21.4s
  5m DOGEUSD DOGE_L             bars=306719 sig=1237 2.0s
  5m LTCUSD S2_ST_ROC          bars=315647 sig=27233 3.6s
  5m LTCUSD N01_ST_EMA         bars=315647 sig=9954 3.1s
  5m LTCUSD N03_ADX_GC         bars=315647 sig=337 0.2s
  5m LTCUSD N07_ICHI_CMO       bars=315647 sig=3739 0.2s
  5m LTCUSD N09_ALLIG_AROON    bars=315647 sig=4262 0.5s
  5m LTCUSD N10_HA_PSAR        bars=315647 sig=12326 1.3s
  5m LTCUSD N14_ICHI_RSI       bars=315647 sig=1 0.3s
  5m LTCUSD N17_KC_RSI         bars=315647 sig=33806 0.3s
  5m LTCUSD N21_ST_RSI_ADX     bars=315647 sig=0 2.8s
  5m LTCUSD N24_DMI            bars=315647 sig=13493 0.1s
  5m LTCUSD S1_EMA_RSI_CHOP    bars=315647 sig=28 0.4s
  5m LTCUSD S3_CMO_SANDWICH    bars=315647 sig=2234 0.2s
  5m LTCUSD N05_PSAR_POC       bars=315647 sig=2196 15.0s
  5m LTCUSD N11_BREAKAWAY      bars=315647 sig=103 0.2s
  5m LTCUSD N20_EMA9_CHOP      bars=315647 sig=14523 0.3s
  5m LTCUSD V39_ALL            bars=315647 sig=10202 23.9s
  5m LTCUSD OBV_S              bars=315647 sig=3801 4.3s
  5m LTCUSD V45_AMB            bars=315647 sig=4664 21.8s
  5m LTCUSD DOGE_L             bars=315647 sig=1303 1.2s
  5m BCHUSD S2_ST_ROC          bars=315603 sig=27389 2.9s
  5m BCHUSD N01_ST_EMA         bars=315603 sig=9543 3.7s
  5m BCHUSD N03_ADX_GC         bars=315603 sig=340 0.3s
  5m BCHUSD N07_ICHI_CMO       bars=315603 sig=3607 0.3s
  5m BCHUSD N09_ALLIG_AROON    bars=315603 sig=4232 0.8s
  5m BCHUSD N10_HA_PSAR        bars=315603 sig=16265 1.3s
  5m BCHUSD N14_ICHI_RSI       bars=315603 sig=0 0.4s
  5m BCHUSD N17_KC_RSI         bars=315603 sig=37505 0.3s
  5m BCHUSD N21_ST_RSI_ADX     bars=315603 sig=0 4.4s
  5m BCHUSD N24_DMI            bars=315603 sig=14017 0.3s
  5m BCHUSD S1_EMA_RSI_CHOP    bars=315603 sig=50 0.5s
  5m BCHUSD S3_CMO_SANDWICH    bars=315603 sig=2077 0.3s
  5m BCHUSD N05_PSAR_POC       bars=315603 sig=1904 29.3s
  5m BCHUSD N11_BREAKAWAY      bars=315603 sig=159 0.1s
  5m BCHUSD N20_EMA9_CHOP      bars=315603 sig=15138 0.2s
  5m BCHUSD V39_ALL            bars=315603 sig=8999 24.3s
  5m BCHUSD OBV_S              bars=315603 sig=3844 4.4s
  5m BCHUSD V45_AMB            bars=315603 sig=4278 23.0s
  5m BCHUSD DOGE_L             bars=315603 sig=1470 1.6s
signals 539s, gate 81s -> out/gate_is_5m_sub328232f2.csv (57 rows)
[timed] start=2026-09-29T11:46:23.249943Z end=2026-09-29T11:56:44.905251Z wall_s=621.7 user_s=352.6 sys_s=4.4 maxrss_MB=531 rc=0
