loaded 7 coins: BTCUSD:315648 2021-07-01..2024-06-30 23:55 gaps=0 misaligned=0, ETHUSD:315648 2021-07-01..2024-06-30 23:55 gaps=0 misaligned=0, SOLUSD:289148 2021-10-01..2024-06-30 23:55 gaps=4 misaligned=0, XRPUSD:315356 2021-07-01..2024-06-30 23:55 gaps=282 misaligned=0, DOGEUSD:306719 2021-08-01..2024-06-30 23:55 gaps=1 misaligned=0, LTCUSD:315647 2021-07-01..2024-06-30 23:55 gaps=1 misaligned=0, BCHUSD:315603 2021-07-01..2024-06-30 23:55 gaps=31 misaligned=0
  5m BTCUSD S5_DONCHIAN_MFI    bars=315648 sig=577 0.1s
  5m BTCUSD S6_EMA_DMI_ADX     bars=315648 sig=2445 0.1s
  5m BTCUSD N02_ST_KST         bars=315648 sig=8602 2.4s
  5m BTCUSD N08_ICHI_WR        bars=315648 sig=539 0.1s
  5m BTCUSD N12_ICHI_AO        bars=315648 sig=4307 0.1s
  5m BTCUSD N18_VWMA_MACD      bars=315648 sig=30255 0.1s
  5m BTCUSD N22_VORTEX_PSAR    bars=315648 sig=22732 0.3s
  5m BTCUSD N23_HA_ST          bars=315648 sig=26547 2.2s
  5m BTCUSD N25_DST_CCI        bars=315648 sig=14839 4.7s
  5m BTCUSD S4_BB_BBP          bars=315648 sig=9539 0.3s
  5m BTCUSD N04_ST_KLINGER     bars=315648 sig=26823 2.1s
  5m BTCUSD N06_MACD_ORB       bars=315648 sig=1375 0.2s
  5m BTCUSD N13_3OUTSIDE       bars=315648 sig=1869 0.1s
  5m BTCUSD N15_KC_AO          bars=315648 sig=26 0.2s
  5m BTCUSD N16_BBRSI          bars=315648 sig=3734 48.0s
  5m BTCUSD N19_FIB_CHOP       bars=315648 sig=1983 0.2s
  5m BTCUSD OBV_B              bars=315648 sig=10572 2.1s
  5m BTCUSD DOGE_S             bars=315648 sig=959 1.0s
  5m ETHUSD S5_DONCHIAN_MFI    bars=315648 sig=633 0.2s
  5m ETHUSD S6_EMA_DMI_ADX     bars=315648 sig=2190 0.2s
  5m ETHUSD N02_ST_KST         bars=315648 sig=8395 1.9s
  5m ETHUSD N08_ICHI_WR        bars=315648 sig=519 0.1s
  5m ETHUSD N12_ICHI_AO        bars=315648 sig=4391 0.1s
  5m ETHUSD N18_VWMA_MACD      bars=315648 sig=29647 0.2s
  5m ETHUSD N22_VORTEX_PSAR    bars=315648 sig=23002 0.5s
  5m ETHUSD N23_HA_ST          bars=315648 sig=29827 2.5s
  5m ETHUSD N25_DST_CCI        bars=315648 sig=14692 4.3s
  5m ETHUSD S4_BB_BBP          bars=315648 sig=9694 0.5s
  5m ETHUSD N04_ST_KLINGER     bars=315648 sig=27199 1.9s
  5m ETHUSD N06_MACD_ORB       bars=315648 sig=1199 0.1s
  5m ETHUSD N13_3OUTSIDE       bars=315648 sig=2228 0.1s
  5m ETHUSD N15_KC_AO          bars=315648 sig=27 0.1s
  5m ETHUSD N16_BBRSI          bars=315648 sig=3660 49.3s
  5m ETHUSD N19_FIB_CHOP       bars=315648 sig=2053 0.2s
  5m ETHUSD OBV_B              bars=315648 sig=10365 2.8s
  5m ETHUSD DOGE_S             bars=315648 sig=1117 0.7s
  5m SOLUSD S5_DONCHIAN_MFI    bars=289148 sig=724 0.1s
  5m SOLUSD S6_EMA_DMI_ADX     bars=289148 sig=1999 0.2s
  5m SOLUSD N02_ST_KST         bars=289148 sig=7638 1.4s
  5m SOLUSD N08_ICHI_WR        bars=289148 sig=449 0.1s
  5m SOLUSD N12_ICHI_AO        bars=289148 sig=3996 0.2s
  5m SOLUSD N18_VWMA_MACD      bars=289148 sig=27502 0.1s
  5m SOLUSD N22_VORTEX_PSAR    bars=289148 sig=20930 0.3s
  5m SOLUSD N23_HA_ST          bars=289148 sig=31573 1.7s
  5m SOLUSD N25_DST_CCI        bars=289148 sig=12922 4.0s
  5m SOLUSD S4_BB_BBP          bars=289148 sig=8955 0.3s
  5m SOLUSD N04_ST_KLINGER     bars=289148 sig=23979 1.7s
  5m SOLUSD N06_MACD_ORB       bars=289148 sig=1066 0.1s
  5m SOLUSD N13_3OUTSIDE       bars=289148 sig=2231 0.1s
  5m SOLUSD N15_KC_AO          bars=289148 sig=9 0.2s
  5m SOLUSD N16_BBRSI          bars=289148 sig=2916 46.3s
  5m SOLUSD N19_FIB_CHOP       bars=289148 sig=1929 0.4s
  5m SOLUSD OBV_B              bars=289148 sig=9187 3.3s
  5m SOLUSD DOGE_S             bars=289148 sig=1264 1.0s
  5m XRPUSD S5_DONCHIAN_MFI    bars=315356 sig=1755 0.1s
  5m XRPUSD S6_EMA_DMI_ADX     bars=315356 sig=2144 0.2s
  5m XRPUSD N02_ST_KST         bars=315356 sig=8380 2.7s
  5m XRPUSD N08_ICHI_WR        bars=315356 sig=565 0.2s
  5m XRPUSD N12_ICHI_AO        bars=315356 sig=4273 0.2s
  5m XRPUSD N18_VWMA_MACD      bars=315356 sig=30858 0.1s
  5m XRPUSD N22_VORTEX_PSAR    bars=315356 sig=22686 0.4s
  5m XRPUSD N23_HA_ST          bars=315356 sig=35512 3.3s
  5m XRPUSD N25_DST_CCI        bars=315356 sig=15023 5.2s
  5m XRPUSD S4_BB_BBP          bars=315356 sig=9767 0.2s
  5m XRPUSD N04_ST_KLINGER     bars=315356 sig=23098 2.9s
  5m XRPUSD N06_MACD_ORB       bars=315356 sig=1179 0.1s
  5m XRPUSD N13_3OUTSIDE       bars=315356 sig=2307 0.1s
  5m XRPUSD N15_KC_AO          bars=315356 sig=18 0.2s
  5m XRPUSD N16_BBRSI          bars=315356 sig=3211 56.8s
  5m XRPUSD N19_FIB_CHOP       bars=315356 sig=2534 0.4s
  5m XRPUSD OBV_B              bars=315356 sig=9403 4.3s
  5m XRPUSD DOGE_S             bars=315356 sig=1307 1.6s
  5m DOGEUSD S5_DONCHIAN_MFI    bars=306719 sig=818 0.2s
  5m DOGEUSD S6_EMA_DMI_ADX     bars=306719 sig=1818 0.2s
  5m DOGEUSD N02_ST_KST         bars=306719 sig=8340 2.2s
  5m DOGEUSD N08_ICHI_WR        bars=306719 sig=543 0.1s
  5m DOGEUSD N12_ICHI_AO        bars=306719 sig=4279 0.1s
  5m DOGEUSD N18_VWMA_MACD      bars=306719 sig=29653 0.2s
  5m DOGEUSD N22_VORTEX_PSAR    bars=306719 sig=22672 0.9s
  5m DOGEUSD N23_HA_ST          bars=306719 sig=32137 3.5s
  5m DOGEUSD N25_DST_CCI        bars=306719 sig=14784 6.3s
  5m DOGEUSD S4_BB_BBP          bars=306719 sig=9458 0.6s
  5m DOGEUSD N04_ST_KLINGER     bars=306719 sig=24711 2.2s
  5m DOGEUSD N06_MACD_ORB       bars=306719 sig=1187 0.2s
  5m DOGEUSD N13_3OUTSIDE       bars=306719 sig=2137 0.2s
  5m DOGEUSD N15_KC_AO          bars=306719 sig=15 0.2s
  5m DOGEUSD N16_BBRSI          bars=306719 sig=3048 73.0s
  5m DOGEUSD N19_FIB_CHOP       bars=306719 sig=2456 0.6s
  5m DOGEUSD OBV_B              bars=306719 sig=9812 2.9s
  5m DOGEUSD DOGE_S             bars=306719 sig=1254 1.5s
  5m LTCUSD S5_DONCHIAN_MFI    bars=315647 sig=880 0.2s
  5m LTCUSD S6_EMA_DMI_ADX     bars=315647 sig=2122 0.2s
  5m LTCUSD N02_ST_KST         bars=315647 sig=8307 2.4s
  5m LTCUSD N08_ICHI_WR        bars=315647 sig=507 0.1s
  5m LTCUSD N12_ICHI_AO        bars=315647 sig=4250 0.1s
  5m LTCUSD N18_VWMA_MACD      bars=315647 sig=30033 0.1s
  5m LTCUSD N22_VORTEX_PSAR    bars=315647 sig=23066 0.3s
  5m LTCUSD N23_HA_ST          bars=315647 sig=33266 1.6s
  5m LTCUSD N25_DST_CCI        bars=315647 sig=14970 3.8s
  5m LTCUSD S4_BB_BBP          bars=315647 sig=9719 0.3s
  5m LTCUSD N04_ST_KLINGER     bars=315647 sig=26236 1.5s
  5m LTCUSD N06_MACD_ORB       bars=315647 sig=1226 0.1s
  5m LTCUSD N13_3OUTSIDE       bars=315647 sig=2482 0.1s
  5m LTCUSD N15_KC_AO          bars=315647 sig=20 0.1s
  5m LTCUSD N16_BBRSI          bars=315647 sig=3414 83.1s
  5m LTCUSD N19_FIB_CHOP       bars=315647 sig=2150 0.5s
  5m LTCUSD OBV_B              bars=315647 sig=10135 6.2s
  5m LTCUSD DOGE_S             bars=315647 sig=1270 2.2s
  5m BCHUSD S5_DONCHIAN_MFI    bars=315603 sig=1507 0.1s
  5m BCHUSD S6_EMA_DMI_ADX     bars=315603 sig=2320 0.3s
  5m BCHUSD N02_ST_KST         bars=315603 sig=8054 3.1s
  5m BCHUSD N08_ICHI_WR        bars=315603 sig=636 0.1s
  5m BCHUSD N12_ICHI_AO        bars=315603 sig=4306 0.1s
  5m BCHUSD N18_VWMA_MACD      bars=315603 sig=29373 0.1s
  5m BCHUSD N22_VORTEX_PSAR    bars=315603 sig=22476 0.3s
  5m BCHUSD N23_HA_ST          bars=315603 sig=37826 1.3s
  5m BCHUSD N25_DST_CCI        bars=315603 sig=13806 2.5s
  5m BCHUSD S4_BB_BBP          bars=315603 sig=9533 0.2s
  5m BCHUSD N04_ST_KLINGER     bars=315603 sig=24604 1.9s
  5m BCHUSD N06_MACD_ORB       bars=315603 sig=1045 0.3s
  5m BCHUSD N13_3OUTSIDE       bars=315603 sig=2607 0.2s
  5m BCHUSD N15_KC_AO          bars=315603 sig=26 0.3s
  5m BCHUSD N16_BBRSI          bars=315603 sig=3591 71.5s
  5m BCHUSD N19_FIB_CHOP       bars=315603 sig=2725 0.4s
  5m BCHUSD OBV_B              bars=315603 sig=9401 3.6s
  5m BCHUSD DOGE_S             bars=315603 sig=1485 1.0s
signals 564s, gate 70s -> out/gate_is_5m_sube97da1be.csv (54 rows)
[timed] start=2026-09-29T11:46:23.307393Z end=2026-09-29T11:56:59.196957Z wall_s=635.9 user_s=367.0 sys_s=4.7 maxrss_MB=532 rc=0
